Archive member included because of file (symbol)

/usr/lib/gcc/avr/4.5.3/avr5/libgcc.a(_mulsi3.o)
                              ./src/DuinoBotKids.v1.xx_0022/Tone.o (__mulsi3)
/usr/lib/gcc/avr/4.5.3/avr5/libgcc.a(_divmodhi4.o)
                              ./src/robotProtocol/commands/FollowLineCommand.o (__divmodhi4)
/usr/lib/gcc/avr/4.5.3/avr5/libgcc.a(_udivmodsi4.o)
                              ./src/robotProtocol/N6.o (__udivmodsi4)
/usr/lib/gcc/avr/4.5.3/avr5/libgcc.a(_divmodsi4.o)
                              ./src/DuinoBotKids.v1.xx_0022/WMath.o (__divmodsi4)
/usr/lib/gcc/avr/4.5.3/avr5/libgcc.a(_exit.o)
                              /usr/lib/gcc/avr/4.5.3/../../../avr/lib/avr5/crtm32u4.o (exit)
/usr/lib/gcc/avr/4.5.3/avr5/libgcc.a(_copy_data.o)
                              ./src/robotProtocol/messages/CommandAcceptedMessage.o (__do_copy_data)
/usr/lib/gcc/avr/4.5.3/avr5/libgcc.a(_clear_bss.o)
                              ./src/robotProtocol/messages/CommandAcceptedMessage.o (__do_clear_bss)
/usr/lib/gcc/avr/4.5.3/avr5/libgcc.a(_ctors.o)
                              ./src/robotProtocol/messages/CommandAcceptedMessage.o (__do_global_ctors)
/usr/lib/gcc/avr/4.5.3/avr5/libgcc.a(_dtors.o)
                              ./src/robotProtocol/messages/CommandAcceptedMessage.o (__do_global_dtors)
/usr/lib/gcc/avr/4.5.3/avr5/libgcc.a(_fixunssfsi.o)
                              ./src/DuinoBotKids.v1.xx_0022/Print.o (__fixunssfsi)
/usr/lib/gcc/avr/4.5.3/avr5/libgcc.a(_addsub_sf.o)
                              ./src/DuinoBotKids.v1.xx_0022/Print.o (__addsf3)
/usr/lib/gcc/avr/4.5.3/avr5/libgcc.a(_mul_sf.o)
                              ./src/DuinoBotKids.v1.xx_0022/DCMotor/DCMotor.o (__mulsf3)
/usr/lib/gcc/avr/4.5.3/avr5/libgcc.a(_div_sf.o)
                              ./src/DuinoBotKids.v1.xx_0022/DCMotor/DCMotor.o (__divsf3)
/usr/lib/gcc/avr/4.5.3/avr5/libgcc.a(_gt_sf.o)
                              ./src/robotProtocol/N6.o (__gtsf2)
/usr/lib/gcc/avr/4.5.3/avr5/libgcc.a(_ge_sf.o)
                              /usr/lib/gcc/avr/4.5.3/avr5/libgcc.a(_fixunssfsi.o) (__gesf2)
/usr/lib/gcc/avr/4.5.3/avr5/libgcc.a(_lt_sf.o)
                              ./src/robotProtocol/N6.o (__ltsf2)
/usr/lib/gcc/avr/4.5.3/avr5/libgcc.a(_si_to_sf.o)
                              ./src/robotProtocol/commands/FollowLineCommand.o (__floatsisf)
/usr/lib/gcc/avr/4.5.3/avr5/libgcc.a(_sf_to_si.o)
                              ./src/robotProtocol/N6.o (__fixsfsi)
/usr/lib/gcc/avr/4.5.3/avr5/libgcc.a(_thenan_sf.o)
                              /usr/lib/gcc/avr/4.5.3/avr5/libgcc.a(_addsub_sf.o) (__thenan_sf)
/usr/lib/gcc/avr/4.5.3/avr5/libgcc.a(_usi_to_sf.o)
                              ./src/DuinoBotKids.v1.xx_0022/Print.o (__floatunsisf)
/usr/lib/gcc/avr/4.5.3/avr5/libgcc.a(_udivmodhi4.o)
                              /usr/lib/gcc/avr/4.5.3/avr5/libgcc.a(_divmodhi4.o) (__udivmodhi4)
/usr/lib/gcc/avr/4.5.3/avr5/libgcc.a(_prologue.o)
                              /usr/lib/gcc/avr/4.5.3/avr5/libgcc.a(_addsub_sf.o) (__prologue_saves__)
/usr/lib/gcc/avr/4.5.3/avr5/libgcc.a(_epilogue.o)
                              /usr/lib/gcc/avr/4.5.3/avr5/libgcc.a(_addsub_sf.o) (__epilogue_restores__)
/usr/lib/gcc/avr/4.5.3/avr5/libgcc.a(_tablejump.o)
                              /usr/lib/gcc/avr/4.5.3/avr5/libgcc.a(_ctors.o) (__tablejump__)
/usr/lib/gcc/avr/4.5.3/avr5/libgcc.a(_clzsi2.o)
                              /usr/lib/gcc/avr/4.5.3/avr5/libgcc.a(_si_to_sf.o) (__clzsi2)
/usr/lib/gcc/avr/4.5.3/avr5/libgcc.a(_pack_sf.o)
                              /usr/lib/gcc/avr/4.5.3/avr5/libgcc.a(_addsub_sf.o) (__pack_f)
/usr/lib/gcc/avr/4.5.3/avr5/libgcc.a(_unpack_sf.o)
                              /usr/lib/gcc/avr/4.5.3/avr5/libgcc.a(_addsub_sf.o) (__unpack_f)
/usr/lib/gcc/avr/4.5.3/avr5/libgcc.a(_fpcmp_parts_sf.o)
                              /usr/lib/gcc/avr/4.5.3/avr5/libgcc.a(_gt_sf.o) (__fpcmp_parts_f)
/usr/lib/gcc/avr/4.5.3/avr5/libgcc.a(_clz.o)
                              /usr/lib/gcc/avr/4.5.3/avr5/libgcc.a(_clzsi2.o) (__clz_tab)
/usr/lib/gcc/avr/4.5.3/../../../avr/lib/avr5/libc.a(malloc.o)
                              ./src/DuinoBotKids.v1.xx_0022/CPPLib.o (malloc)
/usr/lib/gcc/avr/4.5.3/../../../avr/lib/avr5/libc.a(random.o)
                              ./src/DuinoBotKids.v1.xx_0022/WMath.o (random)
/usr/lib/gcc/avr/4.5.3/../../../avr/lib/avr5/libc.a(realloc.o)
                              ./src/DuinoBotKids.v1.xx_0022/WString.o (realloc)
/usr/lib/gcc/avr/4.5.3/../../../avr/lib/avr5/libc.a(strtol.o)
                              ./src/robotProtocol/messages/CommandAcceptedMessage.o (strtol)
/usr/lib/gcc/avr/4.5.3/../../../avr/lib/avr5/libc.a(atol.o)
                              ./src/DuinoBotKids.v1.xx_0022/WString.o (atol)
/usr/lib/gcc/avr/4.5.3/../../../avr/lib/avr5/libc.a(isspace.o)
                              ./src/DuinoBotKids.v1.xx_0022/WString.o (isspace)
/usr/lib/gcc/avr/4.5.3/../../../avr/lib/avr5/libc.a(tolower.o)
[...]
Memory Configuration

Name             Origin             Length             Attributes
text             0x0000000000000000 0x0000000000020000 xr
data             0x0000000000800060 0x000000000000ffa0 rw !x
eeprom           0x0000000000810000 0x0000000000010000 rw !x
fuse             0x0000000000820000 0x0000000000000400 rw !x
lock             0x0000000000830000 0x0000000000000400 rw !x
signature        0x0000000000840000 0x0000000000000400 rw !x
*default*        0x0000000000000000 0xffffffffffffffff

Linker script and memory map

Address of section .data set to 0x800100
LOAD /usr/lib/gcc/avr/4.5.3/../../../avr/lib/avr5/crtm32u4.o
LOAD ./src/robotProtocol/messages/CommandAcceptedMessage.o
LOAD ./src/robotProtocol/messages/CommandErrorMessage.o
LOAD ./src/robotProtocol/messages/CommunicationStartAcknowledgeMessage.o
LOAD ./src/robotProtocol/messages/CommunicationStartMessage.o
LOAD ./src/robotProtocol/messages/CommunicationStopMessage.o
LOAD ./src/robotProtocol/messages/DestinationReachedMessage.o
LOAD ./src/robotProtocol/messages/FollowLineMessage.o
LOAD ./src/robotProtocol/messages/KeepAliveMessage.o
LOAD ./src/robotProtocol/messages/ReadIRSensorsMessage.o
LOAD ./src/robotProtocol/messages/ReadIRSensorsReplyMessage.o
LOAD ./src/robotProtocol/messages/ReadUSSensorMessage.o
LOAD ./src/robotProtocol/messages/ReadUSSensorReplyMessage.o
LOAD ./src/robotProtocol/messages/ReusableMessageProxy.o
LOAD ./src/robotProtocol/messages/RobotLostMessage.o
LOAD ./src/robotProtocol/messages/RobotStatusMessage.o
LOAD ./src/robotProtocol/messages/SetMotorSpeedMessage.o
LOAD ./src/robotProtocol/messages/TurnAroundMessage.o
LOAD ./src/robotProtocol/messages/TurnLeftMessage.o
LOAD ./src/robotProtocol/messages/TurnRightMessage.o
LOAD ./src/robotProtocol/commands/FollowLineCommand.o
LOAD ./src/robotProtocol/commands/ReadIRSensorsCommand.o
LOAD ./src/robotProtocol/commands/ReadUSSensorCommand.o
LOAD ./src/robotProtocol/commands/SendKeepAliveCommand.o
LOAD ./src/robotProtocol/commands/SetMotorSpeedCommand.o
LOAD ./src/robotProtocol/commands/TurnCommand.o
LOAD ./src/robotProtocol/Command.o
LOAD ./src/robotProtocol/Message.o
LOAD ./src/robotProtocol/MessageManager.o
LOAD ./src/robotProtocol/MessageReceiver.o
LOAD ./src/robotProtocol/MessageSender.o
LOAD ./src/robotProtocol/N6.o
LOAD ./src/robotProtocol/SerialSenderReceiver.o
LOAD ./src/DuinoBotKids.v1.xx_0022/LUFA/Drivers/USB/LowLevel/Device.o
LOAD ./src/DuinoBotKids.v1.xx_0022/LUFA/Drivers/USB/LowLevel/Endpoint.o
LOAD ./src/DuinoBotKids.v1.xx_0022/LUFA/Drivers/USB/LowLevel/Host.o
LOAD ./src/DuinoBotKids.v1.xx_0022/LUFA/Drivers/USB/LowLevel/Pipe.o
LOAD ./src/DuinoBotKids.v1.xx_0022/LUFA/Drivers/USB/LowLevel/USBController.o
LOAD ./src/DuinoBotKids.v1.xx_0022/LUFA/Drivers/USB/LowLevel/USBInterrupt.o
LOAD ./src/DuinoBotKids.v1.xx_0022/LUFA/Drivers/USB/HighLevel/ConfigDescriptor.o
LOAD ./src/DuinoBotKids.v1.xx_0022/LUFA/Drivers/USB/HighLevel/DeviceStandardReq.o
LOAD ./src/DuinoBotKids.v1.xx_0022/LUFA/Drivers/USB/HighLevel/EndpointStream.o
LOAD ./src/DuinoBotKids.v1.xx_0022/LUFA/Drivers/USB/HighLevel/Events.o
LOAD ./src/DuinoBotKids.v1.xx_0022/LUFA/Drivers/USB/HighLevel/HostStandardReq.o
LOAD ./src/DuinoBotKids.v1.xx_0022/LUFA/Drivers/USB/HighLevel/PipeStream.o
LOAD ./src/DuinoBotKids.v1.xx_0022/LUFA/Drivers/USB/HighLevel/USBTask.o
LOAD ./src/DuinoBotKids.v1.xx_0022/LUFA/Drivers/USB/Class/Device/CDC.o
LOAD ./src/DuinoBotKids.v1.xx_0022/DCMotor/DCMotor.o
LOAD ./src/DuinoBotKids.v1.xx_0022/CDCSerial.o
LOAD ./src/DuinoBotKids.v1.xx_0022/CPPLib.o
LOAD ./src/DuinoBotKids.v1.xx_0022/Descriptors.o
LOAD ./src/DuinoBotKids.v1.xx_0022/HardwareSerial.o
LOAD ./src/DuinoBotKids.v1.xx_0022/Print.o
LOAD ./src/DuinoBotKids.v1.xx_0022/Tone.o
LOAD ./src/DuinoBotKids.v1.xx_0022/VirtualSerial.o
LOAD ./src/DuinoBotKids.v1.xx_0022/WInterrupts.o
LOAD ./src/DuinoBotKids.v1.xx_0022/WMath.o
LOAD ./src/DuinoBotKids.v1.xx_0022/WString.o
LOAD ./src/DuinoBotKids.v1.xx_0022/pins_arduino.o
LOAD ./src/DuinoBotKids.v1.xx_0022/wiring.o
LOAD ./src/DuinoBotKids.v1.xx_0022/wiring_analog.o
LOAD ./src/DuinoBotKids.v1.xx_0022/wiring_digital.o
LOAD ./src/DuinoBotKids.v1.xx_0022/wiring_pulse.o
LOAD ./src/DuinoBotKids.v1.xx_0022/wiring_shift.o
LOAD ./src/main.o
LOAD /usr/lib/gcc/avr/4.5.3/avr5/libgcc.a
LOAD /usr/lib/gcc/avr/4.5.3/../../../avr/lib/avr5/libm.a
LOAD /usr/lib/gcc/avr/4.5.3/../../../avr/lib/avr5/libc.a
LOAD /usr/lib/gcc/avr/4.5.3/avr5/libgcc.a
LOAD /usr/lib/gcc/avr/4.5.3/../../../avr/lib/avr5/libc.a
LOAD /usr/lib/gcc/avr/4.5.3/avr5/libgcc.a

.hash
 *(.hash)

.dynsym
 *(.dynsym)

.dynstr
 *(.dynstr)

.gnu.version
 *(.gnu.version)

.gnu.version_d
 *(.gnu.version_d)

.gnu.version_r
 *(.gnu.version_r)

.rel.init
 *(.rel.init)

.rela.init
 *(.rela.init)

.rel.text
 *(.rel.text)
 *(.rel.text.*)
 *(.rel.gnu.linkonce.t*)

.rela.text
 *(.rela.text)
 *(.rela.text.*)
 *(.rela.gnu.linkonce.t*)

.rel.fini
 *(.rel.fini)

.rela.fini
 *(.rela.fini)

.rel.rodata
 *(.rel.rodata)
 *(.rel.rodata.*)
 *(.rel.gnu.linkonce.r*)

.rela.rodata
 *(.rela.rodata)
 *(.rela.rodata.*)
 *(.rela.gnu.linkonce.r*)

.rel.data
 *(.rel.data)
 *(.rel.data.*)
 *(.rel.gnu.linkonce.d*)

.rela.data
 *(.rela.data)
 *(.rela.data.*)
 *(.rela.gnu.linkonce.d*)

.rel.ctors
 *(.rel.ctors)

.rela.ctors
 *(.rela.ctors)

.rel.dtors
 *(.rel.dtors)

.rela.dtors
 *(.rela.dtors)

.rel.got
 *(.rel.got)

.rela.got
 *(.rela.got)

.rel.bss
 *(.rel.bss)

.rela.bss
 *(.rela.bss)

.rel.plt
 *(.rel.plt)

.rela.plt
 *(.rela.plt)

.text           0x0000000000000000     0x6476
 *(.vectors)
 .vectors       0x0000000000000000       0xac /usr/lib/gcc/avr/4.5.3/../../../avr/lib/avr5/crtm32u4.o
                0x0000000000000000                __vectors
                0x0000000000000000                __vector_default
 *(.vectors)
 *(.progmem.gcc*)
 *(.progmem*)
 .progmem.data  0x00000000000000ac       0x7c ./src/DuinoBotKids.v1.xx_0022/Descriptors.o
                0x00000000000000ac                DeviceDescriptor
                0x00000000000000be                ConfigurationDescriptor
                0x00000000000000fc                LanguageString
                0x0000000000000100                ProductString
 .progmem.tone  0x0000000000000128        0x1 ./src/DuinoBotKids.v1.xx_0022/Tone.o
 .progmem.data  0x0000000000000129       0x91 ./src/DuinoBotKids.v1.xx_0022/pins_arduino.o
                0x0000000000000129                port_to_mode_PGM
                0x0000000000000137                port_to_output_PGM
                0x0000000000000145                port_to_input_PGM
                0x0000000000000153                digital_pin_to_port_PGM
                0x000000000000016d                digital_pin_to_bit_mask_PGM
                0x0000000000000187                digital_pin_to_timer_PGM
                0x00000000000001a1                analog_pin_to_adc_channel_PGM
                0x00000000000001a9                analog_channel_to_adc_mux_PGM
                0x00000000000001ba                . = ALIGN (0x2)
                0x00000000000001ba                __trampolines_start = .
 *(.trampolines)
 .trampolines   0x00000000000001ba        0x0 linker stubs
 *(.trampolines*)
                0x00000000000001ba                __trampolines_end = .
 *(.jumptables)
 *(.jumptables*)
 *(.lowtext)
 *(.lowtext*)
                0x00000000000001ba                __ctors_start = .
 *(.ctors)
 .ctors         0x00000000000001ba        0x2 ./src/robotProtocol/messages/CommandAcceptedMessage.o
 .ctors         0x00000000000001bc        0x2 ./src/robotProtocol/messages/CommandErrorMessage.o
 .ctors         0x00000000000001be        0x2 ./src/robotProtocol/messages/CommunicationStartAcknowledgeMessage.o
 .ctors         0x00000000000001c0        0x2 ./src/robotProtocol/messages/CommunicationStartMessage.o
 .ctors         0x00000000000001c2        0x2 ./src/robotProtocol/messages/CommunicationStopMessage.o
 .ctors         0x00000000000001c4        0x2 ./src/robotProtocol/messages/DestinationReachedMessage.o
 .ctors         0x00000000000001c6        0x2 ./src/robotProtocol/messages/FollowLineMessage.o
 .ctors         0x00000000000001c8        0x2 ./src/robotProtocol/messages/KeepAliveMessage.o
 .ctors         0x00000000000001ca        0x2 ./src/robotProtocol/messages/ReadIRSensorsMessage.o
 .ctors         0x00000000000001cc        0x2 ./src/robotProtocol/messages/ReadIRSensorsReplyMessage.o
 .ctors         0x00000000000001ce        0x2 ./src/robotProtocol/messages/ReadUSSensorMessage.o
 .ctors         0x00000000000001d0        0x2 ./src/robotProtocol/messages/ReadUSSensorReplyMessage.o
 .ctors         0x00000000000001d2        0x2 ./src/robotProtocol/messages/ReusableMessageProxy.o
 .ctors         0x00000000000001d4        0x2 ./src/robotProtocol/messages/RobotLostMessage.o
 .ctors         0x00000000000001d6        0x2 ./src/robotProtocol/messages/RobotStatusMessage.o
 .ctors         0x00000000000001d8        0x2 ./src/robotProtocol/messages/SetMotorSpeedMessage.o
 .ctors         0x00000000000001da        0x2 ./src/robotProtocol/messages/TurnAroundMessage.o
 .ctors         0x00000000000001dc        0x2 ./src/robotProtocol/messages/TurnLeftMessage.o
 .ctors         0x00000000000001de        0x2 ./src/robotProtocol/messages/TurnRightMessage.o
 .ctors         0x00000000000001e0        0x2 ./src/robotProtocol/commands/FollowLineCommand.o
 .ctors         0x00000000000001e2        0x2 ./src/robotProtocol/commands/ReadIRSensorsCommand.o
 .ctors         0x00000000000001e4        0x2 ./src/robotProtocol/commands/ReadUSSensorCommand.o
 .ctors         0x00000000000001e6        0x2 ./src/robotProtocol/commands/SendKeepAliveCommand.o
 .ctors         0x00000000000001e8        0x2 ./src/robotProtocol/commands/SetMotorSpeedCommand.o
 .ctors         0x00000000000001ea        0x2 ./src/robotProtocol/commands/TurnCommand.o
 .ctors         0x00000000000001ec        0x2 ./src/robotProtocol/Command.o
 .ctors         0x00000000000001ee        0x2 ./src/robotProtocol/N6.o
 .ctors         0x00000000000001f0        0x2 ./src/robotProtocol/SerialSenderReceiver.o
 .ctors         0x00000000000001f2        0x2 ./src/DuinoBotKids.v1.xx_0022/DCMotor/DCMotor.o
 .ctors         0x00000000000001f4        0x2 ./src/DuinoBotKids.v1.xx_0022/CDCSerial.o
 .ctors         0x00000000000001f6        0x2 ./src/DuinoBotKids.v1.xx_0022/HardwareSerial.o
 .ctors         0x00000000000001f8        0x2 ./src/DuinoBotKids.v1.xx_0022/WString.o
 .ctors         0x00000000000001fa        0x2 ./src/main.o
                0x00000000000001fc                __ctors_end = .
                0x00000000000001fc                __dtors_start = .
 *(.dtors)
 .dtors         0x00000000000001fc        0x2 ./src/robotProtocol/messages/CommandAcceptedMessage.o
 .dtors         0x00000000000001fe        0x2 ./src/robotProtocol/messages/CommandErrorMessage.o
 .dtors         0x0000000000000200        0x2 ./src/robotProtocol/messages/CommunicationStartAcknowledgeMessage.o
 .dtors         0x0000000000000202        0x2 ./src/robotProtocol/messages/CommunicationStartMessage.o
 .dtors         0x0000000000000204        0x2 ./src/robotProtocol/messages/CommunicationStopMessage.o
 .dtors         0x0000000000000206        0x2 ./src/robotProtocol/messages/DestinationReachedMessage.o
 .dtors         0x0000000000000208        0x2 ./src/robotProtocol/messages/FollowLineMessage.o
 .dtors         0x000000000000020a        0x2 ./src/robotProtocol/messages/KeepAliveMessage.o
 .dtors         0x000000000000020c        0x2 ./src/robotProtocol/messages/ReadIRSensorsMessage.o
 .dtors         0x000000000000020e        0x2 ./src/robotProtocol/messages/ReadIRSensorsReplyMessage.o
 .dtors         0x0000000000000210        0x2 ./src/robotProtocol/messages/ReadUSSensorMessage.o
 .dtors         0x0000000000000212        0x2 ./src/robotProtocol/messages/ReadUSSensorReplyMessage.o
 .dtors         0x0000000000000214        0x2 ./src/robotProtocol/messages/ReusableMessageProxy.o
 .dtors         0x0000000000000216        0x2 ./src/robotProtocol/messages/RobotLostMessage.o
 .dtors         0x0000000000000218        0x2 ./src/robotProtocol/messages/RobotStatusMessage.o
 .dtors         0x000000000000021a        0x2 ./src/robotProtocol/messages/SetMotorSpeedMessage.o
 .dtors         0x000000000000021c        0x2 ./src/robotProtocol/messages/TurnAroundMessage.o
 .dtors         0x000000000000021e        0x2 ./src/robotProtocol/messages/TurnLeftMessage.o
 .dtors         0x0000000000000220        0x2 ./src/robotProtocol/messages/TurnRightMessage.o
                0x0000000000000222                __dtors_end = .
 SORT(*)(.ctors)
 SORT(*)(.dtors)
 *(.init0)
 .init0         0x0000000000000222        0x0 /usr/lib/gcc/avr/4.5.3/../../../avr/lib/avr5/crtm32u4.o
                0x0000000000000222                __init
 *(.init0)
 *(.init1)
 *(.init1)
 *(.init2)
 .init2         0x0000000000000222        0xc /usr/lib/gcc/avr/4.5.3/../../../avr/lib/avr5/crtm32u4.o
 *(.init2)
 *(.init3)
 *(.init3)
 *(.init4)
 .init4         0x000000000000022e       0x16 /usr/lib/gcc/avr/4.5.3/avr5/libgcc.a(_copy_data.o)
                0x000000000000022e                __do_copy_data
 .init4         0x0000000000000244       0x10 /usr/lib/gcc/avr/4.5.3/avr5/libgcc.a(_clear_bss.o)
                0x0000000000000244                __do_clear_bss
 *(.init4)
 *(.init5)
 *(.init5)
 *(.init6)
 .init6         0x0000000000000254       0x16 /usr/lib/gcc/avr/4.5.3/avr5/libgcc.a(_ctors.o)
                0x0000000000000254                __do_global_ctors
 *(.init6)
 *(.init7)
 *(.init7)
 *(.init8)
 *(.init8)
 *(.init9)
 .init9         0x000000000000026a        0x8 /usr/lib/gcc/avr/4.5.3/../../../avr/lib/avr5/crtm32u4.o
 *(.init9)
 *(.text)
 .text          0x0000000000000272        0x4 /usr/lib/gcc/avr/4.5.3/../../../avr/lib/avr5/crtm32u4.o
                0x0000000000000272                __vector_38
                0x0000000000000272                __vector_22
                0x0000000000000272                __vector_28
                0x0000000000000272                __vector_32
                0x0000000000000272                __vector_34
                0x0000000000000272                __vector_24
                0x0000000000000272                __bad_interrupt
                0x0000000000000272                __vector_6
                0x0000000000000272                __vector_31
                0x0000000000000272                __vector_35
                0x0000000000000272                __vector_39
                0x0000000000000272                __vector_30
                0x0000000000000272                __vector_11
                0x0000000000000272                __vector_13
                0x0000000000000272                __vector_19
                0x0000000000000272                __vector_7
                0x0000000000000272                __vector_41
                0x0000000000000272                __vector_27
                0x0000000000000272                __vector_5
                0x0000000000000272                __vector_33
                0x0000000000000272                __vector_37
                0x0000000000000272                __vector_9
                0x0000000000000272                __vector_15
                0x0000000000000272                __vector_36
                0x0000000000000272                __vector_29
                0x0000000000000272                __vector_40
                0x0000000000000272                __vector_8
                0x0000000000000272                __vector_26
                0x0000000000000272                __vector_14
                0x0000000000000272                __vector_16
                0x0000000000000272                __vector_18
                0x0000000000000272                __vector_20
                0x0000000000000272                __vector_42
 .text          0x0000000000000276      0x1f4 /usr/lib/gcc/avr/4.5.3/avr5/libgcc.a(_mul_sf.o)
                0x0000000000000276                __mulsf3
 .text          0x000000000000046a      0x15c /usr/lib/gcc/avr/4.5.3/avr5/libgcc.a(_div_sf.o)
                0x000000000000046a                __divsf3
 .text          0x00000000000005c6       0x60 /usr/lib/gcc/avr/4.5.3/avr5/libgcc.a(_gt_sf.o)
                0x00000000000005c6                __gtsf2
 .text          0x0000000000000626       0x60 /usr/lib/gcc/avr/4.5.3/avr5/libgcc.a(_lt_sf.o)
                0x0000000000000626                __ltsf2
 .text          0x0000000000000686       0xc0 /usr/lib/gcc/avr/4.5.3/avr5/libgcc.a(_si_to_sf.o)
                0x0000000000000686                __floatsisf
 .text          0x0000000000000746       0xa4 /usr/lib/gcc/avr/4.5.3/avr5/libgcc.a(_sf_to_si.o)
                0x0000000000000746                __fixsfsi
 .text          0x00000000000007ea       0xb4 /usr/lib/gcc/avr/4.5.3/avr5/libgcc.a(_clzsi2.o)
                0x00000000000007ea                __clzsi2
 .text          0x000000000000089e      0x19c /usr/lib/gcc/avr/4.5.3/avr5/libgcc.a(_pack_sf.o)
                0x000000000000089e                __pack_f
 .text          0x0000000000000a3a       0xd2 /usr/lib/gcc/avr/4.5.3/avr5/libgcc.a(_unpack_sf.o)
                0x0000000000000a3a                __unpack_f
 .text          0x0000000000000b0c       0xb2 /usr/lib/gcc/avr/4.5.3/avr5/libgcc.a(_fpcmp_parts_sf.o)
                0x0000000000000b0c                __fpcmp_parts_f
                0x0000000000000bbe                . = ALIGN (0x2)
 *(.text.*)
 .text._ZN13RobotProtocol22CommandAcceptedMessage9writeDataEPPc
                0x0000000000000bbe       0x5c ./src/robotProtocol/messages/CommandAcceptedMessage.o
                0x0000000000000bbe                _ZN13RobotProtocol22CommandAcceptedMessage9writeDataEPPc
 .text._ZN13RobotProtocol22CommandAcceptedMessage8readDataEPPc
                0x0000000000000c1a       0x70 ./src/robotProtocol/messages/CommandAcceptedMessage.o
                0x0000000000000c1a                _ZN13RobotProtocol22CommandAcceptedMessage8readDataEPPc
 .text._ZN13RobotProtocol22CommandAcceptedMessage16getMessageLengthEv
                0x0000000000000c8a        0xe ./src/robotProtocol/messages/CommandAcceptedMessage.o
                0x0000000000000c8a                _ZN13RobotProtocol22CommandAcceptedMessage16getMessageLengthEv
 .text._ZN13RobotProtocol22CommandAcceptedMessageD2Ev
                0x0000000000000c98       0x10 ./src/robotProtocol/messages/CommandAcceptedMessage.o
                0x0000000000000c98                _ZN13RobotProtocol22CommandAcceptedMessageD1Ev
                0x0000000000000c98                _ZN13RobotProtocol22CommandAcceptedMessageD2Ev
 .text._ZN13RobotProtocol22CommandAcceptedMessageD0Ev
                0x0000000000000ca8       0x20 ./src/robotProtocol/messages/CommandAcceptedMessage.o
                0x0000000000000ca8                _ZN13RobotProtocol22CommandAcceptedMessageD0Ev
 .text._ZN13RobotProtocol22CommandAcceptedMessage11deserializeEPc
                0x0000000000000cc8       0x18 ./src/robotProtocol/messages/CommandAcceptedMessage.o
                0x0000000000000cc8                _ZN13RobotProtocol22CommandAcceptedMessage11deserializeEPc
 .text._ZN13RobotProtocol22CommandAcceptedMessageC2Eiii
                0x0000000000000ce0       0x48 ./src/robotProtocol/messages/CommandAcceptedMessage.o
                0x0000000000000ce0                _ZN13RobotProtocol22CommandAcceptedMessageC1Eiii
                0x0000000000000ce0                _ZN13RobotProtocol22CommandAcceptedMessageC2Eiii
 .text._Z41__static_initialization_and_destruction_0ii.clone.0
                0x0000000000000d28       0x36 ./src/robotProtocol/messages/CommandAcceptedMessage.o
 .text._GLOBAL__I__ZN13RobotProtocol22CommandAcceptedMessage13staticMessageE
                0x0000000000000d5e        0xa ./src/robotProtocol/messages/CommandAcceptedMessage.o
 .text._GLOBAL__D__ZN13RobotProtocol22CommandAcceptedMessage13staticMessageE
                0x0000000000000d68        0xa ./src/robotProtocol/messages/CommandAcceptedMessage.o
 .text._ZN13RobotProtocol19CommandErrorMessage9writeDataEPPc
                0x0000000000000d72       0x74 ./src/robotProtocol/messages/CommandErrorMessage.o
                0x0000000000000d72                _ZN13RobotProtocol19CommandErrorMessage9writeDataEPPc
 .text._ZN13RobotProtocol19CommandErrorMessage8readDataEPPc
                0x0000000000000de6       0xa0 ./src/robotProtocol/messages/CommandErrorMessage.o
                0x0000000000000de6                _ZN13RobotProtocol19CommandErrorMessage8readDataEPPc
 .text._ZN13RobotProtocol19CommandErrorMessage16getMessageLengthEv
                0x0000000000000e86        0xe ./src/robotProtocol/messages/CommandErrorMessage.o
                0x0000000000000e86                _ZN13RobotProtocol19CommandErrorMessage16getMessageLengthEv
 .text._ZN13RobotProtocol19CommandErrorMessageD2Ev
                0x0000000000000e94       0x10 ./src/robotProtocol/messages/CommandErrorMessage.o
                0x0000000000000e94                _ZN13RobotProtocol19CommandErrorMessageD1Ev
                0x0000000000000e94                _ZN13RobotProtocol19CommandErrorMessageD2Ev
 .text._ZN13RobotProtocol19CommandErrorMessageD0Ev
                0x0000000000000ea4       0x20 ./src/robotProtocol/messages/CommandErrorMessage.o
                0x0000000000000ea4                _ZN13RobotProtocol19CommandErrorMessageD0Ev
 .text._ZN13RobotProtocol19CommandErrorMessage11deserializeEPc
                0x0000000000000ec4       0x18 ./src/robotProtocol/messages/CommandErrorMessage.o
                0x0000000000000ec4                _ZN13RobotProtocol19CommandErrorMessage11deserializeEPc
 .text._ZN13RobotProtocol19CommandErrorMessageC2Eiiii
                0x0000000000000edc       0x58 ./src/robotProtocol/messages/CommandErrorMessage.o
                0x0000000000000edc                _ZN13RobotProtocol19CommandErrorMessageC2Eiiii
                0x0000000000000edc                _ZN13RobotProtocol19CommandErrorMessageC1Eiiii
 .text._Z41__static_initialization_and_destruction_0ii.clone.0
                0x0000000000000f34       0x42 ./src/robotProtocol/messages/CommandErrorMessage.o
 .text._GLOBAL__I__ZN13RobotProtocol19CommandErrorMessage13staticMessageE
                0x0000000000000f76        0xa ./src/robotProtocol/messages/CommandErrorMessage.o
 .text._GLOBAL__D__ZN13RobotProtocol19CommandErrorMessage13staticMessageE
                0x0000000000000f80        0xa ./src/robotProtocol/messages/CommandErrorMessage.o
 .text._ZN13RobotProtocol36CommunicationStartAcknowledgeMessage8readDataEPPc
                0x0000000000000f8a        0x2 ./src/robotProtocol/messages/CommunicationStartAcknowledgeMessage.o
                0x0000000000000f8a                _ZN13RobotProtocol36CommunicationStartAcknowledgeMessage8readDataEPPc
 .text._ZN13RobotProtocol36CommunicationStartAcknowledgeMessage9writeDataEPPc
                0x0000000000000f8c        0x2 ./src/robotProtocol/messages/CommunicationStartAcknowledgeMessage.o
                0x0000000000000f8c                _ZN13RobotProtocol36CommunicationStartAcknowledgeMessage9writeDataEPPc
 .text._ZN13RobotProtocol36CommunicationStartAcknowledgeMessage16getMessageLengthEv
                0x0000000000000f8e        0x6 ./src/robotProtocol/messages/CommunicationStartAcknowledgeMessage.o
                0x0000000000000f8e                _ZN13RobotProtocol36CommunicationStartAcknowledgeMessage16getMessageLengthEv
 .text._ZN13RobotProtocol36CommunicationStartAcknowledgeMessageD2Ev
                0x0000000000000f94       0x10 ./src/robotProtocol/messages/CommunicationStartAcknowledgeMessage.o
                0x0000000000000f94                _ZN13RobotProtocol36CommunicationStartAcknowledgeMessageD1Ev
                0x0000000000000f94                _ZN13RobotProtocol36CommunicationStartAcknowledgeMessageD2Ev
 .text._ZN13RobotProtocol36CommunicationStartAcknowledgeMessageD0Ev
                0x0000000000000fa4       0x20 ./src/robotProtocol/messages/CommunicationStartAcknowledgeMessage.o
                0x0000000000000fa4                _ZN13RobotProtocol36CommunicationStartAcknowledgeMessageD0Ev
 .text._ZN13RobotProtocol36CommunicationStartAcknowledgeMessage11deserializeEPc
                0x0000000000000fc4       0x18 ./src/robotProtocol/messages/CommunicationStartAcknowledgeMessage.o
                0x0000000000000fc4                _ZN13RobotProtocol36CommunicationStartAcknowledgeMessage11deserializeEPc
 .text._ZN13RobotProtocol36CommunicationStartAcknowledgeMessageC2Eii
                0x0000000000000fdc       0x38 ./src/robotProtocol/messages/CommunicationStartAcknowledgeMessage.o
                0x0000000000000fdc                _ZN13RobotProtocol36CommunicationStartAcknowledgeMessageC2Eii
                0x0000000000000fdc                _ZN13RobotProtocol36CommunicationStartAcknowledgeMessageC1Eii
 .text._Z41__static_initialization_and_destruction_0ii.clone.0
                0x0000000000001014       0x32 ./src/robotProtocol/messages/CommunicationStartAcknowledgeMessage.o
 .text._GLOBAL__I__ZN13RobotProtocol36CommunicationStartAcknowledgeMessage13staticMessageE
                0x0000000000001046        0xa ./src/robotProtocol/messages/CommunicationStartAcknowledgeMessage.o
 .text._GLOBAL__D__ZN13RobotProtocol36CommunicationStartAcknowledgeMessage13staticMessageE
                0x0000000000001050        0xa ./src/robotProtocol/messages/CommunicationStartAcknowledgeMessage.o
 .text._ZN13RobotProtocol25CommunicationStartMessage8readDataEPPc
                0x000000000000105a        0x2 ./src/robotProtocol/messages/CommunicationStartMessage.o
                0x000000000000105a                _ZN13RobotProtocol25CommunicationStartMessage8readDataEPPc
 .text._ZN13RobotProtocol25CommunicationStartMessage9writeDataEPPc
                0x000000000000105c        0x2 ./src/robotProtocol/messages/CommunicationStartMessage.o
                0x000000000000105c                _ZN13RobotProtocol25CommunicationStartMessage9writeDataEPPc
 .text._ZN13RobotProtocol25CommunicationStartMessage16getMessageLengthEv
                0x000000000000105e        0x6 ./src/robotProtocol/messages/CommunicationStartMessage.o
                0x000000000000105e                _ZN13RobotProtocol25CommunicationStartMessage16getMessageLengthEv
 .text._ZN13RobotProtocol25CommunicationStartMessageD2Ev
                0x0000000000001064       0x10 ./src/robotProtocol/messages/CommunicationStartMessage.o
                0x0000000000001064                _ZN13RobotProtocol25CommunicationStartMessageD2Ev
                0x0000000000001064                _ZN13RobotProtocol25CommunicationStartMessageD1Ev
 .text._ZN13RobotProtocol25CommunicationStartMessageD0Ev
                0x0000000000001074       0x20 ./src/robotProtocol/messages/CommunicationStartMessage.o
                0x0000000000001074                _ZN13RobotProtocol25CommunicationStartMessageD0Ev
 .text._ZN13RobotProtocol25CommunicationStartMessage11deserializeEPc
                0x0000000000001094       0x18 ./src/robotProtocol/messages/CommunicationStartMessage.o
                0x0000000000001094                _ZN13RobotProtocol25CommunicationStartMessage11deserializeEPc
 .text._ZN13RobotProtocol25CommunicationStartMessageC2Eii
                0x00000000000010ac       0x38 ./src/robotProtocol/messages/CommunicationStartMessage.o
                0x00000000000010ac                _ZN13RobotProtocol25CommunicationStartMessageC2Eii
                0x00000000000010ac                _ZN13RobotProtocol25CommunicationStartMessageC1Eii
 .text._Z41__static_initialization_and_destruction_0ii.clone.0
                0x00000000000010e4       0x32 ./src/robotProtocol/messages/CommunicationStartMessage.o
 .text._GLOBAL__I__ZN13RobotProtocol25CommunicationStartMessage13staticMessageE
                0x0000000000001116        0xa ./src/robotProtocol/messages/CommunicationStartMessage.o
 .text._GLOBAL__D__ZN13RobotProtocol25CommunicationStartMessage13staticMessageE
                0x0000000000001120        0xa ./src/robotProtocol/messages/CommunicationStartMessage.o
 .text._ZN13RobotProtocol24CommunicationStopMessage8readDataEPPc
                0x000000000000112a        0x2 ./src/robotProtocol/messages/CommunicationStopMessage.o
                0x000000000000112a                _ZN13RobotProtocol24CommunicationStopMessage8readDataEPPc
 .text._ZN13RobotProtocol24CommunicationStopMessage9writeDataEPPc
                0x000000000000112c        0x2 ./src/robotProtocol/messages/CommunicationStopMessage.o
                0x000000000000112c                _ZN13RobotProtocol24CommunicationStopMessage9writeDataEPPc
 .text._ZN13RobotProtocol24CommunicationStopMessage16getMessageLengthEv
                0x000000000000112e        0x6 ./src/robotProtocol/messages/CommunicationStopMessage.o
                0x000000000000112e                _ZN13RobotProtocol24CommunicationStopMessage16getMessageLengthEv
 .text._ZN13RobotProtocol24CommunicationStopMessageD2Ev
                0x0000000000001134       0x10 ./src/robotProtocol/messages/CommunicationStopMessage.o
                0x0000000000001134                _ZN13RobotProtocol24CommunicationStopMessageD1Ev
                0x0000000000001134                _ZN13RobotProtocol24CommunicationStopMessageD2Ev
 .text._ZN13RobotProtocol24CommunicationStopMessageD0Ev
                0x0000000000001144       0x20 ./src/robotProtocol/messages/CommunicationStopMessage.o
                0x0000000000001144                _ZN13RobotProtocol24CommunicationStopMessageD0Ev
 .text._ZN13RobotProtocol24CommunicationStopMessage11deserializeEPc
                0x0000000000001164       0x18 ./src/robotProtocol/messages/CommunicationStopMessage.o
                0x0000000000001164                _ZN13RobotProtocol24CommunicationStopMessage11deserializeEPc
 .text._ZN13RobotProtocol24CommunicationStopMessageC2Eii
                0x000000000000117c       0x38 ./src/robotProtocol/messages/CommunicationStopMessage.o
                0x000000000000117c                _ZN13RobotProtocol24CommunicationStopMessageC1Eii
                0x000000000000117c                _ZN13RobotProtocol24CommunicationStopMessageC2Eii
 .text._Z41__static_initialization_and_destruction_0ii.clone.0
                0x00000000000011b4       0x32 ./src/robotProtocol/messages/CommunicationStopMessage.o
 .text._GLOBAL__I__ZN13RobotProtocol24CommunicationStopMessage13staticMessageE
                0x00000000000011e6        0xa ./src/robotProtocol/messages/CommunicationStopMessage.o
 .text._GLOBAL__D__ZN13RobotProtocol24CommunicationStopMessage13staticMessageE
                0x00000000000011f0        0xa ./src/robotProtocol/messages/CommunicationStopMessage.o
 .text._ZN13RobotProtocol25DestinationReachedMessage8readDataEPPc
                0x00000000000011fa        0x2 ./src/robotProtocol/messages/DestinationReachedMessage.o
                0x00000000000011fa                _ZN13RobotProtocol25DestinationReachedMessage8readDataEPPc
 .text._ZN13RobotProtocol25DestinationReachedMessage9writeDataEPPc
                0x00000000000011fc        0x2 ./src/robotProtocol/messages/DestinationReachedMessage.o
                0x00000000000011fc                _ZN13RobotProtocol25DestinationReachedMessage9writeDataEPPc
 .text._ZN13RobotProtocol25DestinationReachedMessage16getMessageLengthEv
                0x00000000000011fe        0x6 ./src/robotProtocol/messages/DestinationReachedMessage.o
                0x00000000000011fe                _ZN13RobotProtocol25DestinationReachedMessage16getMessageLengthEv
 .text._ZN13RobotProtocol25DestinationReachedMessageD2Ev
                0x0000000000001204       0x10 ./src/robotProtocol/messages/DestinationReachedMessage.o
                0x0000000000001204                _ZN13RobotProtocol25DestinationReachedMessageD1Ev
                0x0000000000001204                _ZN13RobotProtocol25DestinationReachedMessageD2Ev
 .text._ZN13RobotProtocol25DestinationReachedMessageD0Ev
                0x0000000000001214       0x20 ./src/robotProtocol/messages/DestinationReachedMessage.o
                0x0000000000001214                _ZN13RobotProtocol25DestinationReachedMessageD0Ev
 .text._ZN13RobotProtocol25DestinationReachedMessage11deserializeEPc
                0x0000000000001234       0x18 ./src/robotProtocol/messages/DestinationReachedMessage.o
                0x0000000000001234                _ZN13RobotProtocol25DestinationReachedMessage11deserializeEPc
 .text._ZN13RobotProtocol25DestinationReachedMessageC2Eii
                0x000000000000124c       0x38 ./src/robotProtocol/messages/DestinationReachedMessage.o
                0x000000000000124c                _ZN13RobotProtocol25DestinationReachedMessageC2Eii
                0x000000000000124c                _ZN13RobotProtocol25DestinationReachedMessageC1Eii
 .text._Z41__static_initialization_and_destruction_0ii.clone.0
                0x0000000000001284       0x32 ./src/robotProtocol/messages/DestinationReachedMessage.o
 .text._GLOBAL__I__ZN13RobotProtocol25DestinationReachedMessage13staticMessageE
                0x00000000000012b6        0xa ./src/robotProtocol/messages/DestinationReachedMessage.o
 .text._GLOBAL__D__ZN13RobotProtocol25DestinationReachedMessage13staticMessageE
                0x00000000000012c0        0xa ./src/robotProtocol/messages/DestinationReachedMessage.o
 .text._ZN13RobotProtocol17FollowLineMessage8readDataEPPc
                0x00000000000012ca        0x2 ./src/robotProtocol/messages/FollowLineMessage.o
                0x00000000000012ca                _ZN13RobotProtocol17FollowLineMessage8readDataEPPc
 .text._ZN13RobotProtocol17FollowLineMessage9writeDataEPPc
                0x00000000000012cc        0x2 ./src/robotProtocol/messages/FollowLineMessage.o
                0x00000000000012cc                _ZN13RobotProtocol17FollowLineMessage9writeDataEPPc
 .text._ZN13RobotProtocol17FollowLineMessage16getMessageLengthEv
                0x00000000000012ce        0x6 ./src/robotProtocol/messages/FollowLineMessage.o
                0x00000000000012ce                _ZN13RobotProtocol17FollowLineMessage16getMessageLengthEv
 .text._ZN13RobotProtocol17FollowLineMessageD2Ev
                0x00000000000012d4       0x10 ./src/robotProtocol/messages/FollowLineMessage.o
                0x00000000000012d4                _ZN13RobotProtocol17FollowLineMessageD1Ev
                0x00000000000012d4                _ZN13RobotProtocol17FollowLineMessageD2Ev
 .text._ZN13RobotProtocol17FollowLineMessageD0Ev
                0x00000000000012e4       0x20 ./src/robotProtocol/messages/FollowLineMessage.o
                0x00000000000012e4                _ZN13RobotProtocol17FollowLineMessageD0Ev
 .text._ZN13RobotProtocol17FollowLineMessage11deserializeEPc
                0x0000000000001304       0x18 ./src/robotProtocol/messages/FollowLineMessage.o
                0x0000000000001304                _ZN13RobotProtocol17FollowLineMessage11deserializeEPc
 .text._ZN13RobotProtocol17FollowLineMessageC2Eii
                0x000000000000131c       0x38 ./src/robotProtocol/messages/FollowLineMessage.o
                0x000000000000131c                _ZN13RobotProtocol17FollowLineMessageC1Eii
                0x000000000000131c                _ZN13RobotProtocol17FollowLineMessageC2Eii
 .text._Z41__static_initialization_and_destruction_0ii.clone.0
                0x0000000000001354       0x32 ./src/robotProtocol/messages/FollowLineMessage.o
 .text._GLOBAL__I__ZN13RobotProtocol17FollowLineMessage13staticMessageE
                0x0000000000001386        0xa ./src/robotProtocol/messages/FollowLineMessage.o
 .text._GLOBAL__D__ZN13RobotProtocol17FollowLineMessage13staticMessageE
                0x0000000000001390        0xa ./src/robotProtocol/messages/FollowLineMessage.o
 .text._ZN13RobotProtocol16KeepAliveMessage9writeDataEPPc
                0x000000000000139a       0x5c ./src/robotProtocol/messages/KeepAliveMessage.o
                0x000000000000139a                _ZN13RobotProtocol16KeepAliveMessage9writeDataEPPc
 .text._ZN13RobotProtocol16KeepAliveMessage8readDataEPPc
                0x00000000000013f6       0x70 ./src/robotProtocol/messages/KeepAliveMessage.o
                0x00000000000013f6                _ZN13RobotProtocol16KeepAliveMessage8readDataEPPc
 .text._ZN13RobotProtocol16KeepAliveMessage16getMessageLengthEv
                0x0000000000001466        0xe ./src/robotProtocol/messages/KeepAliveMessage.o
                0x0000000000001466                _ZN13RobotProtocol16KeepAliveMessage16getMessageLengthEv
 .text._ZN13RobotProtocol16KeepAliveMessageD2Ev
                0x0000000000001474       0x10 ./src/robotProtocol/messages/KeepAliveMessage.o
                0x0000000000001474                _ZN13RobotProtocol16KeepAliveMessageD1Ev
                0x0000000000001474                _ZN13RobotProtocol16KeepAliveMessageD2Ev
 .text._ZN13RobotProtocol16KeepAliveMessageD0Ev
                0x0000000000001484       0x20 ./src/robotProtocol/messages/KeepAliveMessage.o
                0x0000000000001484                _ZN13RobotProtocol16KeepAliveMessageD0Ev
 .text._ZN13RobotProtocol16KeepAliveMessage11deserializeEPc
                0x00000000000014a4       0x18 ./src/robotProtocol/messages/KeepAliveMessage.o
                0x00000000000014a4                _ZN13RobotProtocol16KeepAliveMessage11deserializeEPc
 .text._ZN13RobotProtocol16KeepAliveMessageC2Ev
                0x00000000000014bc       0x3c ./src/robotProtocol/messages/KeepAliveMessage.o
                0x00000000000014bc                _ZN13RobotProtocol16KeepAliveMessageC2Ev
                0x00000000000014bc                _ZN13RobotProtocol16KeepAliveMessageC1Ev
 .text._ZN13RobotProtocol16KeepAliveMessageC2Eiii
                0x00000000000014f8       0x48 ./src/robotProtocol/messages/KeepAliveMessage.o
                0x00000000000014f8                _ZN13RobotProtocol16KeepAliveMessageC2Eiii
                0x00000000000014f8                _ZN13RobotProtocol16KeepAliveMessageC1Eiii
 .text._Z41__static_initialization_and_destruction_0ii.clone.0
                0x0000000000001540       0x36 ./src/robotProtocol/messages/KeepAliveMessage.o
 .text._GLOBAL__I__ZN13RobotProtocol16KeepAliveMessage13staticMessageE
                0x0000000000001576        0xa ./src/robotProtocol/messages/KeepAliveMessage.o
 .text._GLOBAL__D__ZN13RobotProtocol16KeepAliveMessage13staticMessageE
                0x0000000000001580        0xa ./src/robotProtocol/messages/KeepAliveMessage.o
 .text._ZN13RobotProtocol20ReadIRSensorsMessage8readDataEPPc
                0x000000000000158a        0x2 ./src/robotProtocol/messages/ReadIRSensorsMessage.o
                0x000000000000158a                _ZN13RobotProtocol20ReadIRSensorsMessage8readDataEPPc
 .text._ZN13RobotProtocol20ReadIRSensorsMessage9writeDataEPPc
                0x000000000000158c        0x2 ./src/robotProtocol/messages/ReadIRSensorsMessage.o
                0x000000000000158c                _ZN13RobotProtocol20ReadIRSensorsMessage9writeDataEPPc
 .text._ZN13RobotProtocol20ReadIRSensorsMessage16getMessageLengthEv
                0x000000000000158e        0x6 ./src/robotProtocol/messages/ReadIRSensorsMessage.o
                0x000000000000158e                _ZN13RobotProtocol20ReadIRSensorsMessage16getMessageLengthEv
 .text._ZN13RobotProtocol20ReadIRSensorsMessageD2Ev
                0x0000000000001594       0x10 ./src/robotProtocol/messages/ReadIRSensorsMessage.o
                0x0000000000001594                _ZN13RobotProtocol20ReadIRSensorsMessageD1Ev
                0x0000000000001594                _ZN13RobotProtocol20ReadIRSensorsMessageD2Ev
 .text._ZN13RobotProtocol20ReadIRSensorsMessageD0Ev
                0x00000000000015a4       0x20 ./src/robotProtocol/messages/ReadIRSensorsMessage.o
                0x00000000000015a4                _ZN13RobotProtocol20ReadIRSensorsMessageD0Ev
 .text._ZN13RobotProtocol20ReadIRSensorsMessageC2Eii
                0x00000000000015c4       0x38 ./src/robotProtocol/messages/ReadIRSensorsMessage.o
                0x00000000000015c4                _ZN13RobotProtocol20ReadIRSensorsMessageC1Eii
                0x00000000000015c4                _ZN13RobotProtocol20ReadIRSensorsMessageC2Eii
 .text._Z41__static_initialization_and_destruction_0ii.clone.0
                0x00000000000015fc       0x32 ./src/robotProtocol/messages/ReadIRSensorsMessage.o
 .text._GLOBAL__I__ZN13RobotProtocol20ReadIRSensorsMessage13staticMessageE
                0x000000000000162e        0xa ./src/robotProtocol/messages/ReadIRSensorsMessage.o
 .text._GLOBAL__D__ZN13RobotProtocol20ReadIRSensorsMessage13staticMessageE
                0x0000000000001638        0xa ./src/robotProtocol/messages/ReadIRSensorsMessage.o
 .text._ZN13RobotProtocol25ReadIRSensorsReplyMessage9writeDataEPPc
                0x0000000000001642       0x80 ./src/robotProtocol/messages/ReadIRSensorsReplyMessage.o
                0x0000000000001642                _ZN13RobotProtocol25ReadIRSensorsReplyMessage9writeDataEPPc
 .text._ZN13RobotProtocol25ReadIRSensorsReplyMessage8readDataEPPc
                0x00000000000016c2       0xd0 ./src/robotProtocol/messages/ReadIRSensorsReplyMessage.o
                0x00000000000016c2                _ZN13RobotProtocol25ReadIRSensorsReplyMessage8readDataEPPc
 .text._ZN13RobotProtocol25ReadIRSensorsReplyMessage16getMessageLengthEv
                0x0000000000001792        0xe ./src/robotProtocol/messages/ReadIRSensorsReplyMessage.o
                0x0000000000001792                _ZN13RobotProtocol25ReadIRSensorsReplyMessage16getMessageLengthEv
 .text._ZN13RobotProtocol25ReadIRSensorsReplyMessageD2Ev
                0x00000000000017a0       0x10 ./src/robotProtocol/messages/ReadIRSensorsReplyMessage.o
                0x00000000000017a0                _ZN13RobotProtocol25ReadIRSensorsReplyMessageD1Ev
                0x00000000000017a0                _ZN13RobotProtocol25ReadIRSensorsReplyMessageD2Ev
 .text._ZN13RobotProtocol25ReadIRSensorsReplyMessageD0Ev
                0x00000000000017b0       0x20 ./src/robotProtocol/messages/ReadIRSensorsReplyMessage.o
                0x00000000000017b0                _ZN13RobotProtocol25ReadIRSensorsReplyMessageD0Ev
 .text._Z41__static_initialization_and_destruction_0ii.clone.0
                0x00000000000017d0       0x72 ./src/robotProtocol/messages/ReadIRSensorsReplyMessage.o
 .text._GLOBAL__I__ZN13RobotProtocol25ReadIRSensorsReplyMessage13staticMessageE
                0x0000000000001842        0xa ./src/robotProtocol/messages/ReadIRSensorsReplyMessage.o
 .text._GLOBAL__D__ZN13RobotProtocol25ReadIRSensorsReplyMessage13staticMessageE
                0x000000000000184c        0xa ./src/robotProtocol/messages/ReadIRSensorsReplyMessage.o
 .text._ZN13RobotProtocol19ReadUSSensorMessage8readDataEPPc
                0x0000000000001856        0x2 ./src/robotProtocol/messages/ReadUSSensorMessage.o
                0x0000000000001856                _ZN13RobotProtocol19ReadUSSensorMessage8readDataEPPc
 .text._ZN13RobotProtocol19ReadUSSensorMessage9writeDataEPPc
                0x0000000000001858        0x2 ./src/robotProtocol/messages/ReadUSSensorMessage.o
                0x0000000000001858                _ZN13RobotProtocol19ReadUSSensorMessage9writeDataEPPc
 .text._ZN13RobotProtocol19ReadUSSensorMessage16getMessageLengthEv
                0x000000000000185a        0x6 ./src/robotProtocol/messages/ReadUSSensorMessage.o
                0x000000000000185a                _ZN13RobotProtocol19ReadUSSensorMessage16getMessageLengthEv
 .text._ZN13RobotProtocol19ReadUSSensorMessageD2Ev
                0x0000000000001860       0x10 ./src/robotProtocol/messages/ReadUSSensorMessage.o
                0x0000000000001860                _ZN13RobotProtocol19ReadUSSensorMessageD1Ev
                0x0000000000001860                _ZN13RobotProtocol19ReadUSSensorMessageD2Ev
 .text._ZN13RobotProtocol19ReadUSSensorMessageD0Ev
                0x0000000000001870       0x20 ./src/robotProtocol/messages/ReadUSSensorMessage.o
                0x0000000000001870                _ZN13RobotProtocol19ReadUSSensorMessageD0Ev
 .text._ZN13RobotProtocol19ReadUSSensorMessageC2Eii
                0x0000000000001890       0x38 ./src/robotProtocol/messages/ReadUSSensorMessage.o
                0x0000000000001890                _ZN13RobotProtocol19ReadUSSensorMessageC1Eii
                0x0000000000001890                _ZN13RobotProtocol19ReadUSSensorMessageC2Eii
 .text._Z41__static_initialization_and_destruction_0ii.clone.0
                0x00000000000018c8       0x32 ./src/robotProtocol/messages/ReadUSSensorMessage.o
 .text._GLOBAL__I__ZN13RobotProtocol19ReadUSSensorMessage13staticMessageE
                0x00000000000018fa        0xa ./src/robotProtocol/messages/ReadUSSensorMessage.o
 .text._GLOBAL__D__ZN13RobotProtocol19ReadUSSensorMessage13staticMessageE
                0x0000000000001904        0xa ./src/robotProtocol/messages/ReadUSSensorMessage.o
 .text._ZN13RobotProtocol24ReadUSSensorReplyMessage9writeDataEPPc
                0x000000000000190e       0x5c ./src/robotProtocol/messages/ReadUSSensorReplyMessage.o
                0x000000000000190e                _ZN13RobotProtocol24ReadUSSensorReplyMessage9writeDataEPPc
 .text._ZN13RobotProtocol24ReadUSSensorReplyMessage8readDataEPPc
                0x000000000000196a       0x70 ./src/robotProtocol/messages/ReadUSSensorReplyMessage.o
                0x000000000000196a                _ZN13RobotProtocol24ReadUSSensorReplyMessage8readDataEPPc
 .text._ZN13RobotProtocol24ReadUSSensorReplyMessage16getMessageLengthEv
                0x00000000000019da        0xe ./src/robotProtocol/messages/ReadUSSensorReplyMessage.o
                0x00000000000019da                _ZN13RobotProtocol24ReadUSSensorReplyMessage16getMessageLengthEv
 .text._ZN13RobotProtocol24ReadUSSensorReplyMessageD2Ev
                0x00000000000019e8       0x10 ./src/robotProtocol/messages/ReadUSSensorReplyMessage.o
                0x00000000000019e8                _ZN13RobotProtocol24ReadUSSensorReplyMessageD2Ev
                0x00000000000019e8                _ZN13RobotProtocol24ReadUSSensorReplyMessageD1Ev
 .text._ZN13RobotProtocol24ReadUSSensorReplyMessageD0Ev
                0x00000000000019f8       0x20 ./src/robotProtocol/messages/ReadUSSensorReplyMessage.o
                0x00000000000019f8                _ZN13RobotProtocol24ReadUSSensorReplyMessageD0Ev
 .text._ZN13RobotProtocol24ReadUSSensorReplyMessageC2Eiii
                0x0000000000001a18       0x48 ./src/robotProtocol/messages/ReadUSSensorReplyMessage.o
                0x0000000000001a18                _ZN13RobotProtocol24ReadUSSensorReplyMessageC1Eiii
                0x0000000000001a18                _ZN13RobotProtocol24ReadUSSensorReplyMessageC2Eiii
 .text._Z41__static_initialization_and_destruction_0ii.clone.0
                0x0000000000001a60       0x36 ./src/robotProtocol/messages/ReadUSSensorReplyMessage.o
 .text._GLOBAL__I__ZN13RobotProtocol24ReadUSSensorReplyMessage13staticMessageE
                0x0000000000001a96        0xa ./src/robotProtocol/messages/ReadUSSensorReplyMessage.o
 .text._GLOBAL__D__ZN13RobotProtocol24ReadUSSensorReplyMessage13staticMessageE
                0x0000000000001aa0        0xa ./src/robotProtocol/messages/ReadUSSensorReplyMessage.o
 .text._Z41__static_initialization_and_destruction_0ii.clone.0
                0x0000000000001aaa       0x3e ./src/robotProtocol/messages/ReusableMessageProxy.o
 .text._ZN13RobotProtocol20ReusableMessageProxy28getDestinationReachedMessageEii
                0x0000000000001ae8       0x2c ./src/robotProtocol/messages/ReusableMessageProxy.o
                0x0000000000001ae8                _ZN13RobotProtocol20ReusableMessageProxy28getDestinationReachedMessageEii
 .text._ZN13RobotProtocol20ReusableMessageProxy19getRobotLostMessageEii
                0x0000000000001b14       0x2c ./src/robotProtocol/messages/ReusableMessageProxy.o
                0x0000000000001b14                _ZN13RobotProtocol20ReusableMessageProxy19getRobotLostMessageEii
 .text._GLOBAL__I__ZN13RobotProtocol20ReusableMessageProxy25destinationReachedMessageE
                0x0000000000001b40        0xa ./src/robotProtocol/messages/ReusableMessageProxy.o
 .text._GLOBAL__D__ZN13RobotProtocol20ReusableMessageProxy25destinationReachedMessageE
                0x0000000000001b4a        0xa ./src/robotProtocol/messages/ReusableMessageProxy.o
 .text._ZN13RobotProtocol16RobotLostMessage8readDataEPPc
                0x0000000000001b54        0x2 ./src/robotProtocol/messages/RobotLostMessage.o
                0x0000000000001b54                _ZN13RobotProtocol16RobotLostMessage8readDataEPPc
 .text._ZN13RobotProtocol16RobotLostMessage9writeDataEPPc
                0x0000000000001b56        0x2 ./src/robotProtocol/messages/RobotLostMessage.o
                0x0000000000001b56                _ZN13RobotProtocol16RobotLostMessage9writeDataEPPc
 .text._ZN13RobotProtocol16RobotLostMessage16getMessageLengthEv
                0x0000000000001b58        0x6 ./src/robotProtocol/messages/RobotLostMessage.o
                0x0000000000001b58                _ZN13RobotProtocol16RobotLostMessage16getMessageLengthEv
 .text._ZN13RobotProtocol16RobotLostMessageD2Ev
                0x0000000000001b5e       0x10 ./src/robotProtocol/messages/RobotLostMessage.o
                0x0000000000001b5e                _ZN13RobotProtocol16RobotLostMessageD2Ev
                0x0000000000001b5e                _ZN13RobotProtocol16RobotLostMessageD1Ev
 .text._ZN13RobotProtocol16RobotLostMessageD0Ev
                0x0000000000001b6e       0x20 ./src/robotProtocol/messages/RobotLostMessage.o
                0x0000000000001b6e                _ZN13RobotProtocol16RobotLostMessageD0Ev
 .text._ZN13RobotProtocol16RobotLostMessage11deserializeEPc
                0x0000000000001b8e       0x18 ./src/robotProtocol/messages/RobotLostMessage.o
                0x0000000000001b8e                _ZN13RobotProtocol16RobotLostMessage11deserializeEPc
 .text._ZN13RobotProtocol16RobotLostMessageC2Eii
                0x0000000000001ba6       0x38 ./src/robotProtocol/messages/RobotLostMessage.o
                0x0000000000001ba6                _ZN13RobotProtocol16RobotLostMessageC1Eii
                0x0000000000001ba6                _ZN13RobotProtocol16RobotLostMessageC2Eii
 .text._Z41__static_initialization_and_destruction_0ii.clone.0
                0x0000000000001bde       0x32 ./src/robotProtocol/messages/RobotLostMessage.o
 .text._GLOBAL__I__ZN13RobotProtocol16RobotLostMessage13staticMessageE
                0x0000000000001c10        0xa ./src/robotProtocol/messages/RobotLostMessage.o
 .text._GLOBAL__D__ZN13RobotProtocol16RobotLostMessage13staticMessageE
                0x0000000000001c1a        0xa ./src/robotProtocol/messages/RobotLostMessage.o
 .text._ZN13RobotProtocol18RobotStatusMessage9writeDataEPPc
                0x0000000000001c24       0xa2 ./src/robotProtocol/messages/RobotStatusMessage.o
                0x0000000000001c24                _ZN13RobotProtocol18RobotStatusMessage9writeDataEPPc
 .text._ZN13RobotProtocol18RobotStatusMessage8readDataEPPc
                0x0000000000001cc6      0x126 ./src/robotProtocol/messages/RobotStatusMessage.o
                0x0000000000001cc6                _ZN13RobotProtocol18RobotStatusMessage8readDataEPPc
 .text._ZN13RobotProtocol18RobotStatusMessage16getMessageLengthEv
                0x0000000000001dec        0xe ./src/robotProtocol/messages/RobotStatusMessage.o
                0x0000000000001dec                _ZN13RobotProtocol18RobotStatusMessage16getMessageLengthEv
 .text._ZN13RobotProtocol18RobotStatusMessageD2Ev
                0x0000000000001dfa       0x10 ./src/robotProtocol/messages/RobotStatusMessage.o
                0x0000000000001dfa                _ZN13RobotProtocol18RobotStatusMessageD2Ev
                0x0000000000001dfa                _ZN13RobotProtocol18RobotStatusMessageD1Ev
 .text._ZN13RobotProtocol18RobotStatusMessageD0Ev
                0x0000000000001e0a       0x20 ./src/robotProtocol/messages/RobotStatusMessage.o
                0x0000000000001e0a                _ZN13RobotProtocol18RobotStatusMessageD0Ev
 .text._Z41__static_initialization_and_destruction_0ii.clone.0
                0x0000000000001e2a       0x82 ./src/robotProtocol/messages/RobotStatusMessage.o
 .text._GLOBAL__I__ZN13RobotProtocol18RobotStatusMessage13staticMessageE
                0x0000000000001eac        0xa ./src/robotProtocol/messages/RobotStatusMessage.o
 .text._GLOBAL__D__ZN13RobotProtocol18RobotStatusMessage13staticMessageE
                0x0000000000001eb6        0xa ./src/robotProtocol/messages/RobotStatusMessage.o
 .text._ZN13RobotProtocol20SetMotorSpeedMessage9writeDataEPPc
                0x0000000000001ec0       0x74 ./src/robotProtocol/messages/SetMotorSpeedMessage.o
                0x0000000000001ec0                _ZN13RobotProtocol20SetMotorSpeedMessage9writeDataEPPc
 .text._ZN13RobotProtocol20SetMotorSpeedMessage8readDataEPPc
                0x0000000000001f34       0xa8 ./src/robotProtocol/messages/SetMotorSpeedMessage.o
                0x0000000000001f34                _ZN13RobotProtocol20SetMotorSpeedMessage8readDataEPPc
 .text._ZN13RobotProtocol20SetMotorSpeedMessage16getMessageLengthEv
                0x0000000000001fdc        0xe ./src/robotProtocol/messages/SetMotorSpeedMessage.o
                0x0000000000001fdc                _ZN13RobotProtocol20SetMotorSpeedMessage16getMessageLengthEv
 .text._ZN13RobotProtocol20SetMotorSpeedMessageD2Ev
                0x0000000000001fea       0x10 ./src/robotProtocol/messages/SetMotorSpeedMessage.o
                0x0000000000001fea                _ZN13RobotProtocol20SetMotorSpeedMessageD2Ev
                0x0000000000001fea                _ZN13RobotProtocol20SetMotorSpeedMessageD1Ev
 .text._ZN13RobotProtocol20SetMotorSpeedMessageD0Ev
                0x0000000000001ffa       0x20 ./src/robotProtocol/messages/SetMotorSpeedMessage.o
                0x0000000000001ffa                _ZN13RobotProtocol20SetMotorSpeedMessageD0Ev
 .text._ZN13RobotProtocol20SetMotorSpeedMessage11deserializeEPc
                0x000000000000201a       0x18 ./src/robotProtocol/messages/SetMotorSpeedMessage.o
                0x000000000000201a                _ZN13RobotProtocol20SetMotorSpeedMessage11deserializeEPc
 .text._ZN13RobotProtocol20SetMotorSpeedMessageC2Eiiii
                0x0000000000002032       0x58 ./src/robotProtocol/messages/SetMotorSpeedMessage.o
                0x0000000000002032                _ZN13RobotProtocol20SetMotorSpeedMessageC2Eiiii
                0x0000000000002032                _ZN13RobotProtocol20SetMotorSpeedMessageC1Eiiii
 .text._Z41__static_initialization_and_destruction_0ii.clone.0
                0x000000000000208a       0x42 ./src/robotProtocol/messages/SetMotorSpeedMessage.o
 .text._ZN13RobotProtocol20SetMotorSpeedMessage12getLeftSpeedEv
                0x00000000000020cc        0x8 ./src/robotProtocol/messages/SetMotorSpeedMessage.o
                0x00000000000020cc                _ZN13RobotProtocol20SetMotorSpeedMessage12getLeftSpeedEv
 .text._ZN13RobotProtocol20SetMotorSpeedMessage13getRightSpeedEv
                0x00000000000020d4        0x8 ./src/robotProtocol/messages/SetMotorSpeedMessage.o
                0x00000000000020d4                _ZN13RobotProtocol20SetMotorSpeedMessage13getRightSpeedEv
 .text._GLOBAL__I__ZN13RobotProtocol20SetMotorSpeedMessage13staticMessageE
                0x00000000000020dc        0xa ./src/robotProtocol/messages/SetMotorSpeedMessage.o
 .text._GLOBAL__D__ZN13RobotProtocol20SetMotorSpeedMessage13staticMessageE
                0x00000000000020e6        0xa ./src/robotProtocol/messages/SetMotorSpeedMessage.o
 .text._ZN13RobotProtocol17TurnAroundMessage8readDataEPPc
                0x00000000000020f0        0x2 ./src/robotProtocol/messages/TurnAroundMessage.o
                0x00000000000020f0                _ZN13RobotProtocol17TurnAroundMessage8readDataEPPc
 .text._ZN13RobotProtocol17TurnAroundMessage9writeDataEPPc
                0x00000000000020f2        0x2 ./src/robotProtocol/messages/TurnAroundMessage.o
                0x00000000000020f2                _ZN13RobotProtocol17TurnAroundMessage9writeDataEPPc
 .text._ZN13RobotProtocol17TurnAroundMessage16getMessageLengthEv
                0x00000000000020f4        0x6 ./src/robotProtocol/messages/TurnAroundMessage.o
                0x00000000000020f4                _ZN13RobotProtocol17TurnAroundMessage16getMessageLengthEv
 .text._ZN13RobotProtocol17TurnAroundMessageD2Ev
                0x00000000000020fa       0x10 ./src/robotProtocol/messages/TurnAroundMessage.o
                0x00000000000020fa                _ZN13RobotProtocol17TurnAroundMessageD2Ev
                0x00000000000020fa                _ZN13RobotProtocol17TurnAroundMessageD1Ev
 .text._ZN13RobotProtocol17TurnAroundMessageD0Ev
                0x000000000000210a       0x20 ./src/robotProtocol/messages/TurnAroundMessage.o
                0x000000000000210a                _ZN13RobotProtocol17TurnAroundMessageD0Ev
 .text._ZN13RobotProtocol17TurnAroundMessage11deserializeEPc
                0x000000000000212a       0x18 ./src/robotProtocol/messages/TurnAroundMessage.o
                0x000000000000212a                _ZN13RobotProtocol17TurnAroundMessage11deserializeEPc
 .text._ZN13RobotProtocol17TurnAroundMessageC2Eii
                0x0000000000002142       0x38 ./src/robotProtocol/messages/TurnAroundMessage.o
                0x0000000000002142                _ZN13RobotProtocol17TurnAroundMessageC1Eii
                0x0000000000002142                _ZN13RobotProtocol17TurnAroundMessageC2Eii
 .text._Z41__static_initialization_and_destruction_0ii.clone.0
                0x000000000000217a       0x32 ./src/robotProtocol/messages/TurnAroundMessage.o
 .text._GLOBAL__I__ZN13RobotProtocol17TurnAroundMessage13staticMessageE
                0x00000000000021ac        0xa ./src/robotProtocol/messages/TurnAroundMessage.o
 .text._GLOBAL__D__ZN13RobotProtocol17TurnAroundMessage13staticMessageE
                0x00000000000021b6        0xa ./src/robotProtocol/messages/TurnAroundMessage.o
 .text._ZN13RobotProtocol15TurnLeftMessage8readDataEPPc
                0x00000000000021c0        0x2 ./src/robotProtocol/messages/TurnLeftMessage.o
                0x00000000000021c0                _ZN13RobotProtocol15TurnLeftMessage8readDataEPPc
 .text._ZN13RobotProtocol15TurnLeftMessage9writeDataEPPc
                0x00000000000021c2        0x2 ./src/robotProtocol/messages/TurnLeftMessage.o
                0x00000000000021c2                _ZN13RobotProtocol15TurnLeftMessage9writeDataEPPc
 .text._ZN13RobotProtocol15TurnLeftMessage16getMessageLengthEv
                0x00000000000021c4        0x6 ./src/robotProtocol/messages/TurnLeftMessage.o
                0x00000000000021c4                _ZN13RobotProtocol15TurnLeftMessage16getMessageLengthEv
 .text._ZN13RobotProtocol15TurnLeftMessageD2Ev
                0x00000000000021ca       0x10 ./src/robotProtocol/messages/TurnLeftMessage.o
                0x00000000000021ca                _ZN13RobotProtocol15TurnLeftMessageD1Ev
                0x00000000000021ca                _ZN13RobotProtocol15TurnLeftMessageD2Ev
 .text._ZN13RobotProtocol15TurnLeftMessageD0Ev
                0x00000000000021da       0x20 ./src/robotProtocol/messages/TurnLeftMessage.o
                0x00000000000021da                _ZN13RobotProtocol15TurnLeftMessageD0Ev
 .text._ZN13RobotProtocol15TurnLeftMessage11deserializeEPc
                0x00000000000021fa       0x18 ./src/robotProtocol/messages/TurnLeftMessage.o
                0x00000000000021fa                _ZN13RobotProtocol15TurnLeftMessage11deserializeEPc
 .text._ZN13RobotProtocol15TurnLeftMessageC2Eii
                0x0000000000002212       0x38 ./src/robotProtocol/messages/TurnLeftMessage.o
                0x0000000000002212                _ZN13RobotProtocol15TurnLeftMessageC2Eii
                0x0000000000002212                _ZN13RobotProtocol15TurnLeftMessageC1Eii
 .text._Z41__static_initialization_and_destruction_0ii.clone.0
                0x000000000000224a       0x32 ./src/robotProtocol/messages/TurnLeftMessage.o
 .text._GLOBAL__I__ZN13RobotProtocol15TurnLeftMessage13staticMessageE
                0x000000000000227c        0xa ./src/robotProtocol/messages/TurnLeftMessage.o
 .text._GLOBAL__D__ZN13RobotProtocol15TurnLeftMessage13staticMessageE
                0x0000000000002286        0xa ./src/robotProtocol/messages/TurnLeftMessage.o
 .text._ZN13RobotProtocol16TurnRightMessage8readDataEPPc
                0x0000000000002290        0x2 ./src/robotProtocol/messages/TurnRightMessage.o
                0x0000000000002290                _ZN13RobotProtocol16TurnRightMessage8readDataEPPc
 .text._ZN13RobotProtocol16TurnRightMessage9writeDataEPPc
                0x0000000000002292        0x2 ./src/robotProtocol/messages/TurnRightMessage.o
                0x0000000000002292                _ZN13RobotProtocol16TurnRightMessage9writeDataEPPc
 .text._ZN13RobotProtocol16TurnRightMessage16getMessageLengthEv
                0x0000000000002294        0x6 ./src/robotProtocol/messages/TurnRightMessage.o
                0x0000000000002294                _ZN13RobotProtocol16TurnRightMessage16getMessageLengthEv
 .text._ZN13RobotProtocol16TurnRightMessageD2Ev
                0x000000000000229a       0x10 ./src/robotProtocol/messages/TurnRightMessage.o
                0x000000000000229a                _ZN13RobotProtocol16TurnRightMessageD2Ev
                0x000000000000229a                _ZN13RobotProtocol16TurnRightMessageD1Ev
 .text._ZN13RobotProtocol16TurnRightMessageD0Ev
                0x00000000000022aa       0x20 ./src/robotProtocol/messages/TurnRightMessage.o
                0x00000000000022aa                _ZN13RobotProtocol16TurnRightMessageD0Ev
 .text._ZN13RobotProtocol16TurnRightMessage11deserializeEPc
                0x00000000000022ca       0x18 ./src/robotProtocol/messages/TurnRightMessage.o
                0x00000000000022ca                _ZN13RobotProtocol16TurnRightMessage11deserializeEPc
 .text._ZN13RobotProtocol16TurnRightMessageC2Eii
                0x00000000000022e2       0x38 ./src/robotProtocol/messages/TurnRightMessage.o
                0x00000000000022e2                _ZN13RobotProtocol16TurnRightMessageC2Eii
                0x00000000000022e2                _ZN13RobotProtocol16TurnRightMessageC1Eii
 .text._Z41__static_initialization_and_destruction_0ii.clone.0
                0x000000000000231a       0x32 ./src/robotProtocol/messages/TurnRightMessage.o
 .text._GLOBAL__I__ZN13RobotProtocol16TurnRightMessage13staticMessageE
                0x000000000000234c        0xa ./src/robotProtocol/messages/TurnRightMessage.o
 .text._GLOBAL__D__ZN13RobotProtocol16TurnRightMessage13staticMessageE
                0x0000000000002356        0xa ./src/robotProtocol/messages/TurnRightMessage.o
 .text._ZN13RobotProtocol17FollowLineCommand12isContinuousEv
                0x0000000000002360        0x4 ./src/robotProtocol/commands/FollowLineCommand.o
                0x0000000000002360                _ZN13RobotProtocol17FollowLineCommand12isContinuousEv
 .text._ZN13RobotProtocol17FollowLineCommand16resetFromMessageEPNS_7MessageE
                0x0000000000002364       0x36 ./src/robotProtocol/commands/FollowLineCommand.o
                0x0000000000002364                _ZN13RobotProtocol17FollowLineCommand16resetFromMessageEPNS_7MessageE
 .text._ZN13RobotProtocol17FollowLineCommand5resetEv
                0x000000000000239a       0x36 ./src/robotProtocol/commands/FollowLineCommand.o
                0x000000000000239a                _ZN13RobotProtocol17FollowLineCommand5resetEv
 .text._ZN13RobotProtocol17FollowLineCommand7executeEi
                0x00000000000023d0      0x1d6 ./src/robotProtocol/commands/FollowLineCommand.o
                0x00000000000023d0                _ZN13RobotProtocol17FollowLineCommand7executeEi
 .text._ZN13RobotProtocol17FollowLineCommandD2Ev
                0x00000000000025a6       0x10 ./src/robotProtocol/commands/FollowLineCommand.o
                0x00000000000025a6                _ZN13RobotProtocol17FollowLineCommandD2Ev
                0x00000000000025a6                _ZN13RobotProtocol17FollowLineCommandD1Ev
 .text._ZN13RobotProtocol17FollowLineCommandD0Ev
                0x00000000000025b6       0x20 ./src/robotProtocol/commands/FollowLineCommand.o
                0x00000000000025b6                _ZN13RobotProtocol17FollowLineCommandD0Ev
 .text._ZN13RobotProtocol17FollowLineCommandC2EPNS_2N6E
                0x00000000000025d6       0x28 ./src/robotProtocol/commands/FollowLineCommand.o
                0x00000000000025d6                _ZN13RobotProtocol17FollowLineCommandC1EPNS_2N6E
                0x00000000000025d6                _ZN13RobotProtocol17FollowLineCommandC2EPNS_2N6E
 .text._GLOBAL__I__ZN13RobotProtocol17FollowLineCommandC2EPNS_2N6E
                0x00000000000025fe       0x1a ./src/robotProtocol/commands/FollowLineCommand.o
 .text._GLOBAL__I__ZN13RobotProtocol20ReadIRSensorsCommandC2EPNS_2N6E
                0x0000000000002618       0x1a ./src/robotProtocol/commands/ReadIRSensorsCommand.o
 .text._GLOBAL__I__ZN13RobotProtocol19ReadUSSensorCommandC2EPNS_2N6E
                0x0000000000002632       0x1a ./src/robotProtocol/commands/ReadUSSensorCommand.o
 .text._GLOBAL__I__ZN13RobotProtocol20SendKeepAliveCommandC2EPNS_2N6EPNS_7MessageE
                0x000000000000264c       0x1a ./src/robotProtocol/commands/SendKeepAliveCommand.o
 .text._ZN13RobotProtocol20SetMotorSpeedCommand12isContinuousEv
                0x0000000000002666        0x4 ./src/robotProtocol/commands/SetMotorSpeedCommand.o
                0x0000000000002666                _ZN13RobotProtocol20SetMotorSpeedCommand12isContinuousEv
 .text._ZN13RobotProtocol20SetMotorSpeedCommand5resetEv
                0x000000000000266a        0x8 ./src/robotProtocol/commands/SetMotorSpeedCommand.o
                0x000000000000266a                _ZN13RobotProtocol20SetMotorSpeedCommand5resetEv
 .text._ZN13RobotProtocol20SetMotorSpeedCommand7executeEi
                0x0000000000002672        0x2 ./src/robotProtocol/commands/SetMotorSpeedCommand.o
                0x0000000000002672                _ZN13RobotProtocol20SetMotorSpeedCommand7executeEi
 .text._ZN13RobotProtocol20SetMotorSpeedCommandD2Ev
                0x0000000000002674       0x10 ./src/robotProtocol/commands/SetMotorSpeedCommand.o
                0x0000000000002674                _ZN13RobotProtocol20SetMotorSpeedCommandD1Ev
                0x0000000000002674                _ZN13RobotProtocol20SetMotorSpeedCommandD2Ev
 .text._ZN13RobotProtocol20SetMotorSpeedCommandD0Ev
                0x0000000000002684       0x20 ./src/robotProtocol/commands/SetMotorSpeedCommand.o
                0x0000000000002684                _ZN13RobotProtocol20SetMotorSpeedCommandD0Ev
 .text._ZN13RobotProtocol20SetMotorSpeedCommandC2EPNS_2N6E
                0x00000000000026a4       0x18 ./src/robotProtocol/commands/SetMotorSpeedCommand.o
                0x00000000000026a4                _ZN13RobotProtocol20SetMotorSpeedCommandC2EPNS_2N6E
                0x00000000000026a4                _ZN13RobotProtocol20SetMotorSpeedCommandC1EPNS_2N6E
 .text._ZN13RobotProtocol20SetMotorSpeedCommand12setLeftSpeedEi
                0x00000000000026bc       0x2a ./src/robotProtocol/commands/SetMotorSpeedCommand.o
                0x00000000000026bc                _ZN13RobotProtocol20SetMotorSpeedCommand12setLeftSpeedEi
 .text._ZN13RobotProtocol20SetMotorSpeedCommand13setRightSpeedEi
                0x00000000000026e6       0x2a ./src/robotProtocol/commands/SetMotorSpeedCommand.o
                0x00000000000026e6                _ZN13RobotProtocol20SetMotorSpeedCommand13setRightSpeedEi
 .text._ZN13RobotProtocol20SetMotorSpeedCommand16resetFromMessageEPNS_7MessageE
                0x0000000000002710       0x38 ./src/robotProtocol/commands/SetMotorSpeedCommand.o
                0x0000000000002710                _ZN13RobotProtocol20SetMotorSpeedCommand16resetFromMessageEPNS_7MessageE
 .text._GLOBAL__I__ZN13RobotProtocol20SetMotorSpeedCommandC2EPNS_2N6E
                0x0000000000002748       0x1a ./src/robotProtocol/commands/SetMotorSpeedCommand.o
 .text._ZN13RobotProtocol11TurnCommand12isContinuousEv
                0x0000000000002762        0x4 ./src/robotProtocol/commands/TurnCommand.o
                0x0000000000002762                _ZN13RobotProtocol11TurnCommand12isContinuousEv
 .text._ZN13RobotProtocol11TurnCommand5resetEv
                0x0000000000002766       0x32 ./src/robotProtocol/commands/TurnCommand.o
                0x0000000000002766                _ZN13RobotProtocol11TurnCommand5resetEv
 .text._ZN13RobotProtocol11TurnCommand7executeEi
                0x0000000000002798      0x11a ./src/robotProtocol/commands/TurnCommand.o
                0x0000000000002798                _ZN13RobotProtocol11TurnCommand7executeEi
 .text._ZN13RobotProtocol11TurnCommand16resetFromMessageEPNS_7MessageE
                0x00000000000028b2       0x72 ./src/robotProtocol/commands/TurnCommand.o
                0x00000000000028b2                _ZN13RobotProtocol11TurnCommand16resetFromMessageEPNS_7MessageE
 .text._ZN13RobotProtocol11TurnCommandD2Ev
                0x0000000000002924       0x10 ./src/robotProtocol/commands/TurnCommand.o
                0x0000000000002924                _ZN13RobotProtocol11TurnCommandD1Ev
                0x0000000000002924                _ZN13RobotProtocol11TurnCommandD2Ev
 .text._ZN13RobotProtocol11TurnCommandD0Ev
                0x0000000000002934       0x20 ./src/robotProtocol/commands/TurnCommand.o
                0x0000000000002934                _ZN13RobotProtocol11TurnCommandD0Ev
 .text._ZN13RobotProtocol11TurnCommandC2EPNS_2N6E
                0x0000000000002954       0x28 ./src/robotProtocol/commands/TurnCommand.o
                0x0000000000002954                _ZN13RobotProtocol11TurnCommandC2EPNS_2N6E
                0x0000000000002954                _ZN13RobotProtocol11TurnCommandC1EPNS_2N6E
 .text._GLOBAL__I__ZN13RobotProtocol11TurnCommandC2EPNS_2N6E
                0x000000000000297c       0x1a ./src/robotProtocol/commands/TurnCommand.o
 .text._ZN13RobotProtocol7CommandD2Ev
                0x0000000000002996        0xc ./src/robotProtocol/Command.o
                0x0000000000002996                _ZN13RobotProtocol7CommandD1Ev
                0x0000000000002996                _ZN13RobotProtocol7CommandD2Ev
 .text._ZN13RobotProtocol7CommandD0Ev
                0x00000000000029a2       0x10 ./src/robotProtocol/Command.o
                0x00000000000029a2                _ZN13RobotProtocol7CommandD0Ev
 .text._ZN13RobotProtocol7CommandC2EPNS_2N6E
                0x00000000000029b2       0x12 ./src/robotProtocol/Command.o
                0x00000000000029b2                _ZN13RobotProtocol7CommandC2EPNS_2N6E
                0x00000000000029b2                _ZN13RobotProtocol7CommandC1EPNS_2N6E
 .text._ZN13RobotProtocol7Command6isDoneEv
                0x00000000000029c4        0x6 ./src/robotProtocol/Command.o
                0x00000000000029c4                _ZN13RobotProtocol7Command6isDoneEv
 .text._GLOBAL__I__ZN13RobotProtocol7CommandC2EPNS_2N6E
                0x00000000000029ca       0x1a ./src/robotProtocol/Command.o
 .text._ZN13RobotProtocol7MessageD2Ev
                0x00000000000029e4        0xc ./src/robotProtocol/Message.o
                0x00000000000029e4                _ZN13RobotProtocol7MessageD2Ev
                0x00000000000029e4                _ZN13RobotProtocol7MessageD1Ev
 .text._ZN13RobotProtocol7Message16getMessageLengthEv
                0x00000000000029f0        0x6 ./src/robotProtocol/Message.o
                0x00000000000029f0                _ZN13RobotProtocol7Message16getMessageLengthEv
 .text._ZN13RobotProtocol7MessageD0Ev
                0x00000000000029f6       0x10 ./src/robotProtocol/Message.o
                0x00000000000029f6                _ZN13RobotProtocol7MessageD0Ev
 .text._ZN13RobotProtocol7MessageC2Eiiiii
                0x0000000000002a06       0x30 ./src/robotProtocol/Message.o
                0x0000000000002a06                _ZN13RobotProtocol7MessageC1Eiiiii
                0x0000000000002a06                _ZN13RobotProtocol7MessageC2Eiiiii
 .text._ZN13RobotProtocol7Message12getMessageIDEv
                0x0000000000002a36        0x8 ./src/robotProtocol/Message.o
                0x0000000000002a36                _ZN13RobotProtocol7Message12getMessageIDEv
 .text._ZN13RobotProtocol7Message12setToAddressEi
                0x0000000000002a3e        0x8 ./src/robotProtocol/Message.o
                0x0000000000002a3e                _ZN13RobotProtocol7Message12setToAddressEi
 .text._ZN13RobotProtocol7Message14setFromAddressEi
                0x0000000000002a46        0x8 ./src/robotProtocol/Message.o
                0x0000000000002a46                _ZN13RobotProtocol7Message14setFromAddressEi
 .text._ZN13RobotProtocol7Message10readHeaderEPPc
                0x0000000000002a4e      0x11a ./src/robotProtocol/Message.o
                0x0000000000002a4e                _ZN13RobotProtocol7Message10readHeaderEPPc
 .text._ZN13RobotProtocol7Message10initializeEPc
                0x0000000000002b68       0x4a ./src/robotProtocol/Message.o
                0x0000000000002b68                _ZN13RobotProtocol7Message10initializeEPc
 .text._ZN13RobotProtocol7Message11writeHeaderEPPc
                0x0000000000002bb2       0xb8 ./src/robotProtocol/Message.o
                0x0000000000002bb2                _ZN13RobotProtocol7Message11writeHeaderEPPc
 .text._ZN13RobotProtocol7Message16serializeMessageEPc
                0x0000000000002c6a       0x4a ./src/robotProtocol/Message.o
                0x0000000000002c6a                _ZN13RobotProtocol7Message16serializeMessageEPc
 .text._ZN13RobotProtocol14MessageManagerD2Ev
                0x0000000000002cb4        0xc ./src/robotProtocol/MessageManager.o
                0x0000000000002cb4                _ZN13RobotProtocol14MessageManagerD1Ev
                0x0000000000002cb4                _ZN13RobotProtocol14MessageManagerD2Ev
 .text._ZN13RobotProtocol14MessageManagerD0Ev
                0x0000000000002cc0       0x10 ./src/robotProtocol/MessageManager.o
                0x0000000000002cc0                _ZN13RobotProtocol14MessageManagerD0Ev
 .text._ZN13RobotProtocol14MessageManagerC2EPNS_15MessageReceiverEPNS_13MessageSenderE
                0x0000000000002cd0       0x6c ./src/robotProtocol/MessageManager.o
                0x0000000000002cd0                _ZN13RobotProtocol14MessageManagerC2EPNS_15MessageReceiverEPNS_13MessageSenderE
                0x0000000000002cd0                _ZN13RobotProtocol14MessageManagerC1EPNS_15MessageReceiverEPNS_13MessageSenderE
 .text._ZN13RobotProtocol14MessageManager17hasPendingMessageEv
                0x0000000000002d3c       0x1a ./src/robotProtocol/MessageManager.o
                0x0000000000002d3c                _ZN13RobotProtocol14MessageManager17hasPendingMessageEv
 .text._ZN13RobotProtocol14MessageManager11getMidIndexEi
                0x0000000000002d56       0x34 ./src/robotProtocol/MessageManager.o
                0x0000000000002d56                _ZN13RobotProtocol14MessageManager11getMidIndexEi
 .text._ZN13RobotProtocol14MessageManager11sendMessageERNS_7MessageE
                0x0000000000002d8a       0xb0 ./src/robotProtocol/MessageManager.o
                0x0000000000002d8a                _ZN13RobotProtocol14MessageManager11sendMessageERNS_7MessageE
 .text._ZN13RobotProtocol14MessageManager15addDeserializerEiPFPNS_7MessageEPcE
                0x0000000000002e3a       0x94 ./src/robotProtocol/MessageManager.o
                0x0000000000002e3a                _ZN13RobotProtocol14MessageManager15addDeserializerEiPFPNS_7MessageEPcE
 .text._ZN13RobotProtocol15MessageReceiverD2Ev
                0x0000000000002ece        0xc ./src/robotProtocol/MessageReceiver.o
                0x0000000000002ece                _ZN13RobotProtocol15MessageReceiverD2Ev
                0x0000000000002ece                _ZN13RobotProtocol15MessageReceiverD1Ev
 .text._ZN13RobotProtocol15MessageReceiverD0Ev
                0x0000000000002eda       0x10 ./src/robotProtocol/MessageReceiver.o
                0x0000000000002eda                _ZN13RobotProtocol15MessageReceiverD0Ev
 .text._ZN13RobotProtocol15MessageReceiverC2Ev
                0x0000000000002eea        0xc ./src/robotProtocol/MessageReceiver.o
                0x0000000000002eea                _ZN13RobotProtocol15MessageReceiverC1Ev
                0x0000000000002eea                _ZN13RobotProtocol15MessageReceiverC2Ev
 .text._ZN13RobotProtocol13MessageSenderD2Ev
                0x0000000000002ef6        0xc ./src/robotProtocol/MessageSender.o
                0x0000000000002ef6                _ZN13RobotProtocol13MessageSenderD1Ev
                0x0000000000002ef6                _ZN13RobotProtocol13MessageSenderD2Ev
 .text._ZN13RobotProtocol13MessageSenderD0Ev
                0x0000000000002f02       0x10 ./src/robotProtocol/MessageSender.o
                0x0000000000002f02                _ZN13RobotProtocol13MessageSenderD0Ev
 .text._ZN13RobotProtocol13MessageSenderC2Ev
                0x0000000000002f12        0xc ./src/robotProtocol/MessageSender.o
                0x0000000000002f12                _ZN13RobotProtocol13MessageSenderC1Ev
                0x0000000000002f12                _ZN13RobotProtocol13MessageSenderC2Ev
 .text._ZN13RobotProtocol2N6D2Ev
                0x0000000000002f1e       0x14 ./src/robotProtocol/N6.o
                0x0000000000002f1e                _ZN13RobotProtocol2N6D1Ev
                0x0000000000002f1e                _ZN13RobotProtocol2N6D2Ev
 .text._ZN13RobotProtocol2N6D0Ev
                0x0000000000002f32       0x24 ./src/robotProtocol/N6.o
                0x0000000000002f32                _ZN13RobotProtocol2N6D0Ev
 .text._ZN13RobotProtocol2N610getRobotIdEv
                0x0000000000002f56        0x8 ./src/robotProtocol/N6.o
                0x0000000000002f56                _ZN13RobotProtocol2N610getRobotIdEv
 .text._ZN13RobotProtocol2N611getMasterIdEv
                0x0000000000002f5e        0x8 ./src/robotProtocol/N6.o
                0x0000000000002f5e                _ZN13RobotProtocol2N611getMasterIdEv
 .text._ZN13RobotProtocol2N611beepConfirmEv
                0x0000000000002f66       0x20 ./src/robotProtocol/N6.o
                0x0000000000002f66                _ZN13RobotProtocol2N611beepConfirmEv
 .text._ZN13RobotProtocol2N610initializeEPNS_14MessageManagerEii
                0x0000000000002f86       0x9c ./src/robotProtocol/N6.o
                0x0000000000002f86                _ZN13RobotProtocol2N610initializeEPNS_14MessageManagerEii
 .text._ZN13RobotProtocol2N6C2EPNS_14MessageManagerEi
                0x0000000000003022       0x40 ./src/robotProtocol/N6.o
                0x0000000000003022                _ZN13RobotProtocol2N6C2EPNS_14MessageManagerEi
                0x0000000000003022                _ZN13RobotProtocol2N6C1EPNS_14MessageManagerEi
 .text._ZN13RobotProtocol2N611getMidIndexEi
                0x0000000000003062       0x2c ./src/robotProtocol/N6.o
                0x0000000000003062                _ZN13RobotProtocol2N611getMidIndexEi
 .text._ZN13RobotProtocol2N610addCommandEiPNS_7CommandE
                0x000000000000308e       0x8c ./src/robotProtocol/N6.o
                0x000000000000308e                _ZN13RobotProtocol2N610addCommandEiPNS_7CommandE
 .text._ZN13RobotProtocol2N66updateEi
                0x000000000000311a       0xbe ./src/robotProtocol/N6.o
                0x000000000000311a                _ZN13RobotProtocol2N66updateEi
 .text._ZN13RobotProtocol2N617setLeftMotorSpeedEf
                0x00000000000031d8        0xa ./src/robotProtocol/N6.o
                0x00000000000031d8                _ZN13RobotProtocol2N617setLeftMotorSpeedEf
 .text._ZN13RobotProtocol2N618setRightMotorSpeedEf
                0x00000000000031e2        0xa ./src/robotProtocol/N6.o
                0x00000000000031e2                _ZN13RobotProtocol2N618setRightMotorSpeedEf
 .text._ZN13RobotProtocol2N615getLeftIRSensorEv
                0x00000000000031ec       0x12 ./src/robotProtocol/N6.o
                0x00000000000031ec                _ZN13RobotProtocol2N615getLeftIRSensorEv
 .text._ZN13RobotProtocol2N616getRightIRSensorEv
                0x00000000000031fe       0x12 ./src/robotProtocol/N6.o
                0x00000000000031fe                _ZN13RobotProtocol2N616getRightIRSensorEv
 .text._ZN13RobotProtocol2N69isOnWhiteEv
                0x0000000000003210       0x46 ./src/robotProtocol/N6.o
                0x0000000000003210                _ZN13RobotProtocol2N69isOnWhiteEv
 .text._ZN13RobotProtocol2N69isOnBlackEv
                0x0000000000003256       0x42 ./src/robotProtocol/N6.o
                0x0000000000003256                _ZN13RobotProtocol2N69isOnBlackEv
 .text._ZN13RobotProtocol2N613isLeftOnBlackEv
                0x0000000000003298       0x1e ./src/robotProtocol/N6.o
                0x0000000000003298                _ZN13RobotProtocol2N613isLeftOnBlackEv
 .text._ZN13RobotProtocol2N68isOnGrayEv
                0x00000000000032b6       0xf0 ./src/robotProtocol/N6.o
                0x00000000000032b6                _ZN13RobotProtocol2N68isOnGrayEv
 .text._ZN13RobotProtocol2N617getMessageManagerEv
                0x00000000000033a6        0x8 ./src/robotProtocol/N6.o
                0x00000000000033a6                _ZN13RobotProtocol2N617getMessageManagerEv
 .text._GLOBAL__I__ZN13RobotProtocol2N6C2EPNS_14MessageManagerEi
                0x00000000000033ae       0x1a ./src/robotProtocol/N6.o
 .text._ZN13RobotProtocol20SerialSenderReceiver14getNextMessageEPcRi
                0x00000000000033c8       0x78 ./src/robotProtocol/SerialSenderReceiver.o
                0x00000000000033c8                _ZN13RobotProtocol20SerialSenderReceiver14getNextMessageEPcRi
 .text._ZN13RobotProtocol20SerialSenderReceiver11sendMessageEPci
                0x0000000000003440       0x80 ./src/robotProtocol/SerialSenderReceiver.o
                0x0000000000003440                _ZN13RobotProtocol20SerialSenderReceiver11sendMessageEPci
 .text._ZN13RobotProtocol20SerialSenderReceiver17hasPendingMessageEv
                0x00000000000034c0      0x158 ./src/robotProtocol/SerialSenderReceiver.o
                0x00000000000034c0                _ZN13RobotProtocol20SerialSenderReceiver17hasPendingMessageEv
 .text._ZN13RobotProtocol20SerialSenderReceiverD2Ev
                0x0000000000003618       0x28 ./src/robotProtocol/SerialSenderReceiver.o
                0x0000000000003618                _ZN13RobotProtocol20SerialSenderReceiverD2Ev
                0x0000000000003618                _ZN13RobotProtocol20SerialSenderReceiverD1Ev
 .text._ZN13RobotProtocol20SerialSenderReceiverD0Ev
                0x0000000000003640       0x16 ./src/robotProtocol/SerialSenderReceiver.o
                0x0000000000003640                _ZN13RobotProtocol20SerialSenderReceiverD0Ev
 .text._ZN13RobotProtocol20SerialSenderReceiverC2Ev
                0x0000000000003656       0x4a ./src/robotProtocol/SerialSenderReceiver.o
                0x0000000000003656                _ZN13RobotProtocol20SerialSenderReceiverC1Ev
                0x0000000000003656                _ZN13RobotProtocol20SerialSenderReceiverC2Ev
 .text._GLOBAL__I__ZN13RobotProtocol20SerialSenderReceiverC2Ev
                0x00000000000036a0       0x1a ./src/robotProtocol/SerialSenderReceiver.o
 .text._ZThn2_N13RobotProtocol20SerialSenderReceiverD0Ev
                0x00000000000036ba        0x8 ./src/robotProtocol/SerialSenderReceiver.o
                0x00000000000036ba                _ZThn2_N13RobotProtocol20SerialSenderReceiverD0Ev
 .text._ZThn2_N13RobotProtocol20SerialSenderReceiverD1Ev
                0x00000000000036c2        0x8 ./src/robotProtocol/SerialSenderReceiver.o
                0x00000000000036c2                _ZThn2_N13RobotProtocol20SerialSenderReceiverD1Ev
 .text._ZThn2_N13RobotProtocol20SerialSenderReceiver17hasPendingMessageEv
                0x00000000000036ca        0x8 ./src/robotProtocol/SerialSenderReceiver.o
                0x00000000000036ca                _ZThn2_N13RobotProtocol20SerialSenderReceiver17hasPendingMessageEv
 .text._ZThn2_N13RobotProtocol20SerialSenderReceiver14getNextMessageEPcRi
                0x00000000000036d2        0x8 ./src/robotProtocol/SerialSenderReceiver.o
                0x00000000000036d2                _ZThn2_N13RobotProtocol20SerialSenderReceiver14getNextMessageEPcRi
 .text.Endpoint_ConfigureEndpoint_Prv
                0x00000000000036da       0x26 ./src/DuinoBotKids.v1.xx_0022/LUFA/Drivers/USB/LowLevel/Endpoint.o
                0x00000000000036da                Endpoint_ConfigureEndpoint_Prv
 .text.Endpoint_ClearStatusStage
                0x0000000000003700       0x42 ./src/DuinoBotKids.v1.xx_0022/LUFA/Drivers/USB/LowLevel/Endpoint.o
                0x0000000000003700                Endpoint_ClearStatusStage
 .text.Endpoint_WaitUntilReady
                0x0000000000003742       0x64 ./src/DuinoBotKids.v1.xx_0022/LUFA/Drivers/USB/LowLevel/Endpoint.o
                0x0000000000003742                Endpoint_WaitUntilReady
 .text.USB_ResetInterface
                0x00000000000037a6       0x9a ./src/DuinoBotKids.v1.xx_0022/LUFA/Drivers/USB/LowLevel/USBController.o
                0x00000000000037a6                USB_ResetInterface
 .text.USB_Init
                0x0000000000003840       0x16 ./src/DuinoBotKids.v1.xx_0022/LUFA/Drivers/USB/LowLevel/USBController.o
                0x0000000000003840                USB_Init
 .text.USB_INT_DisableAllInterrupts
                0x0000000000003856       0x10 ./src/DuinoBotKids.v1.xx_0022/LUFA/Drivers/USB/LowLevel/USBInterrupt.o
                0x0000000000003856                USB_INT_DisableAllInterrupts
 .text.USB_INT_ClearAllInterrupts
                0x0000000000003866        0xa ./src/DuinoBotKids.v1.xx_0022/LUFA/Drivers/USB/LowLevel/USBInterrupt.o
                0x0000000000003866                USB_INT_ClearAllInterrupts
 .text.__vector_10
                0x0000000000003870      0x192 ./src/DuinoBotKids.v1.xx_0022/LUFA/Drivers/USB/LowLevel/USBInterrupt.o
                0x0000000000003870                __vector_10
 .text.USB_Device_ProcessControlRequest
                0x0000000000003a02      0x250 ./src/DuinoBotKids.v1.xx_0022/LUFA/Drivers/USB/HighLevel/DeviceStandardReq.o
                0x0000000000003a02                USB_Device_ProcessControlRequest
 .text.Endpoint_Write_Control_Stream_LE
                0x0000000000003c52       0xb8 ./src/DuinoBotKids.v1.xx_0022/LUFA/Drivers/USB/HighLevel/EndpointStream.o
                0x0000000000003c52                Endpoint_Write_Control_Stream_LE
 .text.Endpoint_Write_Control_PStream_LE
                0x0000000000003d0a       0xbc ./src/DuinoBotKids.v1.xx_0022/LUFA/Drivers/USB/HighLevel/EndpointStream.o
                0x0000000000003d0a                Endpoint_Write_Control_PStream_LE
 .text.Endpoint_Read_Control_Stream_LE
                0x0000000000003dc6       0x80 ./src/DuinoBotKids.v1.xx_0022/LUFA/Drivers/USB/HighLevel/EndpointStream.o
                0x0000000000003dc6                Endpoint_Read_Control_Stream_LE
 .text.USB_Event_Stub
                0x0000000000003e46        0x2 ./src/DuinoBotKids.v1.xx_0022/LUFA/Drivers/USB/HighLevel/Events.o
                0x0000000000003e46                EVENT_USB_Device_WakeUp
                0x0000000000003e46                USB_Event_Stub
                0x0000000000003e46                EVENT_USB_Device_Suspend
                0x0000000000003e46                EVENT_USB_Device_StartOfFrame
                0x0000000000003e46                EVENT_USB_Device_Reset
 .text.USB_USBTask
                0x0000000000003e48       0x28 ./src/DuinoBotKids.v1.xx_0022/LUFA/Drivers/USB/HighLevel/USBTask.o
                0x0000000000003e48                USB_USBTask
 .text.CDC_Device_Event_Stub
                0x0000000000003e70        0x2 ./src/DuinoBotKids.v1.xx_0022/LUFA/Drivers/USB/Class/Device/CDC.o
                0x0000000000003e70                EVENT_CDC_Device_LineEncodingChanged
                0x0000000000003e70                EVENT_CDC_Device_BreakSent
                0x0000000000003e70                CDC_Device_Event_Stub
 .text.CDC_Device_ProcessControlRequest
                0x0000000000003e72       0xe8 ./src/DuinoBotKids.v1.xx_0022/LUFA/Drivers/USB/Class/Device/CDC.o
                0x0000000000003e72                CDC_Device_ProcessControlRequest
 .text.CDC_Device_ConfigureEndpoints
                0x0000000000003f5a       0x98 ./src/DuinoBotKids.v1.xx_0022/LUFA/Drivers/USB/Class/Device/CDC.o
                0x0000000000003f5a                CDC_Device_ConfigureEndpoints
 .text.CDC_Device_SendByte
                0x0000000000003ff2       0x5c ./src/DuinoBotKids.v1.xx_0022/LUFA/Drivers/USB/Class/Device/CDC.o
                0x0000000000003ff2                CDC_Device_SendByte
 .text.CDC_Device_Flush
                0x000000000000404e       0x6a ./src/DuinoBotKids.v1.xx_0022/LUFA/Drivers/USB/Class/Device/CDC.o
                0x000000000000404e                CDC_Device_Flush
 .text.CDC_Device_USBTask
                0x00000000000040b8       0x22 ./src/DuinoBotKids.v1.xx_0022/LUFA/Drivers/USB/Class/Device/CDC.o
                0x00000000000040b8                CDC_Device_USBTask
 .text.CDC_Device_ReceiveByte
                0x00000000000040da       0x76 ./src/DuinoBotKids.v1.xx_0022/LUFA/Drivers/USB/Class/Device/CDC.o
                0x00000000000040da                CDC_Device_ReceiveByte
 .text._ZN7DCMotorC1Eiiib
                0x0000000000004150       0x72 ./src/DuinoBotKids.v1.xx_0022/DCMotor/DCMotor.o
                0x0000000000004150                _ZN7DCMotorC1Eiiib
 .text._ZN7DCMotor8setSpeedEf
                0x00000000000041c2      0x17a ./src/DuinoBotKids.v1.xx_0022/DCMotor/DCMotor.o
                0x00000000000041c2                _ZN7DCMotor8setSpeedEf
 .text._ZN7DCMotor12setClockwiseEb
                0x000000000000433c       0x18 ./src/DuinoBotKids.v1.xx_0022/DCMotor/DCMotor.o
                0x000000000000433c                _ZN7DCMotor12setClockwiseEb
 .text._GLOBAL__I__ZN7DCMotor8setSpeedEf
                0x0000000000004354       0x48 ./src/DuinoBotKids.v1.xx_0022/DCMotor/DCMotor.o
 .text._ZN9CDCSerial5writeEPKc
                0x000000000000439c        0x8 ./src/DuinoBotKids.v1.xx_0022/CDCSerial.o
                0x000000000000439c                _ZN9CDCSerial5writeEPKc
 .text._ZN9CDCSerial5writeEPKhj
                0x00000000000043a4        0x8 ./src/DuinoBotKids.v1.xx_0022/CDCSerial.o
                0x00000000000043a4                _ZN9CDCSerial5writeEPKhj
 .text._ZN9CDCSerial5writeEh
                0x00000000000043ac       0x22 ./src/DuinoBotKids.v1.xx_0022/CDCSerial.o
                0x00000000000043ac                _ZN9CDCSerial5writeEh
 .text._Z10store_charhP11ring_buffer
                0x00000000000043ce       0x46 ./src/DuinoBotKids.v1.xx_0022/CDCSerial.o
                0x00000000000043ce                _Z10store_charhP11ring_buffer
 .text._ZN9CDCSerial5storeEc
                0x0000000000004414        0xc ./src/DuinoBotKids.v1.xx_0022/CDCSerial.o
                0x0000000000004414                _ZN9CDCSerial5storeEc
 .text._ZN9CDCSerial5beginEl
                0x0000000000004420        0x2 ./src/DuinoBotKids.v1.xx_0022/CDCSerial.o
                0x0000000000004420                _ZN9CDCSerial5beginEl
 .text._GLOBAL__I_rx_buffer_cdc
                0x0000000000004422       0x1a ./src/DuinoBotKids.v1.xx_0022/CDCSerial.o
 .text.__cxa_pure_virtual
                0x000000000000443c        0x2 ./src/DuinoBotKids.v1.xx_0022/CPPLib.o
                0x000000000000443c                __cxa_pure_virtual
 .text._ZdlPv   0x000000000000443e        0xa ./src/DuinoBotKids.v1.xx_0022/CPPLib.o
                0x000000000000443e                _ZdlPv
 .text.CALLBACK_USB_GetDescriptor
                0x0000000000004448       0x48 ./src/DuinoBotKids.v1.xx_0022/Descriptors.o
                0x0000000000004448                CALLBACK_USB_GetDescriptor
 .text._ZN14HardwareSerial9availableEv
                0x0000000000004490       0x26 ./src/DuinoBotKids.v1.xx_0022/HardwareSerial.o
                0x0000000000004490                _ZN14HardwareSerial9availableEv
 .text._ZN14HardwareSerial4peekEv
                0x00000000000044b6       0x34 ./src/DuinoBotKids.v1.xx_0022/HardwareSerial.o
                0x00000000000044b6                _ZN14HardwareSerial4peekEv
 .text._ZN14HardwareSerial4readEv
                0x00000000000044ea       0x44 ./src/DuinoBotKids.v1.xx_0022/HardwareSerial.o
                0x00000000000044ea                _ZN14HardwareSerial4readEv
 .text._ZN14HardwareSerial5flushEv
                0x000000000000452e       0x22 ./src/DuinoBotKids.v1.xx_0022/HardwareSerial.o
                0x000000000000452e                _ZN14HardwareSerial5flushEv
 .text._ZN14HardwareSerial5writeEh
                0x0000000000004550       0x26 ./src/DuinoBotKids.v1.xx_0022/HardwareSerial.o
                0x0000000000004550                _ZN14HardwareSerial5writeEh
 .text.__vector_25
                0x0000000000004576       0x50 ./src/DuinoBotKids.v1.xx_0022/HardwareSerial.o
                0x0000000000004576                __vector_25
 .text._ZN14HardwareSerial5beginEl
                0x00000000000045c6       0xb2 ./src/DuinoBotKids.v1.xx_0022/HardwareSerial.o
                0x00000000000045c6                _ZN14HardwareSerial5beginEl
 .text._GLOBAL__I_rx_buffer1
                0x0000000000004678       0x74 ./src/DuinoBotKids.v1.xx_0022/HardwareSerial.o
 .text._ZN5Print5writeEPKc
                0x00000000000046ec       0x32 ./src/DuinoBotKids.v1.xx_0022/Print.o
                0x00000000000046ec                _ZN5Print5writeEPKc
 .text._ZN5Print5writeEPKhj
                0x000000000000471e       0x3e ./src/DuinoBotKids.v1.xx_0022/Print.o
                0x000000000000471e                _ZN5Print5writeEPKhj
 .text._Z4tonehjm
                0x000000000000475c      0x550 ./src/DuinoBotKids.v1.xx_0022/Tone.o
                0x000000000000475c                _Z4tonehjm
 .text._Z12disableTimerh
                0x0000000000004cac       0x66 ./src/DuinoBotKids.v1.xx_0022/Tone.o
                0x0000000000004cac                _Z12disableTimerh
 .text.__vector_21
                0x0000000000004d12       0xca ./src/DuinoBotKids.v1.xx_0022/Tone.o
                0x0000000000004d12                __vector_21
 .text.__vector_17
                0x0000000000004ddc       0xca ./src/DuinoBotKids.v1.xx_0022/Tone.o
                0x0000000000004ddc                __vector_17
 .text.CDC_Send
                0x0000000000004ea6       0x2a ./src/DuinoBotKids.v1.xx_0022/VirtualSerial.o