Archive member included because of file (symbol)

/usr/lib/gcc/avr/4.5.3/avr5/libgcc.a(_mulsi3.o)
                              ./src/DuinoBotKids.v1.xx_0022/Tone.o (__mulsi3)
/usr/lib/gcc/avr/4.5.3/avr5/libgcc.a(_divmodhi4.o)
                              ./src/robotProtocol/N6.o (__divmodhi4)
/usr/lib/gcc/avr/4.5.3/avr5/libgcc.a(_udivmodsi4.o)
                              ./src/robotProtocol/N6.o (__udivmodsi4)
/usr/lib/gcc/avr/4.5.3/avr5/libgcc.a(_divmodsi4.o)
                              ./src/DuinoBotKids.v1.xx_0022/WMath.o (__divmodsi4)
/usr/lib/gcc/avr/4.5.3/avr5/libgcc.a(_exit.o)
                              /usr/lib/gcc/avr/4.5.3/../../../avr/lib/avr5/crtm32u4.o (exit)
/usr/lib/gcc/avr/4.5.3/avr5/libgcc.a(_copy_data.o)
                              ./src/robotProtocol/messages/CommandAcceptedMessage.o (__do_copy_data)
/usr/lib/gcc/avr/4.5.3/avr5/libgcc.a(_clear_bss.o)
                              ./src/robotProtocol/commands/FollowLineCommand.o (__do_clear_bss)
/usr/lib/gcc/avr/4.5.3/avr5/libgcc.a(_ctors.o)
                              ./src/robotProtocol/commands/FollowLineCommand.o (__do_global_ctors)
/usr/lib/gcc/avr/4.5.3/avr5/libgcc.a(_fixunssfsi.o)
                              ./src/DuinoBotKids.v1.xx_0022/Print.o (__fixunssfsi)
/usr/lib/gcc/avr/4.5.3/avr5/libgcc.a(_addsub_sf.o)
                              ./src/DuinoBotKids.v1.xx_0022/Print.o (__addsf3)
/usr/lib/gcc/avr/4.5.3/avr5/libgcc.a(_mul_sf.o)
                              ./src/DuinoBotKids.v1.xx_0022/DCMotor/DCMotor.o (__mulsf3)
/usr/lib/gcc/avr/4.5.3/avr5/libgcc.a(_div_sf.o)
                              ./src/DuinoBotKids.v1.xx_0022/DCMotor/DCMotor.o (__divsf3)
/usr/lib/gcc/avr/4.5.3/avr5/libgcc.a(_gt_sf.o)
                              ./src/robotProtocol/N6.o (__gtsf2)
/usr/lib/gcc/avr/4.5.3/avr5/libgcc.a(_ge_sf.o)
                              /usr/lib/gcc/avr/4.5.3/avr5/libgcc.a(_fixunssfsi.o) (__gesf2)
/usr/lib/gcc/avr/4.5.3/avr5/libgcc.a(_lt_sf.o)
                              ./src/robotProtocol/N6.o (__ltsf2)
/usr/lib/gcc/avr/4.5.3/avr5/libgcc.a(_si_to_sf.o)
                              ./src/robotProtocol/commands/SetMotorSpeedCommand.o (__floatsisf)
/usr/lib/gcc/avr/4.5.3/avr5/libgcc.a(_sf_to_si.o)
                              ./src/robotProtocol/N6.o (__fixsfsi)
/usr/lib/gcc/avr/4.5.3/avr5/libgcc.a(_thenan_sf.o)
                              /usr/lib/gcc/avr/4.5.3/avr5/libgcc.a(_addsub_sf.o) (__thenan_sf)
/usr/lib/gcc/avr/4.5.3/avr5/libgcc.a(_usi_to_sf.o)
                              ./src/DuinoBotKids.v1.xx_0022/Print.o (__floatunsisf)
/usr/lib/gcc/avr/4.5.3/avr5/libgcc.a(_udivmodhi4.o)
                              /usr/lib/gcc/avr/4.5.3/avr5/libgcc.a(_divmodhi4.o) (__udivmodhi4)
/usr/lib/gcc/avr/4.5.3/avr5/libgcc.a(_prologue.o)
                              /usr/lib/gcc/avr/4.5.3/avr5/libgcc.a(_addsub_sf.o) (__prologue_saves__)
/usr/lib/gcc/avr/4.5.3/avr5/libgcc.a(_epilogue.o)
                              /usr/lib/gcc/avr/4.5.3/avr5/libgcc.a(_addsub_sf.o) (__epilogue_restores__)
/usr/lib/gcc/avr/4.5.3/avr5/libgcc.a(_tablejump.o)
                              /usr/lib/gcc/avr/4.5.3/avr5/libgcc.a(_ctors.o) (__tablejump__)
/usr/lib/gcc/avr/4.5.3/avr5/libgcc.a(_clzsi2.o)
                              /usr/lib/gcc/avr/4.5.3/avr5/libgcc.a(_si_to_sf.o) (__clzsi2)
/usr/lib/gcc/avr/4.5.3/avr5/libgcc.a(_pack_sf.o)
                              /usr/lib/gcc/avr/4.5.3/avr5/libgcc.a(_addsub_sf.o) (__pack_f)
/usr/lib/gcc/avr/4.5.3/avr5/libgcc.a(_unpack_sf.o)
                              /usr/lib/gcc/avr/4.5.3/avr5/libgcc.a(_addsub_sf.o) (__unpack_f)
/usr/lib/gcc/avr/4.5.3/avr5/libgcc.a(_fpcmp_parts_sf.o)
                              /usr/lib/gcc/avr/4.5.3/avr5/libgcc.a(_gt_sf.o) (__fpcmp_parts_f)
/usr/lib/gcc/avr/4.5.3/avr5/libgcc.a(_clz.o)
                              /usr/lib/gcc/avr/4.5.3/avr5/libgcc.a(_clzsi2.o) (__clz_tab)
/usr/lib/gcc/avr/4.5.3/../../../avr/lib/avr5/libc.a(malloc.o)
                              ./src/DuinoBotKids.v1.xx_0022/CPPLib.o (malloc)
/usr/lib/gcc/avr/4.5.3/../../../avr/lib/avr5/libc.a(random.o)
                              ./src/DuinoBotKids.v1.xx_0022/WMath.o (random)
/usr/lib/gcc/avr/4.5.3/../../../avr/lib/avr5/libc.a(realloc.o)
                              ./src/DuinoBotKids.v1.xx_0022/WString.o (realloc)
/usr/lib/gcc/avr/4.5.3/../../../avr/lib/avr5/libc.a(strtol.o)
                              ./src/robotProtocol/messages/CommandAcceptedMessage.o (strtol)
/usr/lib/gcc/avr/4.5.3/../../../avr/lib/avr5/libc.a(atol.o)
                              ./src/DuinoBotKids.v1.xx_0022/WString.o (atol)
/usr/lib/gcc/avr/4.5.3/../../../avr/lib/avr5/libc.a(isspace.o)
                              ./src/DuinoBotKids.v1.xx_0022/WString.o (isspace)
/usr/lib/gcc/avr/4.5.3/../../../avr/lib/avr5/libc.a(tolower.o)
                              ./src/DuinoBotKids.v1.xx_0022/WString.o (tolower)
/usr/lib/gcc/avr/4.5.3/../../../avr/lib/avr5/libc.a(toupper.o)
[...]
Memory Configuration

Name             Origin             Length             Attributes
text             0x0000000000000000 0x0000000000020000 xr
data             0x0000000000800060 0x000000000000ffa0 rw !x
eeprom           0x0000000000810000 0x0000000000010000 rw !x
fuse             0x0000000000820000 0x0000000000000400 rw !x
lock             0x0000000000830000 0x0000000000000400 rw !x
signature        0x0000000000840000 0x0000000000000400 rw !x
*default*        0x0000000000000000 0xffffffffffffffff

Linker script and memory map

Address of section .data set to 0x800100
LOAD /usr/lib/gcc/avr/4.5.3/../../../avr/lib/avr5/crtm32u4.o
LOAD ./src/robotProtocol/messages/CommandAcceptedMessage.o
LOAD ./src/robotProtocol/messages/CommandErrorMessage.o
LOAD ./src/robotProtocol/messages/CommunicationStartAcknowledgeMessage.o
LOAD ./src/robotProtocol/messages/CommunicationStartMessage.o
LOAD ./src/robotProtocol/messages/CommunicationStopMessage.o
LOAD ./src/robotProtocol/messages/DestinationReachedMessage.o
LOAD ./src/robotProtocol/messages/FollowLineMessage.o
LOAD ./src/robotProtocol/messages/KeepAliveMessage.o
LOAD ./src/robotProtocol/messages/RobotLostMessage.o
LOAD ./src/robotProtocol/messages/SetMotorSpeedMessage.o
LOAD ./src/robotProtocol/messages/TurnAroundMessage.o
LOAD ./src/robotProtocol/messages/TurnLeftMessage.o
LOAD ./src/robotProtocol/messages/TurnRightMessage.o
LOAD ./src/robotProtocol/commands/FollowLineCommand.o
LOAD ./src/robotProtocol/commands/SendKeepAliveCommand.o
LOAD ./src/robotProtocol/commands/SetMotorSpeedCommand.o
LOAD ./src/robotProtocol/commands/TurnAroundCommand.o
LOAD ./src/robotProtocol/commands/TurnLeftCommand.o
LOAD ./src/robotProtocol/commands/TurnRightCommand.o
LOAD ./src/robotProtocol/Command.o
LOAD ./src/robotProtocol/Message.o
LOAD ./src/robotProtocol/MessageManager.o
LOAD ./src/robotProtocol/MessageReceiver.o
LOAD ./src/robotProtocol/MessageSender.o
LOAD ./src/robotProtocol/N6.o
LOAD ./src/robotProtocol/SerialSenderReceiver.o
LOAD ./src/DuinoBotKids.v1.xx_0022/LUFA/Drivers/USB/LowLevel/Device.o
LOAD ./src/DuinoBotKids.v1.xx_0022/LUFA/Drivers/USB/LowLevel/Endpoint.o
LOAD ./src/DuinoBotKids.v1.xx_0022/LUFA/Drivers/USB/LowLevel/Host.o
LOAD ./src/DuinoBotKids.v1.xx_0022/LUFA/Drivers/USB/LowLevel/Pipe.o
LOAD ./src/DuinoBotKids.v1.xx_0022/LUFA/Drivers/USB/LowLevel/USBController.o
LOAD ./src/DuinoBotKids.v1.xx_0022/LUFA/Drivers/USB/LowLevel/USBInterrupt.o
LOAD ./src/DuinoBotKids.v1.xx_0022/LUFA/Drivers/USB/HighLevel/ConfigDescriptor.o
LOAD ./src/DuinoBotKids.v1.xx_0022/LUFA/Drivers/USB/HighLevel/DeviceStandardReq.o
LOAD ./src/DuinoBotKids.v1.xx_0022/LUFA/Drivers/USB/HighLevel/EndpointStream.o
LOAD ./src/DuinoBotKids.v1.xx_0022/LUFA/Drivers/USB/HighLevel/Events.o
LOAD ./src/DuinoBotKids.v1.xx_0022/LUFA/Drivers/USB/HighLevel/HostStandardReq.o
LOAD ./src/DuinoBotKids.v1.xx_0022/LUFA/Drivers/USB/HighLevel/PipeStream.o
LOAD ./src/DuinoBotKids.v1.xx_0022/LUFA/Drivers/USB/HighLevel/USBTask.o
LOAD ./src/DuinoBotKids.v1.xx_0022/LUFA/Drivers/USB/Class/Device/CDC.o
LOAD ./src/DuinoBotKids.v1.xx_0022/DCMotor/DCMotor.o
LOAD ./src/DuinoBotKids.v1.xx_0022/CDCSerial.o
LOAD ./src/DuinoBotKids.v1.xx_0022/CPPLib.o
LOAD ./src/DuinoBotKids.v1.xx_0022/Descriptors.o
LOAD ./src/DuinoBotKids.v1.xx_0022/HardwareSerial.o
LOAD ./src/DuinoBotKids.v1.xx_0022/Print.o
LOAD ./src/DuinoBotKids.v1.xx_0022/Tone.o
LOAD ./src/DuinoBotKids.v1.xx_0022/VirtualSerial.o
LOAD ./src/DuinoBotKids.v1.xx_0022/WInterrupts.o
LOAD ./src/DuinoBotKids.v1.xx_0022/WMath.o
LOAD ./src/DuinoBotKids.v1.xx_0022/WString.o
LOAD ./src/DuinoBotKids.v1.xx_0022/pins_arduino.o
LOAD ./src/DuinoBotKids.v1.xx_0022/wiring.o
LOAD ./src/DuinoBotKids.v1.xx_0022/wiring_analog.o
LOAD ./src/DuinoBotKids.v1.xx_0022/wiring_digital.o
LOAD ./src/DuinoBotKids.v1.xx_0022/wiring_pulse.o
LOAD ./src/DuinoBotKids.v1.xx_0022/wiring_shift.o
LOAD ./src/main.o
LOAD /usr/lib/gcc/avr/4.5.3/../../../avr/lib/avr5/libprintf_flt.a
LOAD /usr/lib/gcc/avr/4.5.3/../../../avr/lib/avr5/libscanf_flt.a
LOAD /usr/lib/gcc/avr/4.5.3/avr5/libgcc.a
LOAD /usr/lib/gcc/avr/4.5.3/../../../avr/lib/avr5/libm.a
LOAD /usr/lib/gcc/avr/4.5.3/../../../avr/lib/avr5/libc.a
LOAD /usr/lib/gcc/avr/4.5.3/avr5/libgcc.a
LOAD /usr/lib/gcc/avr/4.5.3/../../../avr/lib/avr5/libc.a
LOAD /usr/lib/gcc/avr/4.5.3/avr5/libgcc.a

.hash
 *(.hash)

.dynsym
 *(.dynsym)

.dynstr
 *(.dynstr)

.gnu.version
 *(.gnu.version)

.gnu.version_d
 *(.gnu.version_d)

.gnu.version_r
 *(.gnu.version_r)

.rel.init
 *(.rel.init)

.rela.init
 *(.rela.init)

.rel.text
 *(.rel.text)
 *(.rel.text.*)
 *(.rel.gnu.linkonce.t*)

.rela.text
 *(.rela.text)
 *(.rela.text.*)
 *(.rela.gnu.linkonce.t*)

.rel.fini
 *(.rel.fini)

.rela.fini
 *(.rela.fini)

.rel.rodata
 *(.rel.rodata)
 *(.rel.rodata.*)
 *(.rel.gnu.linkonce.r*)

.rela.rodata
 *(.rela.rodata)
 *(.rela.rodata.*)
 *(.rela.gnu.linkonce.r*)

.rel.data
 *(.rel.data)
 *(.rel.data.*)
 *(.rel.gnu.linkonce.d*)

.rela.data
 *(.rela.data)
 *(.rela.data.*)
 *(.rela.gnu.linkonce.d*)

.rel.ctors
 *(.rel.ctors)

.rela.ctors
 *(.rela.ctors)

.rel.dtors
 *(.rel.dtors)

.rela.dtors
 *(.rela.dtors)

.rel.got
 *(.rel.got)

.rela.got
 *(.rela.got)

.rel.bss
 *(.rel.bss)

.rela.bss
 *(.rela.bss)

.rel.plt
 *(.rel.plt)

.rela.plt
 *(.rela.plt)

.text           0x0000000000000000     0x6310
 *(.vectors)
 .vectors       0x0000000000000000       0xac /usr/lib/gcc/avr/4.5.3/../../../avr/lib/avr5/crtm32u4.o
                0x0000000000000000                __vectors
                0x0000000000000000                __vector_default
 *(.vectors)
 *(.progmem.gcc*)
 *(.progmem*)
 .progmem.data  0x00000000000000ac       0x7c ./src/DuinoBotKids.v1.xx_0022/Descriptors.o
                0x00000000000000ac                DeviceDescriptor
                0x00000000000000be                ConfigurationDescriptor
                0x00000000000000fc                LanguageString
                0x0000000000000100                ProductString
 .progmem.tone  0x0000000000000128        0x1 ./src/DuinoBotKids.v1.xx_0022/Tone.o
 .progmem.data  0x0000000000000129       0x91 ./src/DuinoBotKids.v1.xx_0022/pins_arduino.o
                0x0000000000000129                port_to_mode_PGM
                0x0000000000000137                port_to_output_PGM
                0x0000000000000145                port_to_input_PGM
                0x0000000000000153                digital_pin_to_port_PGM
                0x000000000000016d                digital_pin_to_bit_mask_PGM
                0x0000000000000187                digital_pin_to_timer_PGM
                0x00000000000001a1                analog_pin_to_adc_channel_PGM
                0x00000000000001a9                analog_channel_to_adc_mux_PGM
                0x00000000000001ba                . = ALIGN (0x2)
                0x00000000000001ba                __trampolines_start = .
 *(.trampolines)
 .trampolines   0x00000000000001ba        0x0 linker stubs
 *(.trampolines*)
                0x00000000000001ba                __trampolines_end = .
 *(.jumptables)
 *(.jumptables*)
 *(.lowtext)
 *(.lowtext*)
                0x00000000000001ba                __ctors_start = .
 *(.ctors)
 .ctors         0x00000000000001ba        0x2 ./src/robotProtocol/commands/FollowLineCommand.o
 .ctors         0x00000000000001bc        0x2 ./src/robotProtocol/commands/SendKeepAliveCommand.o
 .ctors         0x00000000000001be        0x2 ./src/robotProtocol/commands/SetMotorSpeedCommand.o
 .ctors         0x00000000000001c0        0x2 ./src/robotProtocol/commands/TurnAroundCommand.o
 .ctors         0x00000000000001c2        0x2 ./src/robotProtocol/commands/TurnLeftCommand.o
 .ctors         0x00000000000001c4        0x2 ./src/robotProtocol/commands/TurnRightCommand.o
 .ctors         0x00000000000001c6        0x2 ./src/robotProtocol/Command.o
 .ctors         0x00000000000001c8        0x2 ./src/robotProtocol/N6.o
 .ctors         0x00000000000001ca        0x2 ./src/robotProtocol/SerialSenderReceiver.o
 .ctors         0x00000000000001cc        0x2 ./src/DuinoBotKids.v1.xx_0022/DCMotor/DCMotor.o
 .ctors         0x00000000000001ce        0x2 ./src/DuinoBotKids.v1.xx_0022/CDCSerial.o
 .ctors         0x00000000000001d0        0x2 ./src/DuinoBotKids.v1.xx_0022/HardwareSerial.o
 .ctors         0x00000000000001d2        0x2 ./src/DuinoBotKids.v1.xx_0022/WString.o
 .ctors         0x00000000000001d4        0x2 ./src/main.o
                0x00000000000001d6                __ctors_end = .
                0x00000000000001d6                __dtors_start = .
 *(.dtors)
                0x00000000000001d6                __dtors_end = .
 SORT(*)(.ctors)
 SORT(*)(.dtors)
 *(.init0)
 .init0         0x00000000000001d6        0x0 /usr/lib/gcc/avr/4.5.3/../../../avr/lib/avr5/crtm32u4.o
                0x00000000000001d6                __init
 *(.init0)
 *(.init1)
 *(.init1)
 *(.init2)
 .init2         0x00000000000001d6        0xc /usr/lib/gcc/avr/4.5.3/../../../avr/lib/avr5/crtm32u4.o
 *(.init2)
 *(.init3)
 *(.init3)
 *(.init4)
 .init4         0x00000000000001e2       0x16 /usr/lib/gcc/avr/4.5.3/avr5/libgcc.a(_copy_data.o)
                0x00000000000001e2                __do_copy_data
 .init4         0x00000000000001f8       0x10 /usr/lib/gcc/avr/4.5.3/avr5/libgcc.a(_clear_bss.o)
                0x00000000000001f8                __do_clear_bss
 *(.init4)
 *(.init5)
 *(.init5)
 *(.init6)
 .init6         0x0000000000000208       0x16 /usr/lib/gcc/avr/4.5.3/avr5/libgcc.a(_ctors.o)
                0x0000000000000208                __do_global_ctors
 *(.init6)
 *(.init7)
 *(.init7)
 *(.init8)
 *(.init8)
 *(.init9)
 .init9         0x000000000000021e        0x8 /usr/lib/gcc/avr/4.5.3/../../../avr/lib/avr5/crtm32u4.o
 *(.init9)
 *(.text)
 .text          0x0000000000000226        0x4 /usr/lib/gcc/avr/4.5.3/../../../avr/lib/avr5/crtm32u4.o
                0x0000000000000226                __vector_38
                0x0000000000000226                __vector_22
                0x0000000000000226                __vector_28
                0x0000000000000226                __vector_32
                0x0000000000000226                __vector_34
                0x0000000000000226                __vector_24
                0x0000000000000226                __bad_interrupt
                0x0000000000000226                __vector_6
                0x0000000000000226                __vector_31
                0x0000000000000226                __vector_35
                0x0000000000000226                __vector_39
                0x0000000000000226                __vector_30
                0x0000000000000226                __vector_11
                0x0000000000000226                __vector_13
                0x0000000000000226                __vector_19
                0x0000000000000226                __vector_7
                0x0000000000000226                __vector_41
                0x0000000000000226                __vector_27
                0x0000000000000226                __vector_5
                0x0000000000000226                __vector_33
                0x0000000000000226                __vector_37
                0x0000000000000226                __vector_9
                0x0000000000000226                __vector_15
                0x0000000000000226                __vector_36
                0x0000000000000226                __vector_29
                0x0000000000000226                __vector_40
                0x0000000000000226                __vector_8
                0x0000000000000226                __vector_26
                0x0000000000000226                __vector_14
                0x0000000000000226                __vector_16
                0x0000000000000226                __vector_18
                0x0000000000000226                __vector_20
                0x0000000000000226                __vector_42
 .text          0x000000000000022a      0x1f4 /usr/lib/gcc/avr/4.5.3/avr5/libgcc.a(_mul_sf.o)
                0x000000000000022a                __mulsf3
 .text          0x000000000000041e      0x15c /usr/lib/gcc/avr/4.5.3/avr5/libgcc.a(_div_sf.o)
                0x000000000000041e                __divsf3
 .text          0x000000000000057a       0x60 /usr/lib/gcc/avr/4.5.3/avr5/libgcc.a(_gt_sf.o)
                0x000000000000057a                __gtsf2
 .text          0x00000000000005da       0x60 /usr/lib/gcc/avr/4.5.3/avr5/libgcc.a(_lt_sf.o)
                0x00000000000005da                __ltsf2
 .text          0x000000000000063a       0xc0 /usr/lib/gcc/avr/4.5.3/avr5/libgcc.a(_si_to_sf.o)
                0x000000000000063a                __floatsisf
 .text          0x00000000000006fa       0xa4 /usr/lib/gcc/avr/4.5.3/avr5/libgcc.a(_sf_to_si.o)
                0x00000000000006fa                __fixsfsi
 .text          0x000000000000079e       0xb4 /usr/lib/gcc/avr/4.5.3/avr5/libgcc.a(_clzsi2.o)
                0x000000000000079e                __clzsi2
 .text          0x0000000000000852      0x19c /usr/lib/gcc/avr/4.5.3/avr5/libgcc.a(_pack_sf.o)
                0x0000000000000852                __pack_f
 .text          0x00000000000009ee       0xd2 /usr/lib/gcc/avr/4.5.3/avr5/libgcc.a(_unpack_sf.o)
                0x00000000000009ee                __unpack_f
 .text          0x0000000000000ac0       0xb2 /usr/lib/gcc/avr/4.5.3/avr5/libgcc.a(_fpcmp_parts_sf.o)
                0x0000000000000ac0                __fpcmp_parts_f
                0x0000000000000b72                . = ALIGN (0x2)
 *(.text.*)
 .text._ZN13RobotProtocol22CommandAcceptedMessage9writeDataEPPc
                0x0000000000000b72       0x5c ./src/robotProtocol/messages/CommandAcceptedMessage.o
                0x0000000000000b72                _ZN13RobotProtocol22CommandAcceptedMessage9writeDataEPPc
 .text._ZN13RobotProtocol22CommandAcceptedMessage8readDataEPPc
                0x0000000000000bce       0x70 ./src/robotProtocol/messages/CommandAcceptedMessage.o
                0x0000000000000bce                _ZN13RobotProtocol22CommandAcceptedMessage8readDataEPPc
 .text._ZN13RobotProtocol22CommandAcceptedMessage16getMessageLengthEv
                0x0000000000000c3e        0xe ./src/robotProtocol/messages/CommandAcceptedMessage.o
                0x0000000000000c3e                _ZN13RobotProtocol22CommandAcceptedMessage16getMessageLengthEv
 .text._ZN13RobotProtocol22CommandAcceptedMessageD2Ev
                0x0000000000000c4c       0x10 ./src/robotProtocol/messages/CommandAcceptedMessage.o
                0x0000000000000c4c                _ZN13RobotProtocol22CommandAcceptedMessageD1Ev
                0x0000000000000c4c                _ZN13RobotProtocol22CommandAcceptedMessageD2Ev
 .text._ZN13RobotProtocol22CommandAcceptedMessageD0Ev
                0x0000000000000c5c       0x20 ./src/robotProtocol/messages/CommandAcceptedMessage.o
                0x0000000000000c5c                _ZN13RobotProtocol22CommandAcceptedMessageD0Ev
 .text._ZN13RobotProtocol22CommandAcceptedMessageC2Eiii
                0x0000000000000c7c       0x48 ./src/robotProtocol/messages/CommandAcceptedMessage.o
                0x0000000000000c7c                _ZN13RobotProtocol22CommandAcceptedMessageC1Eiii
                0x0000000000000c7c                _ZN13RobotProtocol22CommandAcceptedMessageC2Eiii
 .text._ZN13RobotProtocol22CommandAcceptedMessageC2EPc
                0x0000000000000cc4       0x52 ./src/robotProtocol/messages/CommandAcceptedMessage.o
                0x0000000000000cc4                _ZN13RobotProtocol22CommandAcceptedMessageC2EPc
                0x0000000000000cc4                _ZN13RobotProtocol22CommandAcceptedMessageC1EPc
 .text._ZN13RobotProtocol22CommandAcceptedMessage11deserializeEPc
                0x0000000000000d16       0x26 ./src/robotProtocol/messages/CommandAcceptedMessage.o
                0x0000000000000d16                _ZN13RobotProtocol22CommandAcceptedMessage11deserializeEPc
 .text._ZN13RobotProtocol19CommandErrorMessage9writeDataEPPc
                0x0000000000000d3c       0x74 ./src/robotProtocol/messages/CommandErrorMessage.o
                0x0000000000000d3c                _ZN13RobotProtocol19CommandErrorMessage9writeDataEPPc
 .text._ZN13RobotProtocol19CommandErrorMessage8readDataEPPc
                0x0000000000000db0       0xa0 ./src/robotProtocol/messages/CommandErrorMessage.o
                0x0000000000000db0                _ZN13RobotProtocol19CommandErrorMessage8readDataEPPc
 .text._ZN13RobotProtocol19CommandErrorMessage16getMessageLengthEv
                0x0000000000000e50        0xe ./src/robotProtocol/messages/CommandErrorMessage.o
                0x0000000000000e50                _ZN13RobotProtocol19CommandErrorMessage16getMessageLengthEv
 .text._ZN13RobotProtocol19CommandErrorMessageD2Ev
                0x0000000000000e5e       0x10 ./src/robotProtocol/messages/CommandErrorMessage.o
                0x0000000000000e5e                _ZN13RobotProtocol19CommandErrorMessageD1Ev
                0x0000000000000e5e                _ZN13RobotProtocol19CommandErrorMessageD2Ev
 .text._ZN13RobotProtocol19CommandErrorMessageD0Ev
                0x0000000000000e6e       0x20 ./src/robotProtocol/messages/CommandErrorMessage.o
                0x0000000000000e6e                _ZN13RobotProtocol19CommandErrorMessageD0Ev
 .text._ZN13RobotProtocol19CommandErrorMessageC2Eiiii
                0x0000000000000e8e       0x58 ./src/robotProtocol/messages/CommandErrorMessage.o
                0x0000000000000e8e                _ZN13RobotProtocol19CommandErrorMessageC2Eiiii
                0x0000000000000e8e                _ZN13RobotProtocol19CommandErrorMessageC1Eiiii
 .text._ZN13RobotProtocol19CommandErrorMessageC2EPc
                0x0000000000000ee6       0x52 ./src/robotProtocol/messages/CommandErrorMessage.o
                0x0000000000000ee6                _ZN13RobotProtocol19CommandErrorMessageC1EPc
                0x0000000000000ee6                _ZN13RobotProtocol19CommandErrorMessageC2EPc
 .text._ZN13RobotProtocol19CommandErrorMessage11deserializeEPc
                0x0000000000000f38       0x26 ./src/robotProtocol/messages/CommandErrorMessage.o
                0x0000000000000f38                _ZN13RobotProtocol19CommandErrorMessage11deserializeEPc
 .text._ZN13RobotProtocol36CommunicationStartAcknowledgeMessage8readDataEPPc
                0x0000000000000f5e        0x2 ./src/robotProtocol/messages/CommunicationStartAcknowledgeMessage.o
                0x0000000000000f5e                _ZN13RobotProtocol36CommunicationStartAcknowledgeMessage8readDataEPPc
 .text._ZN13RobotProtocol36CommunicationStartAcknowledgeMessage9writeDataEPPc
                0x0000000000000f60        0x2 ./src/robotProtocol/messages/CommunicationStartAcknowledgeMessage.o
                0x0000000000000f60                _ZN13RobotProtocol36CommunicationStartAcknowledgeMessage9writeDataEPPc
 .text._ZN13RobotProtocol36CommunicationStartAcknowledgeMessage16getMessageLengthEv
                0x0000000000000f62        0x6 ./src/robotProtocol/messages/CommunicationStartAcknowledgeMessage.o
                0x0000000000000f62                _ZN13RobotProtocol36CommunicationStartAcknowledgeMessage16getMessageLengthEv
 .text._ZN13RobotProtocol36CommunicationStartAcknowledgeMessageD2Ev
                0x0000000000000f68       0x10 ./src/robotProtocol/messages/CommunicationStartAcknowledgeMessage.o
                0x0000000000000f68                _ZN13RobotProtocol36CommunicationStartAcknowledgeMessageD1Ev
                0x0000000000000f68                _ZN13RobotProtocol36CommunicationStartAcknowledgeMessageD2Ev
 .text._ZN13RobotProtocol36CommunicationStartAcknowledgeMessageD0Ev
                0x0000000000000f78       0x20 ./src/robotProtocol/messages/CommunicationStartAcknowledgeMessage.o
                0x0000000000000f78                _ZN13RobotProtocol36CommunicationStartAcknowledgeMessageD0Ev
 .text._ZN13RobotProtocol36CommunicationStartAcknowledgeMessageC2EPc
                0x0000000000000f98       0x52 ./src/robotProtocol/messages/CommunicationStartAcknowledgeMessage.o
                0x0000000000000f98                _ZN13RobotProtocol36CommunicationStartAcknowledgeMessageC1EPc
                0x0000000000000f98                _ZN13RobotProtocol36CommunicationStartAcknowledgeMessageC2EPc
 .text._ZN13RobotProtocol36CommunicationStartAcknowledgeMessage11deserializeEPc
                0x0000000000000fea       0x26 ./src/robotProtocol/messages/CommunicationStartAcknowledgeMessage.o
                0x0000000000000fea                _ZN13RobotProtocol36CommunicationStartAcknowledgeMessage11deserializeEPc
 .text._ZN13RobotProtocol25CommunicationStartMessage8readDataEPPc
                0x0000000000001010        0x2 ./src/robotProtocol/messages/CommunicationStartMessage.o
                0x0000000000001010                _ZN13RobotProtocol25CommunicationStartMessage8readDataEPPc
 .text._ZN13RobotProtocol25CommunicationStartMessage9writeDataEPPc
                0x0000000000001012        0x2 ./src/robotProtocol/messages/CommunicationStartMessage.o
                0x0000000000001012                _ZN13RobotProtocol25CommunicationStartMessage9writeDataEPPc
 .text._ZN13RobotProtocol25CommunicationStartMessage16getMessageLengthEv
                0x0000000000001014        0x6 ./src/robotProtocol/messages/CommunicationStartMessage.o
                0x0000000000001014                _ZN13RobotProtocol25CommunicationStartMessage16getMessageLengthEv
 .text._ZN13RobotProtocol25CommunicationStartMessageD2Ev
                0x000000000000101a       0x10 ./src/robotProtocol/messages/CommunicationStartMessage.o
                0x000000000000101a                _ZN13RobotProtocol25CommunicationStartMessageD2Ev
                0x000000000000101a                _ZN13RobotProtocol25CommunicationStartMessageD1Ev
 .text._ZN13RobotProtocol25CommunicationStartMessageD0Ev
                0x000000000000102a       0x20 ./src/robotProtocol/messages/CommunicationStartMessage.o
                0x000000000000102a                _ZN13RobotProtocol25CommunicationStartMessageD0Ev
 .text._ZN13RobotProtocol25CommunicationStartMessageC2EPc
                0x000000000000104a       0x52 ./src/robotProtocol/messages/CommunicationStartMessage.o
                0x000000000000104a                _ZN13RobotProtocol25CommunicationStartMessageC1EPc
                0x000000000000104a                _ZN13RobotProtocol25CommunicationStartMessageC2EPc
 .text._ZN13RobotProtocol25CommunicationStartMessage11deserializeEPc
                0x000000000000109c       0x26 ./src/robotProtocol/messages/CommunicationStartMessage.o
                0x000000000000109c                _ZN13RobotProtocol25CommunicationStartMessage11deserializeEPc
 .text._ZN13RobotProtocol24CommunicationStopMessage8readDataEPPc
                0x00000000000010c2        0x2 ./src/robotProtocol/messages/CommunicationStopMessage.o
                0x00000000000010c2                _ZN13RobotProtocol24CommunicationStopMessage8readDataEPPc
 .text._ZN13RobotProtocol24CommunicationStopMessage9writeDataEPPc
                0x00000000000010c4        0x2 ./src/robotProtocol/messages/CommunicationStopMessage.o
                0x00000000000010c4                _ZN13RobotProtocol24CommunicationStopMessage9writeDataEPPc
 .text._ZN13RobotProtocol24CommunicationStopMessage16getMessageLengthEv
                0x00000000000010c6        0x6 ./src/robotProtocol/messages/CommunicationStopMessage.o
                0x00000000000010c6                _ZN13RobotProtocol24CommunicationStopMessage16getMessageLengthEv
 .text._ZN13RobotProtocol24CommunicationStopMessageD2Ev
                0x00000000000010cc       0x10 ./src/robotProtocol/messages/CommunicationStopMessage.o
                0x00000000000010cc                _ZN13RobotProtocol24CommunicationStopMessageD1Ev
                0x00000000000010cc                _ZN13RobotProtocol24CommunicationStopMessageD2Ev
 .text._ZN13RobotProtocol24CommunicationStopMessageD0Ev
                0x00000000000010dc       0x20 ./src/robotProtocol/messages/CommunicationStopMessage.o
                0x00000000000010dc                _ZN13RobotProtocol24CommunicationStopMessageD0Ev
 .text._ZN13RobotProtocol24CommunicationStopMessageC2EPc
                0x00000000000010fc       0x52 ./src/robotProtocol/messages/CommunicationStopMessage.o
                0x00000000000010fc                _ZN13RobotProtocol24CommunicationStopMessageC1EPc
                0x00000000000010fc                _ZN13RobotProtocol24CommunicationStopMessageC2EPc
 .text._ZN13RobotProtocol24CommunicationStopMessage11deserializeEPc
                0x000000000000114e       0x26 ./src/robotProtocol/messages/CommunicationStopMessage.o
                0x000000000000114e                _ZN13RobotProtocol24CommunicationStopMessage11deserializeEPc
 .text._ZN13RobotProtocol25DestinationReachedMessage8readDataEPPc
                0x0000000000001174        0x2 ./src/robotProtocol/messages/DestinationReachedMessage.o
                0x0000000000001174                _ZN13RobotProtocol25DestinationReachedMessage8readDataEPPc
 .text._ZN13RobotProtocol25DestinationReachedMessage9writeDataEPPc
                0x0000000000001176        0x2 ./src/robotProtocol/messages/DestinationReachedMessage.o
                0x0000000000001176                _ZN13RobotProtocol25DestinationReachedMessage9writeDataEPPc
 .text._ZN13RobotProtocol25DestinationReachedMessage16getMessageLengthEv
                0x0000000000001178        0x6 ./src/robotProtocol/messages/DestinationReachedMessage.o
                0x0000000000001178                _ZN13RobotProtocol25DestinationReachedMessage16getMessageLengthEv
 .text._ZN13RobotProtocol25DestinationReachedMessageD2Ev
                0x000000000000117e       0x10 ./src/robotProtocol/messages/DestinationReachedMessage.o
                0x000000000000117e                _ZN13RobotProtocol25DestinationReachedMessageD1Ev
                0x000000000000117e                _ZN13RobotProtocol25DestinationReachedMessageD2Ev
 .text._ZN13RobotProtocol25DestinationReachedMessageD0Ev
                0x000000000000118e       0x20 ./src/robotProtocol/messages/DestinationReachedMessage.o
                0x000000000000118e                _ZN13RobotProtocol25DestinationReachedMessageD0Ev
 .text._ZN13RobotProtocol25DestinationReachedMessageC2Eii
                0x00000000000011ae       0x38 ./src/robotProtocol/messages/DestinationReachedMessage.o
                0x00000000000011ae                _ZN13RobotProtocol25DestinationReachedMessageC2Eii
                0x00000000000011ae                _ZN13RobotProtocol25DestinationReachedMessageC1Eii
 .text._ZN13RobotProtocol25DestinationReachedMessageC2EPc
                0x00000000000011e6       0x52 ./src/robotProtocol/messages/DestinationReachedMessage.o
                0x00000000000011e6                _ZN13RobotProtocol25DestinationReachedMessageC2EPc
                0x00000000000011e6                _ZN13RobotProtocol25DestinationReachedMessageC1EPc
 .text._ZN13RobotProtocol25DestinationReachedMessage11deserializeEPc
                0x0000000000001238       0x26 ./src/robotProtocol/messages/DestinationReachedMessage.o
                0x0000000000001238                _ZN13RobotProtocol25DestinationReachedMessage11deserializeEPc
 .text._ZN13RobotProtocol17FollowLineMessage8readDataEPPc
                0x000000000000125e        0x2 ./src/robotProtocol/messages/FollowLineMessage.o
                0x000000000000125e                _ZN13RobotProtocol17FollowLineMessage8readDataEPPc
 .text._ZN13RobotProtocol17FollowLineMessage9writeDataEPPc
                0x0000000000001260        0x2 ./src/robotProtocol/messages/FollowLineMessage.o
                0x0000000000001260                _ZN13RobotProtocol17FollowLineMessage9writeDataEPPc
 .text._ZN13RobotProtocol17FollowLineMessage16getMessageLengthEv
                0x0000000000001262        0x6 ./src/robotProtocol/messages/FollowLineMessage.o
                0x0000000000001262                _ZN13RobotProtocol17FollowLineMessage16getMessageLengthEv
 .text._ZN13RobotProtocol17FollowLineMessageD2Ev
                0x0000000000001268       0x10 ./src/robotProtocol/messages/FollowLineMessage.o
                0x0000000000001268                _ZN13RobotProtocol17FollowLineMessageD1Ev
                0x0000000000001268                _ZN13RobotProtocol17FollowLineMessageD2Ev
 .text._ZN13RobotProtocol17FollowLineMessageD0Ev
                0x0000000000001278       0x20 ./src/robotProtocol/messages/FollowLineMessage.o
                0x0000000000001278                _ZN13RobotProtocol17FollowLineMessageD0Ev
 .text._ZN13RobotProtocol17FollowLineMessageC2EPc
                0x0000000000001298       0x52 ./src/robotProtocol/messages/FollowLineMessage.o
                0x0000000000001298                _ZN13RobotProtocol17FollowLineMessageC1EPc
                0x0000000000001298                _ZN13RobotProtocol17FollowLineMessageC2EPc
 .text._ZN13RobotProtocol17FollowLineMessage11deserializeEPc
                0x00000000000012ea       0x26 ./src/robotProtocol/messages/FollowLineMessage.o
                0x00000000000012ea                _ZN13RobotProtocol17FollowLineMessage11deserializeEPc
 .text._ZN13RobotProtocol16KeepAliveMessage9writeDataEPPc
                0x0000000000001310       0x5c ./src/robotProtocol/messages/KeepAliveMessage.o
                0x0000000000001310                _ZN13RobotProtocol16KeepAliveMessage9writeDataEPPc
 .text._ZN13RobotProtocol16KeepAliveMessage8readDataEPPc
                0x000000000000136c       0x70 ./src/robotProtocol/messages/KeepAliveMessage.o
                0x000000000000136c                _ZN13RobotProtocol16KeepAliveMessage8readDataEPPc
 .text._ZN13RobotProtocol16KeepAliveMessage16getMessageLengthEv
                0x00000000000013dc        0xe ./src/robotProtocol/messages/KeepAliveMessage.o
                0x00000000000013dc                _ZN13RobotProtocol16KeepAliveMessage16getMessageLengthEv
 .text._ZN13RobotProtocol16KeepAliveMessageD2Ev
                0x00000000000013ea       0x10 ./src/robotProtocol/messages/KeepAliveMessage.o
                0x00000000000013ea                _ZN13RobotProtocol16KeepAliveMessageD1Ev
                0x00000000000013ea                _ZN13RobotProtocol16KeepAliveMessageD2Ev
 .text._ZN13RobotProtocol16KeepAliveMessageD0Ev
                0x00000000000013fa       0x20 ./src/robotProtocol/messages/KeepAliveMessage.o
                0x00000000000013fa                _ZN13RobotProtocol16KeepAliveMessageD0Ev
 .text._ZN13RobotProtocol16KeepAliveMessageC2Eiii
                0x000000000000141a       0x48 ./src/robotProtocol/messages/KeepAliveMessage.o
                0x000000000000141a                _ZN13RobotProtocol16KeepAliveMessageC2Eiii
                0x000000000000141a                _ZN13RobotProtocol16KeepAliveMessageC1Eiii
 .text._ZN13RobotProtocol16KeepAliveMessageC2EPc
                0x0000000000001462       0x52 ./src/robotProtocol/messages/KeepAliveMessage.o
                0x0000000000001462                _ZN13RobotProtocol16KeepAliveMessageC1EPc
                0x0000000000001462                _ZN13RobotProtocol16KeepAliveMessageC2EPc
 .text._ZN13RobotProtocol16KeepAliveMessage11deserializeEPc
                0x00000000000014b4       0x26 ./src/robotProtocol/messages/KeepAliveMessage.o
                0x00000000000014b4                _ZN13RobotProtocol16KeepAliveMessage11deserializeEPc
 .text._ZN13RobotProtocol16RobotLostMessage8readDataEPPc
                0x00000000000014da        0x2 ./src/robotProtocol/messages/RobotLostMessage.o
                0x00000000000014da                _ZN13RobotProtocol16RobotLostMessage8readDataEPPc
 .text._ZN13RobotProtocol16RobotLostMessage9writeDataEPPc
                0x00000000000014dc        0x2 ./src/robotProtocol/messages/RobotLostMessage.o
                0x00000000000014dc                _ZN13RobotProtocol16RobotLostMessage9writeDataEPPc
 .text._ZN13RobotProtocol16RobotLostMessage16getMessageLengthEv
                0x00000000000014de        0x6 ./src/robotProtocol/messages/RobotLostMessage.o
                0x00000000000014de                _ZN13RobotProtocol16RobotLostMessage16getMessageLengthEv
 .text._ZN13RobotProtocol16RobotLostMessageD2Ev
                0x00000000000014e4       0x10 ./src/robotProtocol/messages/RobotLostMessage.o
                0x00000000000014e4                _ZN13RobotProtocol16RobotLostMessageD2Ev
                0x00000000000014e4                _ZN13RobotProtocol16RobotLostMessageD1Ev
 .text._ZN13RobotProtocol16RobotLostMessageD0Ev
                0x00000000000014f4       0x20 ./src/robotProtocol/messages/RobotLostMessage.o
                0x00000000000014f4                _ZN13RobotProtocol16RobotLostMessageD0Ev
 .text._ZN13RobotProtocol16RobotLostMessageC2Eii
                0x0000000000001514       0x38 ./src/robotProtocol/messages/RobotLostMessage.o
                0x0000000000001514                _ZN13RobotProtocol16RobotLostMessageC1Eii
                0x0000000000001514                _ZN13RobotProtocol16RobotLostMessageC2Eii
 .text._ZN13RobotProtocol16RobotLostMessageC2EPc
                0x000000000000154c       0x52 ./src/robotProtocol/messages/RobotLostMessage.o
                0x000000000000154c                _ZN13RobotProtocol16RobotLostMessageC2EPc
                0x000000000000154c                _ZN13RobotProtocol16RobotLostMessageC1EPc
 .text._ZN13RobotProtocol16RobotLostMessage11deserializeEPc
                0x000000000000159e       0x26 ./src/robotProtocol/messages/RobotLostMessage.o
                0x000000000000159e                _ZN13RobotProtocol16RobotLostMessage11deserializeEPc
 .text._ZN13RobotProtocol20SetMotorSpeedMessage9writeDataEPPc
                0x00000000000015c4       0x74 ./src/robotProtocol/messages/SetMotorSpeedMessage.o
                0x00000000000015c4                _ZN13RobotProtocol20SetMotorSpeedMessage9writeDataEPPc
 .text._ZN13RobotProtocol20SetMotorSpeedMessage8readDataEPPc
                0x0000000000001638       0xa8 ./src/robotProtocol/messages/SetMotorSpeedMessage.o
                0x0000000000001638                _ZN13RobotProtocol20SetMotorSpeedMessage8readDataEPPc
 .text._ZN13RobotProtocol20SetMotorSpeedMessage16getMessageLengthEv
                0x00000000000016e0        0xe ./src/robotProtocol/messages/SetMotorSpeedMessage.o
                0x00000000000016e0                _ZN13RobotProtocol20SetMotorSpeedMessage16getMessageLengthEv
 .text._ZN13RobotProtocol20SetMotorSpeedMessageD2Ev
                0x00000000000016ee       0x10 ./src/robotProtocol/messages/SetMotorSpeedMessage.o
                0x00000000000016ee                _ZN13RobotProtocol20SetMotorSpeedMessageD2Ev
                0x00000000000016ee                _ZN13RobotProtocol20SetMotorSpeedMessageD1Ev
 .text._ZN13RobotProtocol20SetMotorSpeedMessageD0Ev
                0x00000000000016fe       0x20 ./src/robotProtocol/messages/SetMotorSpeedMessage.o
                0x00000000000016fe                _ZN13RobotProtocol20SetMotorSpeedMessageD0Ev
 .text._ZN13RobotProtocol20SetMotorSpeedMessageC2EPc
                0x000000000000171e       0x52 ./src/robotProtocol/messages/SetMotorSpeedMessage.o
                0x000000000000171e                _ZN13RobotProtocol20SetMotorSpeedMessageC1EPc
                0x000000000000171e                _ZN13RobotProtocol20SetMotorSpeedMessageC2EPc
 .text._ZN13RobotProtocol20SetMotorSpeedMessage11deserializeEPc
                0x0000000000001770       0x26 ./src/robotProtocol/messages/SetMotorSpeedMessage.o
                0x0000000000001770                _ZN13RobotProtocol20SetMotorSpeedMessage11deserializeEPc
 .text._ZN13RobotProtocol20SetMotorSpeedMessage12getLeftSpeedEv
                0x0000000000001796        0x8 ./src/robotProtocol/messages/SetMotorSpeedMessage.o
                0x0000000000001796                _ZN13RobotProtocol20SetMotorSpeedMessage12getLeftSpeedEv
 .text._ZN13RobotProtocol20SetMotorSpeedMessage13getRightSpeedEv
                0x000000000000179e        0x8 ./src/robotProtocol/messages/SetMotorSpeedMessage.o
                0x000000000000179e                _ZN13RobotProtocol20SetMotorSpeedMessage13getRightSpeedEv
 .text._ZN13RobotProtocol17TurnAroundMessage8readDataEPPc
                0x00000000000017a6        0x2 ./src/robotProtocol/messages/TurnAroundMessage.o
                0x00000000000017a6                _ZN13RobotProtocol17TurnAroundMessage8readDataEPPc
 .text._ZN13RobotProtocol17TurnAroundMessage9writeDataEPPc
                0x00000000000017a8        0x2 ./src/robotProtocol/messages/TurnAroundMessage.o
                0x00000000000017a8                _ZN13RobotProtocol17TurnAroundMessage9writeDataEPPc
 .text._ZN13RobotProtocol17TurnAroundMessage16getMessageLengthEv
                0x00000000000017aa        0x6 ./src/robotProtocol/messages/TurnAroundMessage.o
                0x00000000000017aa                _ZN13RobotProtocol17TurnAroundMessage16getMessageLengthEv
 .text._ZN13RobotProtocol17TurnAroundMessageD2Ev
                0x00000000000017b0       0x10 ./src/robotProtocol/messages/TurnAroundMessage.o
                0x00000000000017b0                _ZN13RobotProtocol17TurnAroundMessageD2Ev
                0x00000000000017b0                _ZN13RobotProtocol17TurnAroundMessageD1Ev
 .text._ZN13RobotProtocol17TurnAroundMessageD0Ev
                0x00000000000017c0       0x20 ./src/robotProtocol/messages/TurnAroundMessage.o
                0x00000000000017c0                _ZN13RobotProtocol17TurnAroundMessageD0Ev
 .text._ZN13RobotProtocol17TurnAroundMessageC2EPc
                0x00000000000017e0       0x52 ./src/robotProtocol/messages/TurnAroundMessage.o
                0x00000000000017e0                _ZN13RobotProtocol17TurnAroundMessageC2EPc
                0x00000000000017e0                _ZN13RobotProtocol17TurnAroundMessageC1EPc
 .text._ZN13RobotProtocol17TurnAroundMessage11deserializeEPc
                0x0000000000001832       0x26 ./src/robotProtocol/messages/TurnAroundMessage.o
                0x0000000000001832                _ZN13RobotProtocol17TurnAroundMessage11deserializeEPc
 .text._ZN13RobotProtocol15TurnLeftMessage8readDataEPPc
                0x0000000000001858        0x2 ./src/robotProtocol/messages/TurnLeftMessage.o
                0x0000000000001858                _ZN13RobotProtocol15TurnLeftMessage8readDataEPPc
 .text._ZN13RobotProtocol15TurnLeftMessage9writeDataEPPc
                0x000000000000185a        0x2 ./src/robotProtocol/messages/TurnLeftMessage.o
                0x000000000000185a                _ZN13RobotProtocol15TurnLeftMessage9writeDataEPPc
 .text._ZN13RobotProtocol15TurnLeftMessage16getMessageLengthEv
                0x000000000000185c        0x6 ./src/robotProtocol/messages/TurnLeftMessage.o
                0x000000000000185c                _ZN13RobotProtocol15TurnLeftMessage16getMessageLengthEv
 .text._ZN13RobotProtocol15TurnLeftMessageD2Ev
                0x0000000000001862       0x10 ./src/robotProtocol/messages/TurnLeftMessage.o
                0x0000000000001862                _ZN13RobotProtocol15TurnLeftMessageD1Ev
                0x0000000000001862                _ZN13RobotProtocol15TurnLeftMessageD2Ev
 .text._ZN13RobotProtocol15TurnLeftMessageD0Ev
                0x0000000000001872       0x20 ./src/robotProtocol/messages/TurnLeftMessage.o
                0x0000000000001872                _ZN13RobotProtocol15TurnLeftMessageD0Ev
 .text._ZN13RobotProtocol15TurnLeftMessageC2EPc
                0x0000000000001892       0x52 ./src/robotProtocol/messages/TurnLeftMessage.o
                0x0000000000001892                _ZN13RobotProtocol15TurnLeftMessageC2EPc
                0x0000000000001892                _ZN13RobotProtocol15TurnLeftMessageC1EPc
 .text._ZN13RobotProtocol15TurnLeftMessage11deserializeEPc
                0x00000000000018e4       0x26 ./src/robotProtocol/messages/TurnLeftMessage.o
                0x00000000000018e4                _ZN13RobotProtocol15TurnLeftMessage11deserializeEPc
 .text._ZN13RobotProtocol16TurnRightMessage8readDataEPPc
                0x000000000000190a        0x2 ./src/robotProtocol/messages/TurnRightMessage.o
                0x000000000000190a                _ZN13RobotProtocol16TurnRightMessage8readDataEPPc
 .text._ZN13RobotProtocol16TurnRightMessage9writeDataEPPc
                0x000000000000190c        0x2 ./src/robotProtocol/messages/TurnRightMessage.o
                0x000000000000190c                _ZN13RobotProtocol16TurnRightMessage9writeDataEPPc
 .text._ZN13RobotProtocol16TurnRightMessage16getMessageLengthEv
                0x000000000000190e        0x6 ./src/robotProtocol/messages/TurnRightMessage.o
                0x000000000000190e                _ZN13RobotProtocol16TurnRightMessage16getMessageLengthEv
 .text._ZN13RobotProtocol16TurnRightMessageD2Ev
                0x0000000000001914       0x10 ./src/robotProtocol/messages/TurnRightMessage.o
                0x0000000000001914                _ZN13RobotProtocol16TurnRightMessageD2Ev
                0x0000000000001914                _ZN13RobotProtocol16TurnRightMessageD1Ev
 .text._ZN13RobotProtocol16TurnRightMessageD0Ev
                0x0000000000001924       0x20 ./src/robotProtocol/messages/TurnRightMessage.o
                0x0000000000001924                _ZN13RobotProtocol16TurnRightMessageD0Ev
 .text._ZN13RobotProtocol16TurnRightMessageC2EPc
                0x0000000000001944       0x52 ./src/robotProtocol/messages/TurnRightMessage.o
                0x0000000000001944                _ZN13RobotProtocol16TurnRightMessageC1EPc
                0x0000000000001944                _ZN13RobotProtocol16TurnRightMessageC2EPc
 .text._ZN13RobotProtocol16TurnRightMessage11deserializeEPc
                0x0000000000001996       0x26 ./src/robotProtocol/messages/TurnRightMessage.o
                0x0000000000001996                _ZN13RobotProtocol16TurnRightMessage11deserializeEPc
 .text._ZN13RobotProtocol17FollowLineCommand12isContinuousEv
                0x00000000000019bc        0x4 ./src/robotProtocol/commands/FollowLineCommand.o
                0x00000000000019bc                _ZN13RobotProtocol17FollowLineCommand12isContinuousEv
 .text._ZN13RobotProtocol17FollowLineCommand16resetFromMessageEPNS_7MessageE
                0x00000000000019c0       0x36 ./src/robotProtocol/commands/FollowLineCommand.o
                0x00000000000019c0                _ZN13RobotProtocol17FollowLineCommand16resetFromMessageEPNS_7MessageE
 .text._ZN13RobotProtocol17FollowLineCommand5resetEv
                0x00000000000019f6       0x36 ./src/robotProtocol/commands/FollowLineCommand.o
                0x00000000000019f6                _ZN13RobotProtocol17FollowLineCommand5resetEv
 .text._ZN13RobotProtocol17FollowLineCommand7executeEi
                0x0000000000001a2c      0x192 ./src/robotProtocol/commands/FollowLineCommand.o
                0x0000000000001a2c                _ZN13RobotProtocol17FollowLineCommand7executeEi
 .text._ZN13RobotProtocol17FollowLineCommandD2Ev
                0x0000000000001bbe       0x10 ./src/robotProtocol/commands/FollowLineCommand.o
                0x0000000000001bbe                _ZN13RobotProtocol17FollowLineCommandD2Ev
                0x0000000000001bbe                _ZN13RobotProtocol17FollowLineCommandD1Ev
 .text._ZN13RobotProtocol17FollowLineCommandD0Ev
                0x0000000000001bce       0x20 ./src/robotProtocol/commands/FollowLineCommand.o
                0x0000000000001bce                _ZN13RobotProtocol17FollowLineCommandD0Ev
 .text._ZN13RobotProtocol17FollowLineCommandC2EPNS_2N6E
                0x0000000000001bee       0x28 ./src/robotProtocol/commands/FollowLineCommand.o
                0x0000000000001bee                _ZN13RobotProtocol17FollowLineCommandC1EPNS_2N6E
                0x0000000000001bee                _ZN13RobotProtocol17FollowLineCommandC2EPNS_2N6E
 .text._GLOBAL__I__ZN13RobotProtocol17FollowLineCommandC2EPNS_2N6E
                0x0000000000001c16       0x1a ./src/robotProtocol/commands/FollowLineCommand.o
 .text._GLOBAL__I__ZN13RobotProtocol20SendKeepAliveCommandC2EPNS_2N6EPNS_7MessageE
                0x0000000000001c30       0x1a ./src/robotProtocol/commands/SendKeepAliveCommand.o
 .text._ZN13RobotProtocol20SetMotorSpeedCommand12isContinuousEv
                0x0000000000001c4a        0x4 ./src/robotProtocol/commands/SetMotorSpeedCommand.o
                0x0000000000001c4a                _ZN13RobotProtocol20SetMotorSpeedCommand12isContinuousEv
 .text._ZN13RobotProtocol20SetMotorSpeedCommand5resetEv
                0x0000000000001c4e        0x8 ./src/robotProtocol/commands/SetMotorSpeedCommand.o
                0x0000000000001c4e                _ZN13RobotProtocol20SetMotorSpeedCommand5resetEv
 .text._ZN13RobotProtocol20SetMotorSpeedCommand7executeEi
                0x0000000000001c56        0x2 ./src/robotProtocol/commands/SetMotorSpeedCommand.o
                0x0000000000001c56                _ZN13RobotProtocol20SetMotorSpeedCommand7executeEi
 .text._ZN13RobotProtocol20SetMotorSpeedCommandD2Ev
                0x0000000000001c58       0x10 ./src/robotProtocol/commands/SetMotorSpeedCommand.o
                0x0000000000001c58                _ZN13RobotProtocol20SetMotorSpeedCommandD1Ev
                0x0000000000001c58                _ZN13RobotProtocol20SetMotorSpeedCommandD2Ev
 .text._ZN13RobotProtocol20SetMotorSpeedCommandD0Ev
                0x0000000000001c68       0x20 ./src/robotProtocol/commands/SetMotorSpeedCommand.o
                0x0000000000001c68                _ZN13RobotProtocol20SetMotorSpeedCommandD0Ev
 .text._ZN13RobotProtocol20SetMotorSpeedCommandC2EPNS_2N6E
                0x0000000000001c88       0x18 ./src/robotProtocol/commands/SetMotorSpeedCommand.o
                0x0000000000001c88                _ZN13RobotProtocol20SetMotorSpeedCommandC2EPNS_2N6E
                0x0000000000001c88                _ZN13RobotProtocol20SetMotorSpeedCommandC1EPNS_2N6E
 .text._ZN13RobotProtocol20SetMotorSpeedCommand12setLeftSpeedEi
                0x0000000000001ca0       0x2a ./src/robotProtocol/commands/SetMotorSpeedCommand.o
                0x0000000000001ca0                _ZN13RobotProtocol20SetMotorSpeedCommand12setLeftSpeedEi
 .text._ZN13RobotProtocol20SetMotorSpeedCommand13setRightSpeedEi
                0x0000000000001cca       0x2a ./src/robotProtocol/commands/SetMotorSpeedCommand.o
                0x0000000000001cca                _ZN13RobotProtocol20SetMotorSpeedCommand13setRightSpeedEi
 .text._ZN13RobotProtocol20SetMotorSpeedCommand16resetFromMessageEPNS_7MessageE
                0x0000000000001cf4       0x38 ./src/robotProtocol/commands/SetMotorSpeedCommand.o
                0x0000000000001cf4                _ZN13RobotProtocol20SetMotorSpeedCommand16resetFromMessageEPNS_7MessageE
 .text._GLOBAL__I__ZN13RobotProtocol20SetMotorSpeedCommandC2EPNS_2N6E
                0x0000000000001d2c       0x1a ./src/robotProtocol/commands/SetMotorSpeedCommand.o
 .text._ZN13RobotProtocol17TurnAroundCommand12isContinuousEv
                0x0000000000001d46        0x4 ./src/robotProtocol/commands/TurnAroundCommand.o
                0x0000000000001d46                _ZN13RobotProtocol17TurnAroundCommand12isContinuousEv
 .text._ZN13RobotProtocol17TurnAroundCommand16resetFromMessageEPNS_7MessageE
                0x0000000000001d4a       0x36 ./src/robotProtocol/commands/TurnAroundCommand.o
                0x0000000000001d4a                _ZN13RobotProtocol17TurnAroundCommand16resetFromMessageEPNS_7MessageE
 .text._ZN13RobotProtocol17TurnAroundCommand5resetEv
                0x0000000000001d80       0x32 ./src/robotProtocol/commands/TurnAroundCommand.o
                0x0000000000001d80                _ZN13RobotProtocol17TurnAroundCommand5resetEv
 .text._ZN13RobotProtocol17TurnAroundCommand7executeEi
                0x0000000000001db2      0x174 ./src/robotProtocol/commands/TurnAroundCommand.o
                0x0000000000001db2                _ZN13RobotProtocol17TurnAroundCommand7executeEi
 .text._ZN13RobotProtocol17TurnAroundCommandD2Ev
                0x0000000000001f26       0x10 ./src/robotProtocol/commands/TurnAroundCommand.o
                0x0000000000001f26                _ZN13RobotProtocol17TurnAroundCommandD2Ev
                0x0000000000001f26                _ZN13RobotProtocol17TurnAroundCommandD1Ev
 .text._ZN13RobotProtocol17TurnAroundCommandD0Ev
                0x0000000000001f36       0x20 ./src/robotProtocol/commands/TurnAroundCommand.o
                0x0000000000001f36                _ZN13RobotProtocol17TurnAroundCommandD0Ev
 .text._ZN13RobotProtocol17TurnAroundCommandC2EPNS_2N6E
                0x0000000000001f56       0x20 ./src/robotProtocol/commands/TurnAroundCommand.o
                0x0000000000001f56                _ZN13RobotProtocol17TurnAroundCommandC2EPNS_2N6E
                0x0000000000001f56                _ZN13RobotProtocol17TurnAroundCommandC1EPNS_2N6E
 .text._GLOBAL__I__ZN13RobotProtocol17TurnAroundCommandC2EPNS_2N6E
                0x0000000000001f76       0x1a ./src/robotProtocol/commands/TurnAroundCommand.o
 .text._ZN13RobotProtocol15TurnLeftCommand12isContinuousEv
                0x0000000000001f90        0x4 ./src/robotProtocol/commands/TurnLeftCommand.o
                0x0000000000001f90                _ZN13RobotProtocol15TurnLeftCommand12isContinuousEv
 .text._ZN13RobotProtocol15TurnLeftCommand16resetFromMessageEPNS_7MessageE
                0x0000000000001f94       0x36 ./src/robotProtocol/commands/TurnLeftCommand.o
                0x0000000000001f94                _ZN13RobotProtocol15TurnLeftCommand16resetFromMessageEPNS_7MessageE
 .text._ZN13RobotProtocol15TurnLeftCommand5resetEv
                0x0000000000001fca       0x32 ./src/robotProtocol/commands/TurnLeftCommand.o
                0x0000000000001fca                _ZN13RobotProtocol15TurnLeftCommand5resetEv
 .text._ZN13RobotProtocol15TurnLeftCommand7executeEi
                0x0000000000001ffc      0x146 ./src/robotProtocol/commands/TurnLeftCommand.o
                0x0000000000001ffc                _ZN13RobotProtocol15TurnLeftCommand7executeEi
 .text._ZN13RobotProtocol15TurnLeftCommandD2Ev
                0x0000000000002142       0x10 ./src/robotProtocol/commands/TurnLeftCommand.o
                0x0000000000002142                _ZN13RobotProtocol15TurnLeftCommandD1Ev
                0x0000000000002142                _ZN13RobotProtocol15TurnLeftCommandD2Ev
 .text._ZN13RobotProtocol15TurnLeftCommandD0Ev
                0x0000000000002152       0x20 ./src/robotProtocol/commands/TurnLeftCommand.o
                0x0000000000002152                _ZN13RobotProtocol15TurnLeftCommandD0Ev
 .text._ZN13RobotProtocol15TurnLeftCommandC2EPNS_2N6E
                0x0000000000002172       0x28 ./src/robotProtocol/commands/TurnLeftCommand.o
                0x0000000000002172                _ZN13RobotProtocol15TurnLeftCommandC1EPNS_2N6E
                0x0000000000002172                _ZN13RobotProtocol15TurnLeftCommandC2EPNS_2N6E
 .text._GLOBAL__I__ZN13RobotProtocol15TurnLeftCommandC2EPNS_2N6E
                0x000000000000219a       0x1a ./src/robotProtocol/commands/TurnLeftCommand.o
 .text._ZN13RobotProtocol16TurnRightCommand12isContinuousEv
                0x00000000000021b4        0x4 ./src/robotProtocol/commands/TurnRightCommand.o
                0x00000000000021b4                _ZN13RobotProtocol16TurnRightCommand12isContinuousEv
 .text._ZN13RobotProtocol16TurnRightCommand16resetFromMessageEPNS_7MessageE
                0x00000000000021b8       0x36 ./src/robotProtocol/commands/TurnRightCommand.o
                0x00000000000021b8                _ZN13RobotProtocol16TurnRightCommand16resetFromMessageEPNS_7MessageE
 .text._ZN13RobotProtocol16TurnRightCommand5resetEv
                0x00000000000021ee       0x32 ./src/robotProtocol/commands/TurnRightCommand.o
                0x00000000000021ee                _ZN13RobotProtocol16TurnRightCommand5resetEv
 .text._ZN13RobotProtocol16TurnRightCommand7executeEi
                0x0000000000002220      0x16e ./src/robotProtocol/commands/TurnRightCommand.o
                0x0000000000002220                _ZN13RobotProtocol16TurnRightCommand7executeEi
 .text._ZN13RobotProtocol16TurnRightCommandD2Ev
                0x000000000000238e       0x10 ./src/robotProtocol/commands/TurnRightCommand.o
                0x000000000000238e                _ZN13RobotProtocol16TurnRightCommandD1Ev
                0x000000000000238e                _ZN13RobotProtocol16TurnRightCommandD2Ev
 .text._ZN13RobotProtocol16TurnRightCommandD0Ev
                0x000000000000239e       0x20 ./src/robotProtocol/commands/TurnRightCommand.o
                0x000000000000239e                _ZN13RobotProtocol16TurnRightCommandD0Ev
 .text._ZN13RobotProtocol16TurnRightCommandC2EPNS_2N6E
                0x00000000000023be       0x28 ./src/robotProtocol/commands/TurnRightCommand.o
                0x00000000000023be                _ZN13RobotProtocol16TurnRightCommandC1EPNS_2N6E
                0x00000000000023be                _ZN13RobotProtocol16TurnRightCommandC2EPNS_2N6E
 .text._GLOBAL__I__ZN13RobotProtocol16TurnRightCommandC2EPNS_2N6E
                0x00000000000023e6       0x1a ./src/robotProtocol/commands/TurnRightCommand.o
 .text._ZN13RobotProtocol7CommandD2Ev
                0x0000000000002400        0xc ./src/robotProtocol/Command.o
                0x0000000000002400                _ZN13RobotProtocol7CommandD1Ev
                0x0000000000002400                _ZN13RobotProtocol7CommandD2Ev
 .text._ZN13RobotProtocol7CommandD0Ev
                0x000000000000240c       0x10 ./src/robotProtocol/Command.o
                0x000000000000240c                _ZN13RobotProtocol7CommandD0Ev
 .text._ZN13RobotProtocol7CommandC2EPNS_2N6E
                0x000000000000241c       0x12 ./src/robotProtocol/Command.o
                0x000000000000241c                _ZN13RobotProtocol7CommandC2EPNS_2N6E
                0x000000000000241c                _ZN13RobotProtocol7CommandC1EPNS_2N6E
 .text._ZN13RobotProtocol7Command6isDoneEv
                0x000000000000242e        0x6 ./src/robotProtocol/Command.o
                0x000000000000242e                _ZN13RobotProtocol7Command6isDoneEv
 .text._GLOBAL__I__ZN13RobotProtocol7CommandC2EPNS_2N6E
                0x0000000000002434       0x1a ./src/robotProtocol/Command.o
 .text._ZN13RobotProtocol7MessageD2Ev
                0x000000000000244e        0xc ./src/robotProtocol/Message.o
                0x000000000000244e                _ZN13RobotProtocol7MessageD2Ev
                0x000000000000244e                _ZN13RobotProtocol7MessageD1Ev
 .text._ZN13RobotProtocol7Message16getMessageLengthEv
                0x000000000000245a        0x6 ./src/robotProtocol/Message.o
                0x000000000000245a                _ZN13RobotProtocol7Message16getMessageLengthEv
 .text._ZN13RobotProtocol7MessageD0Ev
                0x0000000000002460       0x10 ./src/robotProtocol/Message.o
                0x0000000000002460                _ZN13RobotProtocol7MessageD0Ev
 .text._ZN13RobotProtocol7MessageC2Eiiiii
                0x0000000000002470       0x30 ./src/robotProtocol/Message.o
                0x0000000000002470                _ZN13RobotProtocol7MessageC1Eiiiii
                0x0000000000002470                _ZN13RobotProtocol7MessageC2Eiiiii
 .text._ZN13RobotProtocol7Message12getMessageIDEv
                0x00000000000024a0        0x8 ./src/robotProtocol/Message.o
                0x00000000000024a0                _ZN13RobotProtocol7Message12getMessageIDEv
 .text._ZN13RobotProtocol7Message12getToAddressEv
                0x00000000000024a8        0x8 ./src/robotProtocol/Message.o
                0x00000000000024a8                _ZN13RobotProtocol7Message12getToAddressEv
 .text._ZN13RobotProtocol7Message10readHeaderEPPc
                0x00000000000024b0      0x11a ./src/robotProtocol/Message.o
                0x00000000000024b0                _ZN13RobotProtocol7Message10readHeaderEPPc
 .text._ZN13RobotProtocol7Message10initializeEPc
                0x00000000000025ca       0x4a ./src/robotProtocol/Message.o
                0x00000000000025ca                _ZN13RobotProtocol7Message10initializeEPc
 .text._ZN13RobotProtocol7Message11writeHeaderEPPc
                0x0000000000002614       0xb8 ./src/robotProtocol/Message.o
                0x0000000000002614                _ZN13RobotProtocol7Message11writeHeaderEPPc
 .text._ZN13RobotProtocol7Message16serializeMessageEPc
                0x00000000000026cc       0x4a ./src/robotProtocol/Message.o
                0x00000000000026cc                _ZN13RobotProtocol7Message16serializeMessageEPc
 .text._ZN13RobotProtocol14MessageManagerD2Ev
                0x0000000000002716        0xc ./src/robotProtocol/MessageManager.o
                0x0000000000002716                _ZN13RobotProtocol14MessageManagerD1Ev
                0x0000000000002716                _ZN13RobotProtocol14MessageManagerD2Ev
 .text._ZN13RobotProtocol14MessageManagerD0Ev
                0x0000000000002722       0x10 ./src/robotProtocol/MessageManager.o
                0x0000000000002722                _ZN13RobotProtocol14MessageManagerD0Ev
 .text._ZN13RobotProtocol14MessageManagerC2EPNS_15MessageReceiverEPNS_13MessageSenderE
                0x0000000000002732       0x66 ./src/robotProtocol/MessageManager.o
                0x0000000000002732                _ZN13RobotProtocol14MessageManagerC2EPNS_15MessageReceiverEPNS_13MessageSenderE
                0x0000000000002732                _ZN13RobotProtocol14MessageManagerC1EPNS_15MessageReceiverEPNS_13MessageSenderE
 .text._ZN13RobotProtocol14MessageManager17hasPendingMessageEv
                0x0000000000002798       0x1a ./src/robotProtocol/MessageManager.o
                0x0000000000002798                _ZN13RobotProtocol14MessageManager17hasPendingMessageEv
 .text._ZN13RobotProtocol14MessageManager11sendMessageERNS_7MessageE
                0x00000000000027b2       0x9c ./src/robotProtocol/MessageManager.o
                0x00000000000027b2                _ZN13RobotProtocol14MessageManager11sendMessageERNS_7MessageE
 .text._ZN13RobotProtocol14MessageManager11getMidIndexEi
                0x000000000000284e       0x32 ./src/robotProtocol/MessageManager.o
                0x000000000000284e                _ZN13RobotProtocol14MessageManager11getMidIndexEi
 .text._ZN13RobotProtocol14MessageManager11deserializeEPci
                0x0000000000002880       0x86 ./src/robotProtocol/MessageManager.o
                0x0000000000002880                _ZN13RobotProtocol14MessageManager11deserializeEPci
 .text._ZN13RobotProtocol14MessageManager14getNextMessageEv
                0x0000000000002906       0x6c ./src/robotProtocol/MessageManager.o
                0x0000000000002906                _ZN13RobotProtocol14MessageManager14getNextMessageEv
 .text._ZN13RobotProtocol14MessageManager15addDeserializerEiPFPNS_7MessageEPcE
                0x0000000000002972       0x94 ./src/robotProtocol/MessageManager.o
                0x0000000000002972                _ZN13RobotProtocol14MessageManager15addDeserializerEiPFPNS_7MessageEPcE
 .text._ZN13RobotProtocol15MessageReceiverD2Ev
                0x0000000000002a06        0xc ./src/robotProtocol/MessageReceiver.o
                0x0000000000002a06                _ZN13RobotProtocol15MessageReceiverD2Ev
                0x0000000000002a06                _ZN13RobotProtocol15MessageReceiverD1Ev
 .text._ZN13RobotProtocol15MessageReceiverD0Ev
                0x0000000000002a12       0x10 ./src/robotProtocol/MessageReceiver.o
                0x0000000000002a12                _ZN13RobotProtocol15MessageReceiverD0Ev
 .text._ZN13RobotProtocol15MessageReceiverC2Ev
                0x0000000000002a22        0xc ./src/robotProtocol/MessageReceiver.o
                0x0000000000002a22                _ZN13RobotProtocol15MessageReceiverC1Ev
                0x0000000000002a22                _ZN13RobotProtocol15MessageReceiverC2Ev
 .text._ZN13RobotProtocol13MessageSenderD2Ev
                0x0000000000002a2e        0xc ./src/robotProtocol/MessageSender.o
                0x0000000000002a2e                _ZN13RobotProtocol13MessageSenderD1Ev
                0x0000000000002a2e                _ZN13RobotProtocol13MessageSenderD2Ev
 .text._ZN13RobotProtocol13MessageSenderD0Ev
                0x0000000000002a3a       0x10 ./src/robotProtocol/MessageSender.o
                0x0000000000002a3a                _ZN13RobotProtocol13MessageSenderD0Ev
 .text._ZN13RobotProtocol13MessageSenderC2Ev
                0x0000000000002a4a        0xc ./src/robotProtocol/MessageSender.o
                0x0000000000002a4a                _ZN13RobotProtocol13MessageSenderC1Ev
                0x0000000000002a4a                _ZN13RobotProtocol13MessageSenderC2Ev
 .text._ZN13RobotProtocol2N6D2Ev
                0x0000000000002a56        0xc ./src/robotProtocol/N6.o
                0x0000000000002a56                _ZN13RobotProtocol2N6D1Ev
                0x0000000000002a56                _ZN13RobotProtocol2N6D2Ev
 .text._ZN13RobotProtocol2N6D0Ev
                0x0000000000002a62       0x10 ./src/robotProtocol/N6.o
                0x0000000000002a62                _ZN13RobotProtocol2N6D0Ev
 .text._ZN13RobotProtocol2N610getRobotIdEv
                0x0000000000002a72        0xc ./src/robotProtocol/N6.o
                0x0000000000002a72                _ZN13RobotProtocol2N610getRobotIdEv
 .text._ZN13RobotProtocol2N611getMasterIdEv
                0x0000000000002a7e        0xc ./src/robotProtocol/N6.o
                0x0000000000002a7e                _ZN13RobotProtocol2N611getMasterIdEv
 .text._ZN13RobotProtocol2N69beepErrorEv
                0x0000000000002a8a       0x20 ./src/robotProtocol/N6.o
                0x0000000000002a8a                _ZN13RobotProtocol2N69beepErrorEv
 .text._ZN13RobotProtocol2N611beepConfirmEv
                0x0000000000002aaa       0x20 ./src/robotProtocol/N6.o
                0x0000000000002aaa                _ZN13RobotProtocol2N611beepConfirmEv
 .text._ZN13RobotProtocol2N6C2EPNS_14MessageManagerEii
                0x0000000000002aca       0xcc ./src/robotProtocol/N6.o
                0x0000000000002aca                _ZN13RobotProtocol2N6C1EPNS_14MessageManagerEii
                0x0000000000002aca                _ZN13RobotProtocol2N6C2EPNS_14MessageManagerEii
 .text._ZN13RobotProtocol2N611getMidIndexEi
                0x0000000000002b96       0x32 ./src/robotProtocol/N6.o
                0x0000000000002b96                _ZN13RobotProtocol2N611getMidIndexEi
 .text._ZN13RobotProtocol2N610addCommandEiPNS_7CommandE
                0x0000000000002bc8       0x94 ./src/robotProtocol/N6.o
                0x0000000000002bc8                _ZN13RobotProtocol2N610addCommandEiPNS_7CommandE
 .text._ZN13RobotProtocol2N610setCommandEi
                0x0000000000002c5c       0x92 ./src/robotProtocol/N6.o
                0x0000000000002c5c                _ZN13RobotProtocol2N610setCommandEi
 .text._ZN13RobotProtocol2N66updateEi
                0x0000000000002cee      0x296 ./src/robotProtocol/N6.o
                0x0000000000002cee                _ZN13RobotProtocol2N66updateEi
 .text._ZN13RobotProtocol2N617setLeftMotorSpeedEf
                0x0000000000002f84        0xa ./src/robotProtocol/N6.o
                0x0000000000002f84                _ZN13RobotProtocol2N617setLeftMotorSpeedEf
 .text._ZN13RobotProtocol2N618setRightMotorSpeedEf
                0x0000000000002f8e        0xa ./src/robotProtocol/N6.o
                0x0000000000002f8e                _ZN13RobotProtocol2N618setRightMotorSpeedEf
 .text._ZN13RobotProtocol2N615getLeftIRSensorEv
                0x0000000000002f98       0x16 ./src/robotProtocol/N6.o
                0x0000000000002f98                _ZN13RobotProtocol2N615getLeftIRSensorEv
 .text._ZN13RobotProtocol2N616getRightIRSensorEv
                0x0000000000002fae       0x16 ./src/robotProtocol/N6.o
                0x0000000000002fae                _ZN13RobotProtocol2N616getRightIRSensorEv
 .text._ZN13RobotProtocol2N611isGoingLeftEv
                0x0000000000002fc4       0x4c ./src/robotProtocol/N6.o
                0x0000000000002fc4                _ZN13RobotProtocol2N611isGoingLeftEv
 .text._ZN13RobotProtocol2N612isGoingRightEv
                0x0000000000003010       0x4c ./src/robotProtocol/N6.o
                0x0000000000003010                _ZN13RobotProtocol2N612isGoingRightEv
 .text._ZN13RobotProtocol2N69isOnWhiteEv
                0x000000000000305c       0x50 ./src/robotProtocol/N6.o
                0x000000000000305c                _ZN13RobotProtocol2N69isOnWhiteEv
 .text._ZN13RobotProtocol2N69isOnBlackEv
                0x00000000000030ac       0x4c ./src/robotProtocol/N6.o
                0x00000000000030ac                _ZN13RobotProtocol2N69isOnBlackEv
 .text._ZN13RobotProtocol2N68isOnGrayEv
                0x00000000000030f8      0x100 ./src/robotProtocol/N6.o
                0x00000000000030f8                _ZN13RobotProtocol2N68isOnGrayEv
 .text._ZN13RobotProtocol2N617getMessageManagerEv
                0x00000000000031f8        0x8 ./src/robotProtocol/N6.o
                0x00000000000031f8                _ZN13RobotProtocol2N617getMessageManagerEv
 .text._GLOBAL__I__ZN13RobotProtocol2N6C2EPNS_14MessageManagerEii
                0x0000000000003200       0x1a ./src/robotProtocol/N6.o
 .text._ZN13RobotProtocol20SerialSenderReceiver14getNextMessageEPcRi
                0x000000000000321a       0x68 ./src/robotProtocol/SerialSenderReceiver.o
                0x000000000000321a                _ZN13RobotProtocol20SerialSenderReceiver14getNextMessageEPcRi
 .text._ZN13RobotProtocol20SerialSenderReceiver11sendMessageEPci
                0x0000000000003282       0xc0 ./src/robotProtocol/SerialSenderReceiver.o
                0x0000000000003282                _ZN13RobotProtocol20SerialSenderReceiver11sendMessageEPci
 .text._ZN13RobotProtocol20SerialSenderReceiver17hasPendingMessageEv
                0x0000000000003342      0x15c ./src/robotProtocol/SerialSenderReceiver.o
                0x0000000000003342                _ZN13RobotProtocol20SerialSenderReceiver17hasPendingMessageEv
 .text._ZN13RobotProtocol20SerialSenderReceiverD2Ev
                0x000000000000349e       0x28 ./src/robotProtocol/SerialSenderReceiver.o
                0x000000000000349e                _ZN13RobotProtocol20SerialSenderReceiverD2Ev
                0x000000000000349e                _ZN13RobotProtocol20SerialSenderReceiverD1Ev
 .text._ZN13RobotProtocol20SerialSenderReceiverD0Ev
                0x00000000000034c6       0x16 ./src/robotProtocol/SerialSenderReceiver.o
                0x00000000000034c6                _ZN13RobotProtocol20SerialSenderReceiverD0Ev
 .text._ZN13RobotProtocol20SerialSenderReceiverC2Ev
                0x00000000000034dc       0x3e ./src/robotProtocol/SerialSenderReceiver.o
                0x00000000000034dc                _ZN13RobotProtocol20SerialSenderReceiverC1Ev
                0x00000000000034dc                _ZN13RobotProtocol20SerialSenderReceiverC2Ev
 .text._GLOBAL__I__ZN13RobotProtocol20SerialSenderReceiverC2Ev
                0x000000000000351a       0x1a ./src/robotProtocol/SerialSenderReceiver.o
 .text._ZThn2_N13RobotProtocol20SerialSenderReceiverD0Ev
                0x0000000000003534        0x8 ./src/robotProtocol/SerialSenderReceiver.o
                0x0000000000003534                _ZThn2_N13RobotProtocol20SerialSenderReceiverD0Ev
 .text._ZThn2_N13RobotProtocol20SerialSenderReceiverD1Ev
                0x000000000000353c        0x8 ./src/robotProtocol/SerialSenderReceiver.o
                0x000000000000353c                _ZThn2_N13RobotProtocol20SerialSenderReceiverD1Ev
 .text._ZThn2_N13RobotProtocol20SerialSenderReceiver17hasPendingMessageEv
                0x0000000000003544        0x8 ./src/robotProtocol/SerialSenderReceiver.o
                0x0000000000003544                _ZThn2_N13RobotProtocol20SerialSenderReceiver17hasPendingMessageEv
 .text._ZThn2_N13RobotProtocol20SerialSenderReceiver14getNextMessageEPcRi
                0x000000000000354c        0x8 ./src/robotProtocol/SerialSenderReceiver.o
                0x000000000000354c                _ZThn2_N13RobotProtocol20SerialSenderReceiver14getNextMessageEPcRi
 .text.Endpoint_ConfigureEndpoint_Prv
                0x0000000000003554       0x26 ./src/DuinoBotKids.v1.xx_0022/LUFA/Drivers/USB/LowLevel/Endpoint.o
                0x0000000000003554                Endpoint_ConfigureEndpoint_Prv
 .text.Endpoint_ClearStatusStage
                0x000000000000357a       0x42 ./src/DuinoBotKids.v1.xx_0022/LUFA/Drivers/USB/LowLevel/Endpoint.o
                0x000000000000357a                Endpoint_ClearStatusStage
 .text.Endpoint_WaitUntilReady
                0x00000000000035bc       0x64 ./src/DuinoBotKids.v1.xx_0022/LUFA/Drivers/USB/LowLevel/Endpoint.o
                0x00000000000035bc                Endpoint_WaitUntilReady
 .text.USB_ResetInterface
                0x0000000000003620       0x9a ./src/DuinoBotKids.v1.xx_0022/LUFA/Drivers/USB/LowLevel/USBController.o
                0x0000000000003620                USB_ResetInterface
 .text.USB_Init
                0x00000000000036ba       0x16 ./src/DuinoBotKids.v1.xx_0022/LUFA/Drivers/USB/LowLevel/USBController.o
                0x00000000000036ba                USB_Init
 .text.USB_INT_DisableAllInterrupts
                0x00000000000036d0       0x10 ./src/DuinoBotKids.v1.xx_0022/LUFA/Drivers/USB/LowLevel/USBInterrupt.o
                0x00000000000036d0                USB_INT_DisableAllInterrupts
 .text.USB_INT_ClearAllInterrupts
                0x00000000000036e0        0xa ./src/DuinoBotKids.v1.xx_0022/LUFA/Drivers/USB/LowLevel/USBInterrupt.o
                0x00000000000036e0                USB_INT_ClearAllInterrupts
 .text.__vector_10
                0x00000000000036ea      0x192 ./src/DuinoBotKids.v1.xx_0022/LUFA/Drivers/USB/LowLevel/USBInterrupt.o
                0x00000000000036ea                __vector_10
 .text.USB_Device_ProcessControlRequest
                0x000000000000387c      0x250 ./src/DuinoBotKids.v1.xx_0022/LUFA/Drivers/USB/HighLevel/DeviceStandardReq.o
                0x000000000000387c                USB_Device_ProcessControlRequest
 .text.Endpoint_Write_Control_Stream_LE
                0x0000000000003acc       0xb8 ./src/DuinoBotKids.v1.xx_0022/LUFA/Drivers/USB/HighLevel/EndpointStream.o
                0x0000000000003acc                Endpoint_Write_Control_Stream_LE
 .text.Endpoint_Write_Control_PStream_LE
                0x0000000000003b84       0xbc ./src/DuinoBotKids.v1.xx_0022/LUFA/Drivers/USB/HighLevel/EndpointStream.o
                0x0000000000003b84                Endpoint_Write_Control_PStream_LE
 .text.Endpoint_Read_Control_Stream_LE
                0x0000000000003c40       0x80 ./src/DuinoBotKids.v1.xx_0022/LUFA/Drivers/USB/HighLevel/EndpointStream.o
                0x0000000000003c40                Endpoint_Read_Control_Stream_LE
 .text.USB_Event_Stub
                0x0000000000003cc0        0x2 ./src/DuinoBotKids.v1.xx_0022/LUFA/Drivers/USB/HighLevel/Events.o
                0x0000000000003cc0                EVENT_USB_Device_WakeUp
                0x0000000000003cc0                USB_Event_Stub
                0x0000000000003cc0                EVENT_USB_Device_Suspend
                0x0000000000003cc0                EVENT_USB_Device_StartOfFrame
                0x0000000000003cc0                EVENT_USB_Device_Reset
 .text.USB_USBTask
                0x0000000000003cc2       0x28 ./src/DuinoBotKids.v1.xx_0022/LUFA/Drivers/USB/HighLevel/USBTask.o
                0x0000000000003cc2                USB_USBTask
 .text.CDC_Device_Event_Stub
                0x0000000000003cea        0x2 ./src/DuinoBotKids.v1.xx_0022/LUFA/Drivers/USB/Class/Device/CDC.o
                0x0000000000003cea                EVENT_CDC_Device_LineEncodingChanged
                0x0000000000003cea                EVENT_CDC_Device_BreakSent
                0x0000000000003cea                CDC_Device_Event_Stub
 .text.CDC_Device_ProcessControlRequest
                0x0000000000003cec       0xe8 ./src/DuinoBotKids.v1.xx_0022/LUFA/Drivers/USB/Class/Device/CDC.o
                0x0000000000003cec                CDC_Device_ProcessControlRequest
 .text.CDC_Device_ConfigureEndpoints
                0x0000000000003dd4       0x98 ./src/DuinoBotKids.v1.xx_0022/LUFA/Drivers/USB/Class/Device/CDC.o
                0x0000000000003dd4                CDC_Device_ConfigureEndpoints
 .text.CDC_Device_SendByte
                0x0000000000003e6c       0x5c ./src/DuinoBotKids.v1.xx_0022/LUFA/Drivers/USB/Class/Device/CDC.o
                0x0000000000003e6c                CDC_Device_SendByte
 .text.CDC_Device_Flush
                0x0000000000003ec8       0x6a ./src/DuinoBotKids.v1.xx_0022/LUFA/Drivers/USB/Class/Device/CDC.o
                0x0000000000003ec8                CDC_Device_Flush
 .text.CDC_Device_USBTask
                0x0000000000003f32       0x22 ./src/DuinoBotKids.v1.xx_0022/LUFA/Drivers/USB/Class/Device/CDC.o
                0x0000000000003f32                CDC_Device_USBTask
 .text.CDC_Device_ReceiveByte
                0x0000000000003f54       0x76 ./src/DuinoBotKids.v1.xx_0022/LUFA/Drivers/USB/Class/Device/CDC.o
                0x0000000000003f54                CDC_Device_ReceiveByte
 .text._ZN7DCMotorC1Eiiib
                0x0000000000003fca       0x72 ./src/DuinoBotKids.v1.xx_0022/DCMotor/DCMotor.o
                0x0000000000003fca                _ZN7DCMotorC1Eiiib
 .text._ZN7DCMotor8setSpeedEf
                0x000000000000403c      0x17a ./src/DuinoBotKids.v1.xx_0022/DCMotor/DCMotor.o
                0x000000000000403c                _ZN7DCMotor8setSpeedEf
 .text._ZN7DCMotor12setClockwiseEb
                0x00000000000041b6       0x18 ./src/DuinoBotKids.v1.xx_0022/DCMotor/DCMotor.o
                0x00000000000041b6                _ZN7DCMotor12setClockwiseEb
 .text._GLOBAL__I__ZN7DCMotor8setSpeedEf
                0x00000000000041ce       0x48 ./src/DuinoBotKids.v1.xx_0022/DCMotor/DCMotor.o
 .text._ZN9CDCSerial5writeEPKc
                0x0000000000004216        0x8 ./src/DuinoBotKids.v1.xx_0022/CDCSerial.o
                0x0000000000004216                _ZN9CDCSerial5writeEPKc
 .text._ZN9CDCSerial5writeEPKhj
                0x000000000000421e        0x8 ./src/DuinoBotKids.v1.xx_0022/CDCSerial.o
                0x000000000000421e                _ZN9CDCSerial5writeEPKhj
 .text._ZN9CDCSerial5writeEh
                0x0000000000004226       0x22 ./src/DuinoBotKids.v1.xx_0022/CDCSerial.o
                0x0000000000004226                _ZN9CDCSerial5writeEh
 .text._Z10store_charhP11ring_buffer
                0x0000000000004248       0x46 ./src/DuinoBotKids.v1.xx_0022/CDCSerial.o
                0x0000000000004248                _Z10store_charhP11ring_buffer
 .text._ZN9CDCSerial5storeEc
                0x000000000000428e        0xc ./src/DuinoBotKids.v1.xx_0022/CDCSerial.o
                0x000000000000428e                _ZN9CDCSerial5storeEc
 .text._ZN9CDCSerial5beginEl
                0x000000000000429a        0x2 ./src/DuinoBotKids.v1.xx_0022/CDCSerial.o
                0x000000000000429a                _ZN9CDCSerial5beginEl
 .text._GLOBAL__I_rx_buffer_cdc
                0x000000000000429c       0x1a ./src/DuinoBotKids.v1.xx_0022/CDCSerial.o
 .text.__cxa_pure_virtual
                0x00000000000042b6        0x2 ./src/DuinoBotKids.v1.xx_0022/CPPLib.o
                0x00000000000042b6                __cxa_pure_virtual
 .text._ZdlPv   0x00000000000042b8        0xa ./src/DuinoBotKids.v1.xx_0022/CPPLib.o
                0x00000000000042b8                _ZdlPv
 .text._Znwj    0x00000000000042c2        0x6 ./src/DuinoBotKids.v1.xx_0022/CPPLib.o
                0x00000000000042c2                _Znwj
 .text.CALLBACK_USB_GetDescriptor
                0x00000000000042c8       0x48 ./src/DuinoBotKids.v1.xx_0022/Descriptors.o
                0x00000000000042c8                CALLBACK_USB_GetDescriptor
 .text._ZN14HardwareSerial9availableEv
                0x0000000000004310       0x26 ./src/DuinoBotKids.v1.xx_0022/HardwareSerial.o
                0x0000000000004310                _ZN14HardwareSerial9availableEv
 .text._ZN14HardwareSerial4peekEv
                0x0000000000004336       0x34 ./src/DuinoBotKids.v1.xx_0022/HardwareSerial.o
                0x0000000000004336                _ZN14HardwareSerial4peekEv
 .text._ZN14HardwareSerial4readEv
                0x000000000000436a       0x44 ./src/DuinoBotKids.v1.xx_0022/HardwareSerial.o
                0x000000000000436a                _ZN14HardwareSerial4readEv
 .text._ZN14HardwareSerial5flushEv
                0x00000000000043ae       0x22 ./src/DuinoBotKids.v1.xx_0022/HardwareSerial.o
                0x00000000000043ae                _ZN14HardwareSerial5flushEv
 .text._ZN14HardwareSerial5writeEh
                0x00000000000043d0       0x26 ./src/DuinoBotKids.v1.xx_0022/HardwareSerial.o
                0x00000000000043d0                _ZN14HardwareSerial5writeEh
 .text.__vector_25
                0x00000000000043f6       0x50 ./src/DuinoBotKids.v1.xx_0022/HardwareSerial.o
                0x00000000000043f6                __vector_25
 .text._ZN14HardwareSerial5beginEl
                0x0000000000004446       0xb2 ./src/DuinoBotKids.v1.xx_0022/HardwareSerial.o
                0x0000000000004446                _ZN14HardwareSerial5beginEl
 .text._GLOBAL__I_rx_buffer1
                0x00000000000044f8       0x74 ./src/DuinoBotKids.v1.xx_0022/HardwareSerial.o
 .text._ZN5Print5writeEPKc
                0x000000000000456c       0x32 ./src/DuinoBotKids.v1.xx_0022/Print.o
                0x000000000000456c                _ZN5Print5writeEPKc
 .text._ZN5Print5writeEPKhj
                0x000000000000459e       0x3e ./src/DuinoBotKids.v1.xx_0022/Print.o
                0x000000000000459e                _ZN5Print5writeEPKhj
 .text._Z4tonehjm
                0x00000000000045dc      0x550 ./src/DuinoBotKids.v1.xx_0022/Tone.o
                0x00000000000045dc                _Z4tonehjm
 .text._Z12disableTimerh
                0x0000000000004b2c       0x66 ./src/DuinoBotKids.v1.xx_0022/Tone.o
                0x0000000000004b2c                _Z12disableTimerh
 .text.__vector_21
                0x0000000000004b92       0xca ./src/DuinoBotKids.v1.xx_0022/Tone.o
                0x0000000000004b92                __vector_21
 .text.__vector_17
                0x0000000000004c5c       0xca ./src/DuinoBotKids.v1.xx_0022/Tone.o
                0x0000000000004c5c                __vector_17
 .text.CDC_Send
                0x0000000000004d26       0x2a ./src/DuinoBotKids.v1.xx_0022/VirtualSerial.o
                0x0000000000004d26                CDC_Send
 .text.__vector_12
                0x0000000000004d50       0x7a ./src/DuinoBotKids.v1.xx_0022/VirtualSerial.o
                0x0000000000004d50                __vector_12
 .text.EVENT_USB_Device_Connect
                0x0000000000004dca        0x2 ./src/DuinoBotKids.v1.xx_0022/VirtualSerial.o
                0x0000000000004dca                EVENT_USB_Device_Connect
 .text.EVENT_USB_Device_Disconnect
                0x0000000000004dcc        0x2 ./src/DuinoBotKids.v1.xx_0022/VirtualSerial.o
                0x0000000000004dcc                EVENT_USB_Device_Disconnect
 .text.EVENT_USB_Device_ConfigurationChanged
                0x0000000000004dce        0xa ./src/DuinoBotKids.v1.xx_0022/VirtualSerial.o
                0x0000000000004dce                EVENT_USB_Device_ConfigurationChanged
 .text.EVENT_USB_Device_UnhandledControlRequest
                0x0000000000004dd8        0xa ./src/DuinoBotKids.v1.xx_0022/VirtualSerial.o
                0x0000000000004dd8                EVENT_USB_Device_UnhandledControlRequest
 .text.EVENT_CDC_Device_ControLineStateChanged
                0x0000000000004de2       0x86 ./src/DuinoBotKids.v1.xx_0022/VirtualSerial.o
                0x0000000000004de2                EVENT_CDC_Device_ControLineStateChanged
 .text.__vector_1
                0x0000000000004e68       0x5a ./src/DuinoBotKids.v1.xx_0022/WInterrupts.o
                0x0000000000004e68                __vector_1
 .text.__vector_2
                0x0000000000004ec2       0x5a ./src/DuinoBotKids.v1.xx_0022/WInterrupts.o
                0x0000000000004ec2                __vector_2
 .text.__vector_3
                0x0000000000004f1c       0x5a ./src/DuinoBotKids.v1.xx_0022/WInterrupts.o
                0x0000000000004f1c                __vector_3
 .text.__vector_4
                0x0000000000004f76       0x5a ./src/DuinoBotKids.v1.xx_0022/WInterrupts.o
                0x0000000000004f76                __vector_4
 .text._GLOBAL__I__ZN6StringC2EPKc
                0x0000000000004fd0       0x1a ./src/DuinoBotKids.v1.xx_0022/WString.o
 .text.__vector_23
                0x0000000000004fea       0x90 ./src/DuinoBotKids.v1.xx_0022/wiring.o
                0x0000000000004fea                __vector_23
 .text.micros   0x000000000000507a       0x4c ./src/DuinoBotKids.v1.xx_0022/wiring.o
                0x000000000000507a                micros
 .text.delay    0x00000000000050c6       0x4e ./src/DuinoBotKids.v1.xx_0022/wiring.o
                0x00000000000050c6                delay
 .text.init     0x0000000000005114      0x130 ./src/DuinoBotKids.v1.xx_0022/wiring.o
                0x0000000000005114                init
 .text.analogRead
                0x0000000000005244       0x72 ./src/DuinoBotKids.v1.xx_0022/wiring_analog.o
                0x0000000000005244                analogRead
 .text.analogWrite
                0x00000000000052b6      0x14a ./src/DuinoBotKids.v1.xx_0022/wiring_analog.o
                0x00000000000052b6                analogWrite
 .text.turnOffPWM
                0x0000000000005400       0xae ./src/DuinoBotKids.v1.xx_0022/wiring_digital.o
 .text.pinMode  0x00000000000054ae       0x48 ./src/DuinoBotKids.v1.xx_0022/wiring_digital.o
                0x00000000000054ae                pinMode
 .text.digitalWrite
                0x00000000000054f6       0x74 ./src/DuinoBotKids.v1.xx_0022/wiring_digital.o
                0x00000000000054f6                digitalWrite
 .text._Z12setupProgramPN13RobotProtocol14MessageManagerE
                0x000000000000556a       0xc4 ./src/main.o
                0x000000000000556a                _Z12setupProgramPN13RobotProtocol14MessageManagerE
 .text.main     0x000000000000562e      0x126 ./src/main.o
                0x000000000000562e                main
 .text._GLOBAL__I__Z12printMessagePN13RobotProtocol7MessageEPNS_14MessageManagerE
                0x0000000000005754       0x1a ./src/main.o
 .text.libgcc   0x000000000000576e       0x3e /usr/lib/gcc/avr/4.5.3/avr5/libgcc.a(_mulsi3.o)
                0x000000000000576e                __mulsi3
 .text.libgcc   0x00000000000057ac       0x26 /usr/lib/gcc/avr/4.5.3/avr5/libgcc.a(_divmodhi4.o)
                0x00000000000057ac                __divmodhi4
                0x00000000000057ac                _div
 .text.libgcc   0x00000000000057d2       0x44 /usr/lib/gcc/avr/4.5.3/avr5/libgcc.a(_udivmodsi4.o)
                0x00000000000057d2                __udivmodsi4
 .text.libgcc   0x0000000000005816       0x28 /usr/lib/gcc/avr/4.5.3/avr5/libgcc.a(_udivmodhi4.o)
                0x0000000000005816                __udivmodhi4
 .text.libgcc   0x000000000000583e       0x38 /usr/lib/gcc/avr/4.5.3/avr5/libgcc.a(_prologue.o)
                0x000000000000583e                __prologue_saves__
 .text.libgcc   0x0000000000005876       0x36 /usr/lib/gcc/avr/4.5.3/avr5/libgcc.a(_epilogue.o)
                0x0000000000005876                __epilogue_restores__
 .text.libgcc   0x00000000000058ac        0xc /usr/lib/gcc/avr/4.5.3/avr5/libgcc.a(_tablejump.o)
                0x00000000000058ac                __tablejump2__
                0x00000000000058b0                __tablejump__
 .text.avr-libc
                0x00000000000058b8      0x266 /usr/lib/gcc/avr/4.5.3/../../../avr/lib/avr5/libc.a(malloc.o)
                0x00000000000058b8                malloc
                0x00000000000059ec                free
 .text.avr-libc
                0x0000000000005b1e      0x25a /usr/lib/gcc/avr/4.5.3/../../../avr/lib/avr5/libc.a(strtol.o)
                0x0000000000005b1e                strtol
 .text.avr-libc
                0x0000000000005d78       0x10 /usr/lib/gcc/avr/4.5.3/../../../avr/lib/avr5/libc.a(isspace.o)
                0x0000000000005d78                isspace
 .text.avr-libc
                0x0000000000005d88       0x2a /usr/lib/gcc/avr/4.5.3/../../../avr/lib/avr5/libc.a(printf.o)
                0x0000000000005d88                printf
 .text.avr-libc
                0x0000000000005db2       0x46 /usr/lib/gcc/avr/4.5.3/../../../avr/lib/avr5/libc.a(sprintf.o)
                0x0000000000005db2                sprintf
 .text.avr-libc
                0x0000000000005df8      0x3ce /usr/lib/gcc/avr/4.5.3/../../../avr/lib/avr5/libc.a(vfprintf_std.o)
                0x0000000000005df8                vfprintf
 .text.avr-libc
                0x00000000000061c6        0x6 /usr/lib/gcc/avr/4.5.3/../../../avr/lib/avr5/libc.a(cty_isfalse.o)
                0x00000000000061c6                __ctype_isfalse
                0x00000000000061ca                __ctype_istrue
 .text.avr-libc
                0x00000000000061cc       0x16 /usr/lib/gcc/avr/4.5.3/../../../avr/lib/avr5/libc.a(strnlen_P.o)
                0x00000000000061cc                strnlen_P
 .text.avr-libc
                0x00000000000061e2       0x16 /usr/lib/gcc/avr/4.5.3/../../../avr/lib/avr5/libc.a(strnlen.o)
                0x00000000000061e2                strnlen
 .text.avr-libc
                0x00000000000061f8       0x58 /usr/lib/gcc/avr/4.5.3/../../../avr/lib/avr5/libc.a(fputc.o)
                0x00000000000061f8                fputc
 .text.avr-libc
                0x0000000000006250       0xbc /usr/lib/gcc/avr/4.5.3/../../../avr/lib/avr5/libc.a(ultoa_invert.o)
                0x0000000000006250                __ultoa_invert
                0x000000000000630c                . = ALIGN (0x2)
 *(.fini9)
 .fini9         0x000000000000630c        0x0 /usr/lib/gcc/avr/4.5.3/avr5/libgcc.a(_exit.o)
                0x000000000000630c                exit
                0x000000000000630c                _exit
 *(.fini9)
 *(.fini8)
 *(.fini8)
 *(.fini7)
 *(.fini7)
 *(.fini6)
 *(.fini6)
 *(.fini5)
 *(.fini5)
 *(.fini4)
 *(.fini4)
 *(.fini3)
 *(.fini3)
 *(.fini2)
 *(.fini2)
 *(.fini1)
 *(.fini1)
 *(.fini0)
 .fini0         0x000000000000630c        0x4 /usr/lib/gcc/avr/4.5.3/avr5/libgcc.a(_exit.o)
 *(.fini0)
                0x0000000000006310                _etext = .

.data           0x0000000000800100      0x3b2 load address 0x0000000000006310
                0x0000000000800100                PROVIDE (__data_start, .)
 *(.data)
 .data          0x0000000000800100        0x5 ./src/robotProtocol/messages/CommandAcceptedMessage.o
 .data          0x0000000000800105        0x9 ./src/robotProtocol/messages/CommandErrorMessage.o
 .data          0x000000000080010e        0x5 ./src/robotProtocol/messages/KeepAliveMessage.o
 .data          0x0000000000800113        0x9 ./src/robotProtocol/messages/SetMotorSpeedMessage.o
 .data          0x000000000080011c       0x22 ./src/robotProtocol/Message.o
 .data          0x000000000080013e       0x68 ./src/robotProtocol/MessageManager.o
 .data          0x00000000008001a6       0x60 ./src/robotProtocol/N6.o
 .data          0x0000000000800206        0x8 /usr/lib/gcc/avr/4.5.3/avr5/libgcc.a(_thenan_sf.o)
                0x0000000000800206                __thenan_sf
 .data          0x000000000080020e      0x100 /usr/lib/gcc/avr/4.5.3/avr5/libgcc.a(_clz.o)
                0x000000000080020e                __clz_tab
 .data          0x000000000080030e        0x6 /usr/lib/gcc/avr/4.5.3/../../../avr/lib/avr5/libc.a(malloc.o)
                0x000000000080030e                __malloc_margin
                0x0000000000800310                __malloc_heap_start
                0x0000000000800312                __malloc_heap_end
 *(.data*)
 .data._ZN13RobotProtocol7Message18MESSAGE_HEAD_VALUEE
                0x0000000000800314        0x2 ./src/robotProtocol/Message.o
                0x0000000000800314                _ZN13RobotProtocol7Message18MESSAGE_HEAD_VALUEE
 .data._ZL9tone_pins
                0x0000000000800316        0x1 ./src/DuinoBotKids.v1.xx_0022/Tone.o
 .data.VirtualSerial_CDC_Interface
                0x0000000000800317       0x16 ./src/DuinoBotKids.v1.xx_0022/VirtualSerial.o
                0x0000000000800317                VirtualSerial_CDC_Interface
 .data.DTR_old  0x000000000080032d        0x2 ./src/DuinoBotKids.v1.xx_0022/VirtualSerial.o
                0x000000000080032d                DTR_old
 .data.DTR      0x000000000080032f        0x2 ./src/DuinoBotKids.v1.xx_0022/VirtualSerial.o
                0x000000000080032f                DTR
 .data.analog_reference
                0x0000000000800331        0x1 ./src/DuinoBotKids.v1.xx_0022/wiring_analog.o
                0x0000000000800331                analog_reference
 *(.rodata)
 *(.rodata*)
 .rodata._ZTVN13RobotProtocol22CommandAcceptedMessageE
                0x0000000000800332        0xe ./src/robotProtocol/messages/CommandAcceptedMessage.o
                0x0000000000800332                _ZTVN13RobotProtocol22CommandAcceptedMessageE
 .rodata._ZTVN13RobotProtocol19CommandErrorMessageE
                0x0000000000800340        0xe ./src/robotProtocol/messages/CommandErrorMessage.o
                0x0000000000800340                _ZTVN13RobotProtocol19CommandErrorMessageE
 .rodata._ZTVN13RobotProtocol36CommunicationStartAcknowledgeMessageE
                0x000000000080034e        0xe ./src/robotProtocol/messages/CommunicationStartAcknowledgeMessage.o
                0x000000000080034e                _ZTVN13RobotProtocol36CommunicationStartAcknowledgeMessageE
 .rodata._ZTVN13RobotProtocol25CommunicationStartMessageE
                0x000000000080035c        0xe ./src/robotProtocol/messages/CommunicationStartMessage.o
                0x000000000080035c                _ZTVN13RobotProtocol25CommunicationStartMessageE
 .rodata._ZTVN13RobotProtocol24CommunicationStopMessageE
                0x000000000080036a        0xe ./src/robotProtocol/messages/CommunicationStopMessage.o
                0x000000000080036a                _ZTVN13RobotProtocol24CommunicationStopMessageE
 .rodata._ZTVN13RobotProtocol25DestinationReachedMessageE
                0x0000000000800378        0xe ./src/robotProtocol/messages/DestinationReachedMessage.o
                0x0000000000800378                _ZTVN13RobotProtocol25DestinationReachedMessageE
 .rodata._ZTVN13RobotProtocol17FollowLineMessageE
                0x0000000000800386        0xe ./src/robotProtocol/messages/FollowLineMessage.o
                0x0000000000800386                _ZTVN13RobotProtocol17FollowLineMessageE
 .rodata._ZTVN13RobotProtocol16KeepAliveMessageE
                0x0000000000800394        0xe ./src/robotProtocol/messages/KeepAliveMessage.o
                0x0000000000800394                _ZTVN13RobotProtocol16KeepAliveMessageE
 .rodata._ZTVN13RobotProtocol16RobotLostMessageE
                0x00000000008003a2        0xe ./src/robotProtocol/messages/RobotLostMessage.o
                0x00000000008003a2                _ZTVN13RobotProtocol16RobotLostMessageE
 .rodata._ZTVN13RobotProtocol20SetMotorSpeedMessageE
                0x00000000008003b0        0xe ./src/robotProtocol/messages/SetMotorSpeedMessage.o
                0x00000000008003b0                _ZTVN13RobotProtocol20SetMotorSpeedMessageE
 .rodata._ZTVN13RobotProtocol17TurnAroundMessageE
                0x00000000008003be        0xe ./src/robotProtocol/messages/TurnAroundMessage.o
                0x00000000008003be                _ZTVN13RobotProtocol17TurnAroundMessageE
 .rodata._ZTVN13RobotProtocol15TurnLeftMessageE
                0x00000000008003cc        0xe ./src/robotProtocol/messages/TurnLeftMessage.o
                0x00000000008003cc                _ZTVN13RobotProtocol15TurnLeftMessageE
 .rodata._ZTVN13RobotProtocol16TurnRightMessageE
                0x00000000008003da        0xe ./src/robotProtocol/messages/TurnRightMessage.o
                0x00000000008003da                _ZTVN13RobotProtocol16TurnRightMessageE
 .rodata._ZTVN13RobotProtocol17FollowLineCommandE
                0x00000000008003e8       0x10 ./src/robotProtocol/commands/FollowLineCommand.o
                0x00000000008003e8                _ZTVN13RobotProtocol17FollowLineCommandE
 .rodata._ZTVN13RobotProtocol20SetMotorSpeedCommandE
                0x00000000008003f8       0x10 ./src/robotProtocol/commands/SetMotorSpeedCommand.o
                0x00000000008003f8                _ZTVN13RobotProtocol20SetMotorSpeedCommandE
 .rodata._ZTVN13RobotProtocol17TurnAroundCommandE
                0x0000000000800408       0x10 ./src/robotProtocol/commands/TurnAroundCommand.o
                0x0000000000800408                _ZTVN13RobotProtocol17TurnAroundCommandE
 .rodata._ZTVN13RobotProtocol15TurnLeftCommandE
                0x0000000000800418       0x10 ./src/robotProtocol/commands/TurnLeftCommand.o
                0x0000000000800418                _ZTVN13RobotProtocol15TurnLeftCommandE
 .rodata._ZTVN13RobotProtocol16TurnRightCommandE
                0x0000000000800428       0x10 ./src/robotProtocol/commands/TurnRightCommand.o
                0x0000000000800428                _ZTVN13RobotProtocol16TurnRightCommandE
 .rodata._ZTVN13RobotProtocol7CommandE
                0x0000000000800438       0x10 ./src/robotProtocol/Command.o
                0x0000000000800438                _ZTVN13RobotProtocol7CommandE
 .rodata._ZTVN13RobotProtocol7MessageE
                0x0000000000800448        0xe ./src/robotProtocol/Message.o
                0x0000000000800448                _ZTVN13RobotProtocol7MessageE
 .rodata._ZTVN13RobotProtocol14MessageManagerE
                0x0000000000800456        0x8 ./src/robotProtocol/MessageManager.o
                0x0000000000800456                _ZTVN13RobotProtocol14MessageManagerE
 .rodata._ZTVN13RobotProtocol15MessageReceiverE
                0x000000000080045e        0xc ./src/robotProtocol/MessageReceiver.o
                0x000000000080045e                _ZTVN13RobotProtocol15MessageReceiverE
 .rodata._ZTVN13RobotProtocol13MessageSenderE
                0x000000000080046a        0xa ./src/robotProtocol/MessageSender.o
                0x000000000080046a                _ZTVN13RobotProtocol13MessageSenderE
 .rodata._ZTVN13RobotProtocol2N6E
                0x0000000000800474        0x8 ./src/robotProtocol/N6.o
                0x0000000000800474                _ZTVN13RobotProtocol2N6E
 .rodata._ZTVN13RobotProtocol20SerialSenderReceiverE
                0x000000000080047c       0x1a ./src/robotProtocol/SerialSenderReceiver.o